Archive member included because of file (symbol)

C:\Program Files (x86)\VEX Robotics\VEXcode\sdk/vexv5\libv5rt.a(v5_startup.c.obj)
                              (vexStartup)
C:\Program Files (x86)\VEX Robotics\VEXcode\sdk/vexv5\libv5rt.a(v5_util.c.obj)
                              C:\Program Files (x86)\VEX Robotics\VEXcode\sdk/vexv5\libv5rt.a(v5_startup.c.obj) (vexStdlibVersionLinked)
C:\Program Files (x86)\VEX Robotics\VEXcode\sdk/vexv5\libv5rt.a(v5_apijump.c.obj)
                              C:\Program Files (x86)\VEX Robotics\VEXcode\sdk/vexv5\libv5rt.a(v5_startup.c.obj) (vexPrivateApiEnable)
C:\Program Files (x86)\VEX Robotics\VEXcode\sdk/vexv5\libv5rt.a(v5_apiversions.c.obj)
                              C:\Program Files (x86)\VEX Robotics\VEXcode\sdk/vexv5\libv5rt.a(v5_apijump.c.obj) (vexSystemVersion)
C:\Program Files (x86)\VEX Robotics\VEXcode\sdk/vexv5\libv5rt.a(vex_global.cpp.obj)
                              build/src/main.o (vex::PORT21)
C:\Program Files (x86)\VEX Robotics\VEXcode\sdk/vexv5\libv5rt.a(vex_motor.cpp.obj)
                              build/src/main.o (vex::motor::~motor())
C:\Program Files (x86)\VEX Robotics\VEXcode\sdk/vexv5\libv5rt.a(vex_vision.cpp.obj)
                              build/src/main.o (vex::vision::~vision())
C:\Program Files (x86)\VEX Robotics\VEXcode\sdk/vexv5\libv5rt.a(vex_controller.cpp.obj)
                              build/src/main.o (vex::controller::~controller())
C:\Program Files (x86)\VEX Robotics\VEXcode\sdk/vexv5\libv5rt.a(vex_task.cpp.obj)
                              build/src/main.o (vex::task::task(int (*)()))
C:\Program Files (x86)\VEX Robotics\VEXcode\sdk/vexv5\libv5rt.a(vex_event.cpp.obj)
                              C:\Program Files (x86)\VEX Robotics\VEXcode\sdk/vexv5\libv5rt.a(vex_controller.cpp.obj) (vex::event::init(unsigned long, unsigned long, void (*)()))
C:\Program Files (x86)\VEX Robotics\VEXcode\sdk/vexv5\libv5rt.a(vex_mevent.cpp.obj)
                              C:\Program Files (x86)\VEX Robotics\VEXcode\sdk/vexv5\libv5rt.a(vex_controller.cpp.obj) (vex::mevent::mevent(unsigned long, unsigned long))
C:\Program Files (x86)\VEX Robotics\VEXcode\sdk/vexv5\libv5rt.a(vex_brain.cpp.obj)
                              build/src/main.o (vex::brain::~brain())
C:\Program Files (x86)\VEX Robotics\VEXcode\sdk/vexv5\libv5rt.a(vex_competition.cpp.obj)
                              build/src/main.o (vex::competition::competition())
C:\Program Files (x86)\VEX Robotics\VEXcode\sdk/vexv5\libv5rt.a(vex_triport.cpp.obj)
                              C:\Program Files (x86)\VEX Robotics\VEXcode\sdk/vexv5\libv5rt.a(vex_brain.cpp.obj) (vex::triport::~triport())
C:\Program Files (x86)\VEX Robotics\VEXcode\sdk/vexv5\libv5rt.a(vex_color.cpp.obj)
                              C:\Program Files (x86)\VEX Robotics\VEXcode\sdk/vexv5\libv5rt.a(vex_brain.cpp.obj) (vex::color::operator unsigned long() const)
C:\Program Files (x86)\VEX Robotics\VEXcode\sdk/vexv5\libv5rt.a(vex_timer.cpp.obj)
                              C:\Program Files (x86)\VEX Robotics\VEXcode\sdk/vexv5\libv5rt.a(vex_brain.cpp.obj) (vex::timer::~timer())
C:\Program Files (x86)\VEX Robotics\VEXcode\sdk/vexv5\libv5rt.a(v5_apiuser.c.obj)
                              C:\Program Files (x86)\VEX Robotics\VEXcode\sdk/vexv5\libv5rt.a(vex_triport.cpp.obj) (vexAdiPortConfigSet)
C:\Program Files (x86)\VEX Robotics\VEXcode\sdk/vexv5\libv5rt.a(vex_device.cpp.obj)
                              C:\Program Files (x86)\VEX Robotics\VEXcode\sdk/vexv5\libv5rt.a(vex_triport.cpp.obj) (vex::device::value())
C:\Program Files (x86)\VEX Robotics\VEXcode\sdk/vexv5/gcc/libs\libc.a(lib_a-aeabi_memcpy.o)
                              build/src/main.o (__aeabi_memcpy4)
C:\Program Files (x86)\VEX Robotics\VEXcode\sdk/vexv5/gcc/libs\libc.a(lib_a-fini.o)
                              C:\Program Files (x86)\VEX Robotics\VEXcode\sdk/vexv5\libv5rt.a(v5_startup.c.obj) (__libc_fini_array)
C:\Program Files (x86)\VEX Robotics\VEXcode\sdk/vexv5/gcc/libs\libc.a(lib_a-impure.o)
                              C:\Program Files (x86)\VEX Robotics\VEXcode\sdk/vexv5\libv5rt.a(v5_startup.c.obj) (_impure_ptr)
C:\Program Files (x86)\VEX Robotics\VEXcode\sdk/vexv5/gcc/libs\libc.a(lib_a-init.o)
                              C:\Program Files (x86)\VEX Robotics\VEXcode\sdk/vexv5\libv5rt.a(v5_startup.c.obj) (__libc_init_array)
C:\Program Files (x86)\VEX Robotics\VEXcode\sdk/vexv5/gcc/libs\libc.a(lib_a-memcpy.o)
                              C:\Program Files (x86)\VEX Robotics\VEXcode\sdk/vexv5/gcc/libs\libc.a(lib_a-aeabi_memcpy.o) (memcpy)
C:\Program Files (x86)\VEX Robotics\VEXcode\sdk/vexv5/gcc/libs\libc.a(lib_a-tolower.o)
                              C:\Program Files (x86)\VEX Robotics\VEXcode\sdk/vexv5\libv5rt.a(vex_brain.cpp.obj) (tolower)
C:\Program Files (x86)\VEX Robotics\VEXcode\sdk/vexv5/gcc/libs\libc.a(lib_a-ctype_.o)
[...]
Memory Configuration

Name             Origin             Length             Attributes
ps7_ddr_0_S_AXI_BASEADDR 0x03800000         0x04800000
*default*        0x00000000         0xffffffff

Linker script and memory map

                0x00002000                _STACK_SIZE = DEFINED (_STACK_SIZE)?_STACK_SIZE:0x2000
                0x00100000                _HEAP_SIZE = DEFINED (_HEAP_SIZE)?_HEAP_SIZE:0x100000
                0x00000400                _ABORT_STACK_SIZE = DEFINED (_ABORT_STACK_SIZE)?_ABORT_STACK_SIZE:0x400
                0x00000800                _SUPERVISOR_STACK_SIZE = DEFINED (_SUPERVISOR_STACK_SIZE)?_SUPERVISOR_STACK_SIZE:0x800
                0x00000400                _IRQ_STACK_SIZE = DEFINED (_IRQ_STACK_SIZE)?_IRQ_STACK_SIZE:0x400
                0x00000400                _FIQ_STACK_SIZE = DEFINED (_FIQ_STACK_SIZE)?_FIQ_STACK_SIZE:0x400
                0x00000400                _UNDEF_STACK_SIZE = DEFINED (_UNDEF_STACK_SIZE)?_UNDEF_STACK_SIZE:0x400

.text           0x03800000     0x8ad0
 *(.vectors)
 *(.boot_data)
 .boot_data     0x03800000       0x20 C:\Program Files (x86)\VEX Robotics\VEXcode\sdk/vexv5\libv5rt.a(v5_startup.c.obj)
                0x03800000                vexCodeSig
                0x00000020                . = 0x20
 *(.boot)
 .boot          0x03800020       0xb4 C:\Program Files (x86)\VEX Robotics\VEXcode\sdk/vexv5\libv5rt.a(v5_startup.c.obj)
                0x03800020                vexStartup
                0x03800100                . = ALIGN (0x40)
 *fill*         0x038000d4       0x2c 
 *(.freertos_vectors)
 *(.text)
 *(.text.*)
 .text._ZN3vex6visionC2IJNS0_9signatureES2_S2_S2_S2_S2_S2_EEElhDpT_
                0x03800100       0xec build/src/main.o
                0x03800100                vex::vision::vision<vex::vision::signature, vex::vision::signature, vex::vision::signature, vex::vision::signature, vex::vision::signature, vex::vision::signature, vex::vision::signature>(long, unsigned char, vex::vision::signature, vex::vision::signature, vex::vision::signature, vex::vision::signature, vex::vision::signature, vex::vision::signature, vex::vision::signature)
 .text._Z13gyroCalibratev
                0x038001ec       0x9c build/src/main.o
                0x038001ec                gyroCalibrate()
 .text._Z11gyroGetRatev
                0x03800288       0xfc build/src/main.o
                0x03800288                gyroGetRate()
 .text._Z9GyroTrackv
                0x03800384       0x48 build/src/main.o
                0x03800384                GyroTrack()
 .text._Z3runN3vex5motorEd
                0x038003cc       0x3c build/src/main.o
                0x038003cc                run(vex::motor, double)
 .text._Z14AllianceSelectv
                0x03800408      0x3e4 build/src/main.o
                0x03800408                AllianceSelect()
 .text._Z11PrintScreenv
                0x038007ec      0x390 build/src/main.o
                0x038007ec                PrintScreen()
 .text._Z7RPMCalcv
                0x03800b7c      0x130 build/src/main.o
                0x03800b7c                RPMCalc()
 *fill*         0x03800cac        0x4 
 .text._Z9ShootBallv
                0x03800cb0      0x6a0 build/src/main.o
                0x03800cb0                ShootBall()
 .text._Z10TurnToFlagv
                0x03801350      0x618 build/src/main.o
                0x03801350                TurnToFlag()
 .text._Z6TIMER2v
                0x03801968       0x28 build/src/main.o
                0x03801968                TIMER2()
 .text._Z9StopDrivev
                0x03801990      0x1e8 build/src/main.o
                0x03801990                StopDrive()
 .text._Z10rightDrivei
                0x03801b78      0x11c build/src/main.o
                0x03801b78                rightDrive(int)
 .text._Z9leftDrivei
                0x03801c94      0x11c build/src/main.o
                0x03801c94                leftDrive(int)
 .text._Z6Driverv
                0x03801db0      0x770 build/src/main.o
                0x03801db0                Driver()
 .text._Z7pidTurnffffi
                0x03802520      0x244 build/src/main.o
                0x03802520                pidTurn(float, float, float, float, int)
 *fill*         0x03802764        0x4 
 .text._Z4Moveff
                0x03802768      0x6d8 build/src/main.o
                0x03802768                Move(float, float)
 .text._Z6ToWalld
                0x03802e40      0x2c8 build/src/main.o
                0x03802e40                ToWall(double)
 .text._Z10TurnTurretd
                0x03803108      0x1d8 build/src/main.o
                0x03803108                TurnTurret(double)
 .text._Z9pre_autonv
                0x038032e0       0xf0 build/src/main.o
                0x038032e0                pre_auton()
 .text._Z10autonomousv
                0x038033d0      0x7d0 build/src/main.o
                0x038033d0                autonomous()
 .text._Z11usercontrolv
                0x03803ba0      0xff0 build/src/main.o
                0x03803ba0                usercontrol()
 .text.main     0x03804b90       0x64 build/src/main.o
                0x03804b90                main
 .text._ZN3vex6vision7_setsigINS0_9signatureEJS2_S2_S2_S2_S2_S2_EEEvRT_DpT0_
                0x03804bf4       0xc8 build/src/main.o
                0x03804bf4                void vex::vision::_setsig<vex::vision::signature, vex::vision::signature, vex::vision::signature, vex::vision::signature, vex::vision::signature, vex::vision::signature, vex::vision::signature>(vex::vision::signature&, vex::vision::signature, vex::vision::signature, vex::vision::signature, vex::vision::signature, vex::vision::signature, vex::vision::signature)
 .text._ZN3vex6vision7_setsigINS0_9signatureEJS2_S2_S2_S2_S2_EEEvRT_DpT0_
                0x03804cbc       0xac build/src/main.o
                0x03804cbc                void vex::vision::_setsig<vex::vision::signature, vex::vision::signature, vex::vision::signature, vex::vision::signature, vex::vision::signature, vex::vision::signature>(vex::vision::signature&, vex::vision::signature, vex::vision::signature, vex::vision::signature, vex::vision::signature, vex::vision::signature)
 .text._ZN3vex6vision7_setsigINS0_9signatureEJS2_S2_S2_S2_EEEvRT_DpT0_
                0x03804d68       0x90 build/src/main.o
                0x03804d68                void vex::vision::_setsig<vex::vision::signature, vex::vision::signature, vex::vision::signature, vex::vision::signature, vex::vision::signature>(vex::vision::signature&, vex::vision::signature, vex::vision::signature, vex::vision::signature, vex::vision::signature)
 .text._ZN3vex6vision7_setsigINS0_9signatureEJS2_S2_S2_EEEvRT_DpT0_
                0x03804df8       0x70 build/src/main.o
                0x03804df8                void vex::vision::_setsig<vex::vision::signature, vex::vision::signature, vex::vision::signature, vex::vision::signature>(vex::vision::signature&, vex::vision::signature, vex::vision::signature, vex::vision::signature)
 .text._ZN3vex6vision7_setsigINS0_9signatureEJS2_S2_EEEvRT_DpT0_
                0x03804e68       0x58 build/src/main.o
                0x03804e68                void vex::vision::_setsig<vex::vision::signature, vex::vision::signature, vex::vision::signature>(vex::vision::signature&, vex::vision::signature, vex::vision::signature)
 .text._GLOBAL__sub_I_main.cpp
                0x03804ec0      0x90c build/src/main.o
 .text.vexMain  0x038057cc       0xb0 C:\Program Files (x86)\VEX Robotics\VEXcode\sdk/vexv5\libv5rt.a(v5_startup.c.obj)
                0x038057cc                vexMain
 .text.__vex_function_prolog
                0x0380587c       0x18 C:\Program Files (x86)\VEX Robotics\VEXcode\sdk/vexv5\libv5rt.a(v5_startup.c.obj)
                0x0380587c                __vex_function_prolog
 .text._init    0x03805894        0x4 C:\Program Files (x86)\VEX Robotics\VEXcode\sdk/vexv5\libv5rt.a(v5_startup.c.obj)
                0x03805894                _init
 .text._fini    0x03805898        0x4 C:\Program Files (x86)\VEX Robotics\VEXcode\sdk/vexv5\libv5rt.a(v5_startup.c.obj)
                0x03805898                _fini
 .text.vexStdlibVersionLinked
                0x0380589c        0xc C:\Program Files (x86)\VEX Robotics\VEXcode\sdk/vexv5\libv5rt.a(v5_util.c.obj)
                0x0380589c                vexStdlibVersionLinked
 .text.vexStdlibVersionVerify
                0x038058a8       0x30 C:\Program Files (x86)\VEX Robotics\VEXcode\sdk/vexv5\libv5rt.a(v5_util.c.obj)
                0x038058a8                vexStdlibVersionVerify
 .text.vexPrivateApiEnable
                0x038058d8       0x10 C:\Program Files (x86)\VEX Robotics\VEXcode\sdk/vexv5\libv5rt.a(v5_apijump.c.obj)
                0x038058d8                vexPrivateApiEnable
 .text.vexStdlibMismatchError
                0x038058e8       0x3c C:\Program Files (x86)\VEX Robotics\VEXcode\sdk/vexv5\libv5rt.a(v5_apijump.c.obj)
                0x038058e8                vexStdlibMismatchError
 .text.vexTaskAdd
                0x03805924       0x10 C:\Program Files (x86)\VEX Robotics\VEXcode\sdk/vexv5\libv5rt.a(v5_apijump.c.obj)
                0x03805924                vexTaskAdd
 .text.vexTaskStop
                0x03805934       0x10 C:\Program Files (x86)\VEX Robotics\VEXcode\sdk/vexv5\libv5rt.a(v5_apijump.c.obj)
                0x03805934                vexTaskStop
 .text.vexTasksRun
                0x03805944       0x10 C:\Program Files (x86)\VEX Robotics\VEXcode\sdk/vexv5\libv5rt.a(v5_apijump.c.obj)
                0x03805944                vexTasksRun
 .text.vexTaskYield
                0x03805954       0x10 C:\Program Files (x86)\VEX Robotics\VEXcode\sdk/vexv5\libv5rt.a(v5_apijump.c.obj)
                0x03805954                vexTaskYield
 .text.vexTaskCheckTimeslice
                0x03805964       0x10 C:\Program Files (x86)\VEX Robotics\VEXcode\sdk/vexv5\libv5rt.a(v5_apijump.c.obj)
                0x03805964                vexTaskCheckTimeslice
 .text.vexTaskSleep
                0x03805974       0x10 C:\Program Files (x86)\VEX Robotics\VEXcode\sdk/vexv5\libv5rt.a(v5_apijump.c.obj)
                0x03805974                vexTaskSleep
 .text.vexTasksDump
                0x03805984       0x1c C:\Program Files (x86)\VEX Robotics\VEXcode\sdk/vexv5\libv5rt.a(v5_apijump.c.obj)
                0x03805984                vexTasksDump
 .text.vexTaskGetTaskIndex
                0x038059a0       0x10 C:\Program Files (x86)\VEX Robotics\VEXcode\sdk/vexv5\libv5rt.a(v5_apijump.c.obj)
                0x038059a0                vexTaskGetTaskIndex
 .text.vexTaskStopAll
                0x038059b0       0x10 C:\Program Files (x86)\VEX Robotics\VEXcode\sdk/vexv5\libv5rt.a(v5_apijump.c.obj)
                0x038059b0                vexTaskStopAll
 .text.vexTaskRemoveAllUser
                0x038059c0       0x34 C:\Program Files (x86)\VEX Robotics\VEXcode\sdk/vexv5\libv5rt.a(v5_apijump.c.obj)
                0x038059c0                vexTaskRemoveAllUser
 .text.vexTaskCompletionIdSet
                0x038059f4       0x10 C:\Program Files (x86)\VEX Robotics\VEXcode\sdk/vexv5\libv5rt.a(v5_apijump.c.obj)
                0x038059f4                vexTaskCompletionIdSet
 .text.vexCriticalSection
                0x03805a04       0x2c C:\Program Files (x86)\VEX Robotics\VEXcode\sdk/vexv5\libv5rt.a(v5_apijump.c.obj)
                0x03805a04                vexCriticalSection
 .text.vexEventAdd
                0x03805a30       0x34 C:\Program Files (x86)\VEX Robotics\VEXcode\sdk/vexv5\libv5rt.a(v5_apijump.c.obj)
                0x03805a30                vexEventAdd
 .text.vexEventUserIndexGet
                0x03805a64       0x1c C:\Program Files (x86)\VEX Robotics\VEXcode\sdk/vexv5\libv5rt.a(v5_apijump.c.obj)
                0x03805a64                vexEventUserIndexGet
 .text.vexEventAddWithArg
                0x03805a80       0x3c C:\Program Files (x86)\VEX Robotics\VEXcode\sdk/vexv5\libv5rt.a(v5_apijump.c.obj)
                0x03805a80                vexEventAddWithArg
 .text.vexEventsCleanup
                0x03805abc       0x2c C:\Program Files (x86)\VEX Robotics\VEXcode\sdk/vexv5\libv5rt.a(v5_apijump.c.obj)
                0x03805abc                vexEventsCleanup
 .text.vexDebug
                0x03805ae8       0x38 C:\Program Files (x86)\VEX Robotics\VEXcode\sdk/vexv5\libv5rt.a(v5_apijump.c.obj)
                0x03805ae8                vexDebug
 .text.vex_sprintf
                0x03805b20       0x40 C:\Program Files (x86)\VEX Robotics\VEXcode\sdk/vexv5\libv5rt.a(v5_apijump.c.obj)
                0x03805b20                vex_sprintf
 .text.vex_vsnprintf
                0x03805b60       0x3c C:\Program Files (x86)\VEX Robotics\VEXcode\sdk/vexv5\libv5rt.a(v5_apijump.c.obj)
                0x03805b60                vex_vsnprintf
 .text.vexSystemTimeGet
                0x03805b9c       0x1c C:\Program Files (x86)\VEX Robotics\VEXcode\sdk/vexv5\libv5rt.a(v5_apijump.c.obj)
                0x03805b9c                vexSystemTimeGet
 .text.vexSystemExitRequest
                0x03805bb8       0x1c C:\Program Files (x86)\VEX Robotics\VEXcode\sdk/vexv5\libv5rt.a(v5_apijump.c.obj)
                0x03805bb8                vexSystemExitRequest
 .text.vexDeviceGetByIndex
                0x03805bd4       0x24 C:\Program Files (x86)\VEX Robotics\VEXcode\sdk/vexv5\libv5rt.a(v5_apijump.c.obj)
                0x03805bd4                vexDeviceGetByIndex
 .text.vexControllerGet
                0x03805bf8       0x2c C:\Program Files (x86)\VEX Robotics\VEXcode\sdk/vexv5\libv5rt.a(v5_apijump.c.obj)
                0x03805bf8                vexControllerGet
 .text.vexControllerTextSet
                0x03805c24       0x74 C:\Program Files (x86)\VEX Robotics\VEXcode\sdk/vexv5\libv5rt.a(v5_apijump.c.obj)
                0x03805c24                vexControllerTextSet
 .text.vexDeviceAdiPortConfigSet
                0x03805c98       0x34 C:\Program Files (x86)\VEX Robotics\VEXcode\sdk/vexv5\libv5rt.a(v5_apijump.c.obj)
                0x03805c98                vexDeviceAdiPortConfigSet
 .text.vexDeviceAdiPortConfigGet
                0x03805ccc       0x2c C:\Program Files (x86)\VEX Robotics\VEXcode\sdk/vexv5\libv5rt.a(v5_apijump.c.obj)
                0x03805ccc                vexDeviceAdiPortConfigGet
 .text.vexDeviceAdiValueSet
                0x03805cf8       0x34 C:\Program Files (x86)\VEX Robotics\VEXcode\sdk/vexv5\libv5rt.a(v5_apijump.c.obj)
                0x03805cf8                vexDeviceAdiValueSet
 .text.vexDeviceAdiValueGet
                0x03805d2c       0x2c C:\Program Files (x86)\VEX Robotics\VEXcode\sdk/vexv5\libv5rt.a(v5_apijump.c.obj)
                0x03805d2c                vexDeviceAdiValueGet
 .text.vexDeviceMotorVelocitySet
                0x03805d58       0x2c C:\Program Files (x86)\VEX Robotics\VEXcode\sdk/vexv5\libv5rt.a(v5_apijump.c.obj)
                0x03805d58                vexDeviceMotorVelocitySet
 .text.vexDeviceMotorActualVelocityGet
                0x03805d84       0x24 C:\Program Files (x86)\VEX Robotics\VEXcode\sdk/vexv5\libv5rt.a(v5_apijump.c.obj)
                0x03805d84                vexDeviceMotorActualVelocityGet
 .text.vexDeviceMotorZeroPositionFlagGet
                0x03805da8       0x24 C:\Program Files (x86)\VEX Robotics\VEXcode\sdk/vexv5\libv5rt.a(v5_apijump.c.obj)
                0x03805da8                vexDeviceMotorZeroPositionFlagGet
 .text.vexDeviceMotorReverseFlagSet
                0x03805dcc       0x2c C:\Program Files (x86)\VEX Robotics\VEXcode\sdk/vexv5\libv5rt.a(v5_apijump.c.obj)
                0x03805dcc                vexDeviceMotorReverseFlagSet
 .text.vexDeviceMotorEncoderUnitsSet
                0x03805df8       0x2c C:\Program Files (x86)\VEX Robotics\VEXcode\sdk/vexv5\libv5rt.a(v5_apijump.c.obj)
                0x03805df8                vexDeviceMotorEncoderUnitsSet
 .text.vexDeviceMotorBrakeModeSet
                0x03805e24       0x2c C:\Program Files (x86)\VEX Robotics\VEXcode\sdk/vexv5\libv5rt.a(v5_apijump.c.obj)
                0x03805e24                vexDeviceMotorBrakeModeSet
 .text.vexDeviceMotorPositionSet
                0x03805e50       0x34 C:\Program Files (x86)\VEX Robotics\VEXcode\sdk/vexv5\libv5rt.a(v5_apijump.c.obj)
                0x03805e50                vexDeviceMotorPositionSet
 .text.vexDeviceMotorPositionGet
                0x03805e84       0x24 C:\Program Files (x86)\VEX Robotics\VEXcode\sdk/vexv5\libv5rt.a(v5_apijump.c.obj)
                0x03805e84                vexDeviceMotorPositionGet
 .text.vexDeviceMotorAbsoluteTargetSet
                0x03805ea8       0x3c C:\Program Files (x86)\VEX Robotics\VEXcode\sdk/vexv5\libv5rt.a(v5_apijump.c.obj)
                0x03805ea8                vexDeviceMotorAbsoluteTargetSet
 .text.vexDeviceMotorGearingSet
                0x03805ee4       0x2c C:\Program Files (x86)\VEX Robotics\VEXcode\sdk/vexv5\libv5rt.a(v5_apijump.c.obj)
                0x03805ee4                vexDeviceMotorGearingSet
 .text.vexDeviceMotorGearingGet
                0x03805f10       0x24 C:\Program Files (x86)\VEX Robotics\VEXcode\sdk/vexv5\libv5rt.a(v5_apijump.c.obj)
                0x03805f10                vexDeviceMotorGearingGet
 .text.vexDeviceVisionModeSet
                0x03805f34       0x2c C:\Program Files (x86)\VEX Robotics\VEXcode\sdk/vexv5\libv5rt.a(v5_apijump.c.obj)
                0x03805f34                vexDeviceVisionModeSet
 .text.vexDeviceVisionObjectCountGet
                0x03805f60       0x24 C:\Program Files (x86)\VEX Robotics\VEXcode\sdk/vexv5\libv5rt.a(v5_apijump.c.obj)
                0x03805f60                vexDeviceVisionObjectCountGet
 .text.vexDeviceVisionObjectGet
                0x03805f84       0x34 C:\Program Files (x86)\VEX Robotics\VEXcode\sdk/vexv5\libv5rt.a(v5_apijump.c.obj)
                0x03805f84                vexDeviceVisionObjectGet
 .text.vexDeviceVisionSignatureSet
                0x03805fb8       0x2c C:\Program Files (x86)\VEX Robotics\VEXcode\sdk/vexv5\libv5rt.a(v5_apijump.c.obj)
                0x03805fb8                vexDeviceVisionSignatureSet
 .text.vexDeviceVisionBrightnessSet
                0x03805fe4       0x2c C:\Program Files (x86)\VEX Robotics\VEXcode\sdk/vexv5\libv5rt.a(v5_apijump.c.obj)
                0x03805fe4                vexDeviceVisionBrightnessSet
 .text.vexDeviceVisionLedModeSet
                0x03806010       0x2c C:\Program Files (x86)\VEX Robotics\VEXcode\sdk/vexv5\libv5rt.a(v5_apijump.c.obj)
                0x03806010                vexDeviceVisionLedModeSet
 .text.vexDeviceVisionLedColorSet
                0x0380603c       0x30 C:\Program Files (x86)\VEX Robotics\VEXcode\sdk/vexv5\libv5rt.a(v5_apijump.c.obj)
                0x0380603c                vexDeviceVisionLedColorSet
 .text.vexDisplayForegroundColor
                0x0380606c       0x24 C:\Program Files (x86)\VEX Robotics\VEXcode\sdk/vexv5\libv5rt.a(v5_apijump.c.obj)
                0x0380606c                vexDisplayForegroundColor
 .text.vexDisplayBackgroundColor
                0x03806090       0x24 C:\Program Files (x86)\VEX Robotics\VEXcode\sdk/vexv5\libv5rt.a(v5_apijump.c.obj)
                0x03806090                vexDisplayBackgroundColor
 .text.vexDisplayBackgroundColorGet
                0x038060b4       0x1c C:\Program Files (x86)\VEX Robotics\VEXcode\sdk/vexv5\libv5rt.a(v5_apijump.c.obj)
                0x038060b4                vexDisplayBackgroundColorGet
 .text.vexDisplayRectDraw
                0x038060d0       0x4c C:\Program Files (x86)\VEX Robotics\VEXcode\sdk/vexv5\libv5rt.a(v5_apijump.c.obj)
                0x038060d0                vexDisplayRectDraw
 .text.vexDisplayRectClear
                0x0380611c       0x4c C:\Program Files (x86)\VEX Robotics\VEXcode\sdk/vexv5\libv5rt.a(v5_apijump.c.obj)
                0x0380611c                vexDisplayRectClear
 .text.vexDisplayPrintf
                0x03806168       0x68 C:\Program Files (x86)\VEX Robotics\VEXcode\sdk/vexv5\libv5rt.a(v5_apijump.c.obj)
                0x03806168                vexDisplayPrintf
 .text.vexDisplayTextReference
                0x038061d0       0x24 C:\Program Files (x86)\VEX Robotics\VEXcode\sdk/vexv5\libv5rt.a(v5_apijump.c.obj)
                0x038061d0                vexDisplayTextReference
 .text.vexDisplayTextSize
                0x038061f4       0x2c C:\Program Files (x86)\VEX Robotics\VEXcode\sdk/vexv5\libv5rt.a(v5_apijump.c.obj)
                0x038061f4                vexDisplayTextSize
 .text.vexDisplayFontNamedSet
                0x03806220       0x24 C:\Program Files (x86)\VEX Robotics\VEXcode\sdk/vexv5\libv5rt.a(v5_apijump.c.obj)
                0x03806220                vexDisplayFontNamedSet
 .text.vexDisplayPenSizeSet
                0x03806244       0x24 C:\Program Files (x86)\VEX Robotics\VEXcode\sdk/vexv5\libv5rt.a(v5_apijump.c.obj)
                0x03806244                vexDisplayPenSizeSet
 .text.vexDisplayPenSizeGet
                0x03806268       0x1c C:\Program Files (x86)\VEX Robotics\VEXcode\sdk/vexv5\libv5rt.a(v5_apijump.c.obj)
                0x03806268                vexDisplayPenSizeGet
 .text.vexSystemStdlibImpureDataAddr
                0x03806284       0x28 C:\Program Files (x86)\VEX Robotics\VEXcode\sdk/vexv5\libv5rt.a(v5_apijump.c.obj)
                0x03806284                vexSystemStdlibImpureDataAddr
 .text.vexSystemStdlibImpureDataSize
                0x038062ac       0x28 C:\Program Files (x86)\VEX Robotics\VEXcode\sdk/vexv5\libv5rt.a(v5_apijump.c.obj)
                0x038062ac                vexSystemStdlibImpureDataSize
 .text.vexTouchDataGet
                0x038062d4       0x10 C:\Program Files (x86)\VEX Robotics\VEXcode\sdk/vexv5\libv5rt.a(v5_apijump.c.obj)
                0x038062d4                vexTouchDataGet
 .text.vexDisplayThemeIdGet
                0x038062e4       0x38 C:\Program Files (x86)\VEX Robotics\VEXcode\sdk/vexv5\libv5rt.a(v5_apijump.c.obj)
                0x038062e4                vexDisplayThemeIdGet
 .text.vexDeviceEventMaskSet
                0x0380631c       0x48 C:\Program Files (x86)\VEX Robotics\VEXcode\sdk/vexv5\libv5rt.a(v5_apijump.c.obj)
                0x0380631c                vexDeviceEventMaskSet
 .text.vexDeviceEventMaskGet
                0x03806364       0x3c C:\Program Files (x86)\VEX Robotics\VEXcode\sdk/vexv5\libv5rt.a(v5_apijump.c.obj)
                0x03806364                vexDeviceEventMaskGet
 .text.vexSystemVersion
                0x038063a0       0x10 C:\Program Files (x86)\VEX Robotics\VEXcode\sdk/vexv5\libv5rt.a(v5_apiversions.c.obj)
                0x038063a0                vexSystemVersion
 .text.vexStdlibVersion
                0x038063b0       0x10 C:\Program Files (x86)\VEX Robotics\VEXcode\sdk/vexv5\libv5rt.a(v5_apiversions.c.obj)
                0x038063b0                vexStdlibVersion
 .text._ZN3vex5motor9installedEv
                0x038063c0       0x18 C:\Program Files (x86)\VEX Robotics\VEXcode\sdk/vexv5\libv5rt.a(vex_motor.cpp.obj)
                0x038063c0                vex::motor::installed()
 .text._ZN3vex5motorD2Ev
                0x038063d8       0x20 C:\Program Files (x86)\VEX Robotics\VEXcode\sdk/vexv5\libv5rt.a(vex_motor.cpp.obj)
                0x038063d8                vex::motor::~motor()
                0x038063d8                vex::motor::~motor()
 .text._ZN3vex5motor15defaultStoppingENS_9brakeTypeE
                0x038063f8       0x30 C:\Program Files (x86)\VEX Robotics\VEXcode\sdk/vexv5\libv5rt.a(vex_motor.cpp.obj)
                0x038063f8                vex::motor::defaultStopping(vex::brakeType)
 .text._ZN3vex5motor11setStoppingENS_9brakeTypeE
                0x03806428        0x4 C:\Program Files (x86)\VEX Robotics\VEXcode\sdk/vexv5\libv5rt.a(vex_motor.cpp.obj)
                0x03806428                vex::motor::setStopping(vex::brakeType)
 .text._ZN3vex5motorC2El
                0x0380642c       0x70 C:\Program Files (x86)\VEX Robotics\VEXcode\sdk/vexv5\libv5rt.a(vex_motor.cpp.obj)
                0x0380642c                vex::motor::motor(long)
                0x0380642c                vex::motor::motor(long)
 .text._ZN3vex5motorC2ElNS_11gearSettingEb
                0x0380649c       0x34 C:\Program Files (x86)\VEX Robotics\VEXcode\sdk/vexv5\libv5rt.a(vex_motor.cpp.obj)
                0x0380649c                vex::motor::motor(long, vex::gearSetting, bool)
                0x0380649c                vex::motor::motor(long, vex::gearSetting, bool)
 .text._ZN3vex5motor10setTimeoutElNS_9timeUnitsE
                0x038064d0       0x4c C:\Program Files (x86)\VEX Robotics\VEXcode\sdk/vexv5\libv5rt.a(vex_motor.cpp.obj)
                0x038064d0                vex::motor::setTimeout(long, vex::timeUnits)
 .text._ZN3vex5motor4stopENS_9brakeTypeE
                0x0380651c       0x30 C:\Program Files (x86)\VEX Robotics\VEXcode\sdk/vexv5\libv5rt.a(vex_motor.cpp.obj)
                0x0380651c                vex::motor::stop(vex::brakeType)
 .text._ZN3vex5motor4stopEv
                0x0380654c        0x8 C:\Program Files (x86)\VEX Robotics\VEXcode\sdk/vexv5\libv5rt.a(vex_motor.cpp.obj)
                0x0380654c                vex::motor::stop()
 .text._ZN3vex5motor16velocityToScaledEdNS_13velocityUnitsE
                0x03806554       0x5c C:\Program Files (x86)\VEX Robotics\VEXcode\sdk/vexv5\libv5rt.a(vex_motor.cpp.obj)
                0x03806554                vex::motor::velocityToScaled(double, vex::velocityUnits)
 .text._ZN3vex5motor8velocityENS_13velocityUnitsE
                0x038065b0       0x30 C:\Program Files (x86)\VEX Robotics\VEXcode\sdk/vexv5\libv5rt.a(vex_motor.cpp.obj)
                0x038065b0                vex::motor::velocity(vex::velocityUnits)
 .text._ZN3vex5motor5valueEv
                0x038065e0       0x1c C:\Program Files (x86)\VEX Robotics\VEXcode\sdk/vexv5\libv5rt.a(vex_motor.cpp.obj)
                0x038065e0                vex::motor::value()
 .text._ZN3vex5motor16scaledToVelocityEdNS_13velocityUnitsE
                0x038065fc       0xa4 C:\Program Files (x86)\VEX Robotics\VEXcode\sdk/vexv5\libv5rt.a(vex_motor.cpp.obj)
                0x038065fc                vex::motor::scaledToVelocity(double, vex::velocityUnits)
 .text._ZN3vex5motor4spinENS_13directionTypeEdNS_13velocityUnitsE
                0x038066a0       0x5c C:\Program Files (x86)\VEX Robotics\VEXcode\sdk/vexv5\libv5rt.a(vex_motor.cpp.obj)
                0x038066a0                vex::motor::spin(vex::directionType, double, vex::velocityUnits)
 .text._ZN3vex5motor16setRotationUnitsENS_13rotationUnitsE
                0x038066fc       0x1c C:\Program Files (x86)\VEX Robotics\VEXcode\sdk/vexv5\libv5rt.a(vex_motor.cpp.obj)
                0x038066fc                vex::motor::setRotationUnits(vex::rotationUnits)
 .text._ZN3vex5motor11setRotationEdNS_13rotationUnitsE
                0x03806718       0x44 C:\Program Files (x86)\VEX Robotics\VEXcode\sdk/vexv5\libv5rt.a(vex_motor.cpp.obj)
                0x03806718                vex::motor::setRotation(double, vex::rotationUnits)
 .text._ZN3vex5motor13resetRotationEv
                0x0380675c       0x20 C:\Program Files (x86)\VEX Robotics\VEXcode\sdk/vexv5\libv5rt.a(vex_motor.cpp.obj)
                0x0380675c                vex::motor::resetRotation()
 .text._ZN3vex5motor8rotateToEdNS_13rotationUnitsEdNS_13velocityUnitsEb
                0x0380677c       0xc4 C:\Program Files (x86)\VEX Robotics\VEXcode\sdk/vexv5\libv5rt.a(vex_motor.cpp.obj)
                0x0380677c                vex::motor::rotateTo(double, vex::rotationUnits, double, vex::velocityUnits, bool)
 .text._ZN3vex5motor13startRotateToEdNS_13rotationUnitsEdNS_13velocityUnitsE
                0x03806840       0x34 C:\Program Files (x86)\VEX Robotics\VEXcode\sdk/vexv5\libv5rt.a(vex_motor.cpp.obj)
                0x03806840                vex::motor::startRotateTo(double, vex::rotationUnits, double, vex::velocityUnits)
 .text._ZN3vex5motor8rotationENS_13rotationUnitsE
                0x03806874       0x44 C:\Program Files (x86)\VEX Robotics\VEXcode\sdk/vexv5\libv5rt.a(vex_motor.cpp.obj)
                0x03806874                vex::motor::rotation(vex::rotationUnits)
 .text.startup._GLOBAL__sub_I__ZN3vex5motorC2El
                0x038068b8       0x30 C:\Program Files (x86)\VEX Robotics\VEXcode\sdk/vexv5\libv5rt.a(vex_motor.cpp.obj)
 .text._ZN3vex6vision9installedEv
                0x038068e8       0x18 C:\Program Files (x86)\VEX Robotics\VEXcode\sdk/vexv5\libv5rt.a(vex_vision.cpp.obj)
                0x038068e8                vex::vision::installed()
 .text._ZN3vex6visionD2Ev
                0x03806900       0x38 C:\Program Files (x86)\VEX Robotics\VEXcode\sdk/vexv5\libv5rt.a(vex_vision.cpp.obj)
                0x03806900                vex::vision::~vision()
                0x03806900                vex::vision::~vision()
 .text._ZN3vex6vision12setSignatureERNS0_9signatureE
                0x03806938       0x70 C:\Program Files (x86)\VEX Robotics\VEXcode\sdk/vexv5\libv5rt.a(vex_vision.cpp.obj)
                0x03806938                vex::vision::setSignature(vex::vision::signature&)
 .text._ZN3vex6vision7setModeENS0_13detectionModeE
                0x038069a8       0x18 C:\Program Files (x86)\VEX Robotics\VEXcode\sdk/vexv5\libv5rt.a(vex_vision.cpp.obj)
                0x038069a8                vex::vision::setMode(vex::vision::detectionMode)
 .text._ZN3vex6vision13setBrightnessEh
                0x038069c0       0x30 C:\Program Files (x86)\VEX Robotics\VEXcode\sdk/vexv5\libv5rt.a(vex_vision.cpp.obj)
                0x038069c0                vex::vision::setBrightness(unsigned char)
 .text._ZN3vex6vision10setLedModeENS0_7ledModeE
                0x038069f0       0x18 C:\Program Files (x86)\VEX Robotics\VEXcode\sdk/vexv5\libv5rt.a(vex_vision.cpp.obj)
                0x038069f0                vex::vision::setLedMode(vex::vision::ledMode)
 .text._ZN3vex6vision11setLedColorEhhh
                0x03806a08       0x30 C:\Program Files (x86)\VEX Robotics\VEXcode\sdk/vexv5\libv5rt.a(vex_vision.cpp.obj)
                0x03806a08                vex::vision::setLedColor(unsigned char, unsigned char, unsigned char)
 .text._ZN3vex6vision9signatureD2Ev
                0x03806a38        0x4 C:\Program Files (x86)\VEX Robotics\VEXcode\sdk/vexv5\libv5rt.a(vex_vision.cpp.obj)
                0x03806a38                vex::vision::signature::~signature()
                0x03806a38                vex::vision::signature::~signature()
 .text._ZN3vex6vision9signature5clearEv
                0x03806a3c       0x38 C:\Program Files (x86)\VEX Robotics\VEXcode\sdk/vexv5\libv5rt.a(vex_vision.cpp.obj)
                0x03806a3c                vex::vision::signature::clear()
 .text._ZN3vex6vision9signatureC2Ev
                0x03806a74       0x60 C:\Program Files (x86)\VEX Robotics\VEXcode\sdk/vexv5\libv5rt.a(vex_vision.cpp.obj)
                0x03806a74                vex::vision::signature::signature()
                0x03806a74                vex::vision::signature::signature()
 .text._ZN3vex6vision9signatureC2Elllllllfl
                0x03806ad4       0x5c C:\Program Files (x86)\VEX Robotics\VEXcode\sdk/vexv5\libv5rt.a(vex_vision.cpp.obj)
                0x03806ad4                vex::vision::signature::signature(long, long, long, long, long, long, long, float, long)
                0x03806ad4                vex::vision::signature::signature(long, long, long, long, long, long, long, float, long)
 .text._ZN3vex6vision6object3setE22_V5_DeviceVisionObject
                0x03806b30       0x78 C:\Program Files (x86)\VEX Robotics\VEXcode\sdk/vexv5\libv5rt.a(vex_vision.cpp.obj)
                0x03806b30                vex::vision::object::set(_V5_DeviceVisionObject)
 .text._ZN3vex6vision6object5clearEv
                0x03806ba8       0x38 C:\Program Files (x86)\VEX Robotics\VEXcode\sdk/vexv5\libv5rt.a(vex_vision.cpp.obj)
                0x03806ba8                vex::vision::object::clear()
 .text._ZN3vex6vision6objectC2Ev
                0x03806be0       0x58 C:\Program Files (x86)\VEX Robotics\VEXcode\sdk/vexv5\libv5rt.a(vex_vision.cpp.obj)
                0x03806be0                vex::vision::object::object()
                0x03806be0                vex::vision::object::object()
 .text._ZN3vex6vision13_clearObjectsEv
                0x03806c38       0x40 C:\Program Files (x86)\VEX Robotics\VEXcode\sdk/vexv5\libv5rt.a(vex_vision.cpp.obj)
                0x03806c38                vex::vision::_clearObjects()
 .text._ZN3vex6vision6objectaSERKS1_
                0x03806c78       0x74 C:\Program Files (x86)\VEX Robotics\VEXcode\sdk/vexv5\libv5rt.a(vex_vision.cpp.obj)
                0x03806c78                vex::vision::object::operator=(vex::vision::object const&)
 .text._ZN3vex6vision12takeSnapshotEmm
                0x03806cec       0xf4 C:\Program Files (x86)\VEX Robotics\VEXcode\sdk/vexv5\libv5rt.a(vex_vision.cpp.obj)
                0x03806cec                vex::vision::takeSnapshot(unsigned long, unsigned long)
 .text._ZN3vex6vision12takeSnapshotEm
                0x03806de0        0x8 C:\Program Files (x86)\VEX Robotics\VEXcode\sdk/vexv5\libv5rt.a(vex_vision.cpp.obj)
                0x03806de0                vex::vision::takeSnapshot(unsigned long)
 .text._ZN3vex6vision5valueEv
                0x03806de8        0x8 C:\Program Files (x86)\VEX Robotics\VEXcode\sdk/vexv5\libv5rt.a(vex_vision.cpp.obj)
                0x03806de8                vex::vision::value()
 .text._ZN3vex6vision6objectaSEl
                0x03806df0       0x38 C:\Program Files (x86)\VEX Robotics\VEXcode\sdk/vexv5\libv5rt.a(vex_vision.cpp.obj)
                0x03806df0                vex::vision::object::operator=(long)
 .text._ZN3vex6visionC2El
                0x03806e28       0xa4 C:\Program Files (x86)\VEX Robotics\VEXcode\sdk/vexv5\libv5rt.a(vex_vision.cpp.obj)
                0x03806e28                vex::vision::vision(long)
                0x03806e28                vex::vision::vision(long)
 .text._ZN3vex10controllerD2Ev
                0x03806ecc        0x4 C:\Program Files (x86)\VEX Robotics\VEXcode\sdk/vexv5\libv5rt.a(vex_controller.cpp.obj)
                0x03806ecc                vex::controller::~controller()
                0x03806ecc                vex::controller::~controller()
 .text._ZN3vex10controller5valueE19_V5_ControllerIndex
                0x03806ed0        0x8 C:\Program Files (x86)\VEX Robotics\VEXcode\sdk/vexv5\libv5rt.a(vex_controller.cpp.obj)
                0x03806ed0                vex::controller::value(_V5_ControllerIndex)
 .text._ZN3vex10controller6rumbleEPKc
                0x03806ed8       0x4c C:\Program Files (x86)\VEX Robotics\VEXcode\sdk/vexv5\libv5rt.a(vex_controller.cpp.obj)
                0x03806ed8                vex::controller::rumble(char const*)
 .text._ZN3vex10controller6button8pressingEv
                0x03806f24       0xc8 C:\Program Files (x86)\VEX Robotics\VEXcode\sdk/vexv5\libv5rt.a(vex_controller.cpp.obj)
                0x03806f24                vex::controller::button::pressing()
 .text._ZN3vex10controller6button21_buttonToPressedEventEv
                0x03806fec       0x20 C:\Program Files (x86)\VEX Robotics\VEXcode\sdk/vexv5\libv5rt.a(vex_controller.cpp.obj)
                0x03806fec                vex::controller::button::_buttonToPressedEvent()
 .text._ZN3vex10controller6button22_buttonToReleasedEventEv
                0x0380700c       0x20 C:\Program Files (x86)\VEX Robotics\VEXcode\sdk/vexv5\libv5rt.a(vex_controller.cpp.obj)
                0x0380700c                vex::controller::button::_buttonToReleasedEvent()
 .text._ZN3vex10controller6buttonC2ENS0_11tButtonTypeEPS0_
                0x0380702c       0x48 C:\Program Files (x86)\VEX Robotics\VEXcode\sdk/vexv5\libv5rt.a(vex_controller.cpp.obj)
                0x0380702c                vex::controller::button::button(vex::controller::tButtonType, vex::controller*)
                0x0380702c                vex::controller::button::button(vex::controller::tButtonType, vex::controller*)
 .text._ZN3vex10controller4axis5valueEv
                0x03807074       0x58 C:\Program Files (x86)\VEX Robotics\VEXcode\sdk/vexv5\libv5rt.a(vex_controller.cpp.obj)
                0x03807074                vex::controller::axis::value()
 .text._ZN3vex10controller4axis23_joystickToChangedEventEv
                0x038070cc       0x20 C:\Program Files (x86)\VEX Robotics\VEXcode\sdk/vexv5\libv5rt.a(vex_controller.cpp.obj)
                0x038070cc                vex::controller::axis::_joystickToChangedEvent()
 .text._ZN3vex10controller4axisC2ENS0_9tAxisTypeEPS0_
                0x038070ec       0x2c C:\Program Files (x86)\VEX Robotics\VEXcode\sdk/vexv5\libv5rt.a(vex_controller.cpp.obj)
                0x038070ec                vex::controller::axis::axis(vex::controller::tAxisType, vex::controller*)
                0x038070ec                vex::controller::axis::axis(vex::controller::tAxisType, vex::controller*)
 .text._ZN3vex10controllerC2Ev
                0x03807118      0x204 C:\Program Files (x86)\VEX Robotics\VEXcode\sdk/vexv5\libv5rt.a(vex_controller.cpp.obj)
                0x03807118                vex::controller::controller()
                0x03807118                vex::controller::controller()
 .text._ZN3vex10controller3lcd15getControllerIdEv
                0x0380731c       0x10 C:\Program Files (x86)\VEX Robotics\VEXcode\sdk/vexv5\libv5rt.a(vex_controller.cpp.obj)
                0x0380731c                vex::controller::lcd::getControllerId()
 .text._ZN3vex10controller3lcd5printEPKcz
                0x0380732c       0x54 C:\Program Files (x86)\VEX Robotics\VEXcode\sdk/vexv5\libv5rt.a(vex_controller.cpp.obj)
                0x0380732c                vex::controller::lcd::print(char const*, ...)
 .text._ZN3vex10controller3lcd9clearLineEi
                0x03807380       0x44 C:\Program Files (x86)\VEX Robotics\VEXcode\sdk/vexv5\libv5rt.a(vex_controller.cpp.obj)
                0x03807380                vex::controller::lcd::clearLine(int)
 .text._ZN3vex4taskC2EPFivE
                0x038073c4       0x54 C:\Program Files (x86)\VEX Robotics\VEXcode\sdk/vexv5\libv5rt.a(vex_task.cpp.obj)
                0x038073c4                vex::task::task(int (*)())
                0x038073c4                vex::task::task(int (*)())
 .text._ZN3vex4taskD2Ev
                0x03807418        0x4 C:\Program Files (x86)\VEX Robotics\VEXcode\sdk/vexv5\libv5rt.a(vex_task.cpp.obj)
                0x03807418                vex::task::~task()
                0x03807418                vex::task::~task()
 .text._ZN3vex4task4stopEPFivE
                0x0380741c        0xc C:\Program Files (x86)\VEX Robotics\VEXcode\sdk/vexv5\libv5rt.a(vex_task.cpp.obj)
                0x0380741c                vex::task::stop(int (*)())
 .text._ZN3vex4task5sleepEm
                0x03807428        0x4 C:\Program Files (x86)\VEX Robotics\VEXcode\sdk/vexv5\libv5rt.a(vex_task.cpp.obj)
                0x03807428                vex::task::sleep(unsigned long)
 .text._ZN3vex4task6_indexEPFivE
                0x0380742c       0x14 C:\Program Files (x86)\VEX Robotics\VEXcode\sdk/vexv5\libv5rt.a(vex_task.cpp.obj)
                0x0380742c                vex::task::_index(int (*)())
 .text._ZN3vex4task8_stopAllEv
                0x03807440       0x3c C:\Program Files (x86)\VEX Robotics\VEXcode\sdk/vexv5\libv5rt.a(vex_task.cpp.obj)
                0x03807440                vex::task::_stopAll()
 .text._ZN3vex5event4initEmmPFvvE
                0x0380747c        0x4 C:\Program Files (x86)\VEX Robotics\VEXcode\sdk/vexv5\libv5rt.a(vex_event.cpp.obj)
                0x0380747c                vex::event::init(unsigned long, unsigned long, void (*)())
 .text._ZN3vex5event4initEmmPFvPvES1_
                0x03807480        0x4 C:\Program Files (x86)\VEX Robotics\VEXcode\sdk/vexv5\libv5rt.a(vex_event.cpp.obj)
                0x03807480                vex::event::init(unsigned long, unsigned long, void (*)(void*), void*)
 .text._ZN3vex5event9userindexEv
                0x03807484        0x4 C:\Program Files (x86)\VEX Robotics\VEXcode\sdk/vexv5\libv5rt.a(vex_event.cpp.obj)
                0x03807484                vex::event::userindex()
 .text._ZZN3vex6meventC4EmmENUlvE_4_FUNEv
                0x03807488        0x4 C:\Program Files (x86)\VEX Robotics\VEXcode\sdk/vexv5\libv5rt.a(vex_mevent.cpp.obj)
 .text._ZN3vex6meventC2Emm
                0x0380748c       0x70 C:\Program Files (x86)\VEX Robotics\VEXcode\sdk/vexv5\libv5rt.a(vex_mevent.cpp.obj)
                0x0380748c                vex::mevent::mevent(unsigned long, unsigned long)
                0x0380748c                vex::mevent::mevent(unsigned long, unsigned long)
 .text._ZN3vex5brainD2Ev
                0x038074fc       0x20 C:\Program Files (x86)\VEX Robotics\VEXcode\sdk/vexv5\libv5rt.a(vex_brain.cpp.obj)
                0x038074fc                vex::brain::~brain()
                0x038074fc                vex::brain::~brain()
 .text._ZN3vex5brain9_getIndexEv
                0x0380751c       0x10 C:\Program Files (x86)\VEX Robotics\VEXcode\sdk/vexv5\libv5rt.a(vex_brain.cpp.obj)
                0x0380751c                vex::brain::_getIndex()
 .text._ZN3vex5brain5timerENS_9timeUnitsE
                0x0380752c        0x4 C:\Program Files (x86)\VEX Robotics\VEXcode\sdk/vexv5\libv5rt.a(vex_brain.cpp.obj)
                0x0380752c                vex::brain::timer(vex::timeUnits)
 .text._ZN3vex5brain10resetTimerEv
                0x03807530        0x4 C:\Program Files (x86)\VEX Robotics\VEXcode\sdk/vexv5\libv5rt.a(vex_brain.cpp.obj)
                0x03807530                vex::brain::resetTimer()
 .text._ZN3vex5brain3lcd9setCursorEll
                0x03807534       0x44 C:\Program Files (x86)\VEX Robotics\VEXcode\sdk/vexv5\libv5rt.a(vex_brain.cpp.obj)
                0x03807534                vex::brain::lcd::setCursor(long, long)
 .text._ZN3vex5brain3lcd7setFontENS_8fontTypeE
                0x03807578      0x228 C:\Program Files (x86)\VEX Robotics\VEXcode\sdk/vexv5\libv5rt.a(vex_brain.cpp.obj)
                0x03807578                vex::brain::lcd::setFont(vex::fontType)
 .text._ZN3vex5brain3lcdC2Ev
                0x038077a0       0x94 C:\Program Files (x86)\VEX Robotics\VEXcode\sdk/vexv5\libv5rt.a(vex_brain.cpp.obj)
                0x038077a0                vex::brain::lcd::lcd()
                0x038077a0                vex::brain::lcd::lcd()
 .text._ZN3vex5brainC2Ev
                0x03807834       0x40 C:\Program Files (x86)\VEX Robotics\VEXcode\sdk/vexv5\libv5rt.a(vex_brain.cpp.obj)
                0x03807834                vex::brain::brain()
                0x03807834                vex::brain::brain()
 .text._ZN3vex5brain3lcd11setPenWidthEm
                0x03807874       0x24 C:\Program Files (x86)\VEX Robotics\VEXcode\sdk/vexv5\libv5rt.a(vex_brain.cpp.obj)
                0x03807874                vex::brain::lcd::setPenWidth(unsigned long)
 .text._ZN3vex5brain3lcd11setPenColorERKNS_5colorE
                0x03807898       0x14 C:\Program Files (x86)\VEX Robotics\VEXcode\sdk/vexv5\libv5rt.a(vex_brain.cpp.obj)
                0x03807898                vex::brain::lcd::setPenColor(vex::color const&)
 .text._ZN3vex5brain3lcd7printAtEllPKcz
                0x038078ac       0x6c C:\Program Files (x86)\VEX Robotics\VEXcode\sdk/vexv5\libv5rt.a(vex_brain.cpp.obj)
                0x038078ac                vex::brain::lcd::printAt(long, long, char const*, ...)
 .text._ZN3vex5brain3lcd7printAtEllbPKcz
                0x03807918       0x64 C:\Program Files (x86)\VEX Robotics\VEXcode\sdk/vexv5\libv5rt.a(vex_brain.cpp.obj)
                0x03807918                vex::brain::lcd::printAt(long, long, bool, char const*, ...)
 .text._ZN3vex5brain3lcd12_clearScreenEm
                0x0380797c       0x38 C:\Program Files (x86)\VEX Robotics\VEXcode\sdk/vexv5\libv5rt.a(vex_brain.cpp.obj)
                0x0380797c                vex::brain::lcd::_clearScreen(unsigned long)
 .text._ZN3vex5brain3lcd11clearScreenERKNS_5colorE
                0x038079b4       0x20 C:\Program Files (x86)\VEX Robotics\VEXcode\sdk/vexv5\libv5rt.a(vex_brain.cpp.obj)
                0x038079b4                vex::brain::lcd::clearScreen(vex::color const&)
 .text._ZN3vex5brain3lcd13drawRectangleEiiii
                0x038079d4       0xdc C:\Program Files (x86)\VEX Robotics\VEXcode\sdk/vexv5\libv5rt.a(vex_brain.cpp.obj)
                0x038079d4                vex::brain::lcd::drawRectangle(int, int, int, int)
 .text._ZN3vex5brain3lcd14_drawRectangleEiiiim
                0x03807ab0       0x74 C:\Program Files (x86)\VEX Robotics\VEXcode\sdk/vexv5\libv5rt.a(vex_brain.cpp.obj)
                0x03807ab0                vex::brain::lcd::_drawRectangle(int, int, int, int, unsigned long)
 .text._ZN3vex5brain3lcd13drawRectangleEiiiiRKNS_5colorE
                0x03807b24       0x68 C:\Program Files (x86)\VEX Robotics\VEXcode\sdk/vexv5\libv5rt.a(vex_brain.cpp.obj)
                0x03807b24                vex::brain::lcd::drawRectangle(int, int, int, int, vex::color const&)
 .text._ZN3vex5brain3lcd9xPositionEv
                0x03807b8c       0x24 C:\Program Files (x86)\VEX Robotics\VEXcode\sdk/vexv5\libv5rt.a(vex_brain.cpp.obj)
                0x03807b8c                vex::brain::lcd::xPosition()
 .text._ZN3vex5brain3lcd9yPositionEv
                0x03807bb0       0x24 C:\Program Files (x86)\VEX Robotics\VEXcode\sdk/vexv5\libv5rt.a(vex_brain.cpp.obj)
                0x03807bb0                vex::brain::lcd::yPosition()
 .text._ZN3vex5brain3lcd8pressingEv
                0x03807bd4       0x20 C:\Program Files (x86)\VEX Robotics\VEXcode\sdk/vexv5\libv5rt.a(vex_brain.cpp.obj)
                0x03807bd4                vex::brain::lcd::pressing()
 .text._ZN3vex11competition8_disableEPv
                0x03807bf4       0x9c C:\Program Files (x86)\VEX Robotics\VEXcode\sdk/vexv5\libv5rt.a(vex_competition.cpp.obj)
                0x03807bf4                vex::competition::_disable(void*)
 .text._ZN3vex11competition11_autonomousEv
                0x03807c90       0x7c C:\Program Files (x86)\VEX Robotics\VEXcode\sdk/vexv5\libv5rt.a(vex_competition.cpp.obj)
                0x03807c90                vex::competition::_autonomous()
 .text._ZN3vex11competition14_drivercontrolEv
                0x03807d0c       0x7c C:\Program Files (x86)\VEX Robotics\VEXcode\sdk/vexv5\libv5rt.a(vex_competition.cpp.obj)
                0x03807d0c                vex::competition::_drivercontrol()
 .text._ZN3vex11competitionC2Ev
                0x03807d88      0x13c C:\Program Files (x86)\VEX Robotics\VEXcode\sdk/vexv5\libv5rt.a(vex_competition.cpp.obj)
                0x03807d88                vex::competition::competition()
                0x03807d88                vex::competition::competition()
 .text._ZN3vex11competitionD2Ev
                0x03807ec4        0x4 C:\Program Files (x86)\VEX Robotics\VEXcode\sdk/vexv5\libv5rt.a(vex_competition.cpp.obj)
                0x03807ec4                vex::competition::~competition()
                0x03807ec4                vex::competition::~competition()
 .text._ZN3vex11competition10autonomousEPFvvE
                0x03807ec8       0x44 C:\Program Files (x86)\VEX Robotics\VEXcode\sdk/vexv5\libv5rt.a(vex_competition.cpp.obj)
                0x03807ec8                vex::competition::autonomous(void (*)())
 .text._ZN3vex11competition13drivercontrolEPFvvE
                0x03807f0c       0x44 C:\Program Files (x86)\VEX Robotics\VEXcode\sdk/vexv5\libv5rt.a(vex_competition.cpp.obj)
                0x03807f0c                vex::competition::drivercontrol(void (*)())
 .text._ZN3vex7triport9installedEv
                0x03807f50       0x18 C:\Program Files (x86)\VEX Robotics\VEXcode\sdk/vexv5\libv5rt.a(vex_triport.cpp.obj)
                0x03807f50                vex::triport::installed()
 .text._ZN3vex7triportD2Ev
                0x03807f68       0x38 C:\Program Files (x86)\VEX Robotics\VEXcode\sdk/vexv5\libv5rt.a(vex_triport.cpp.obj)
                0x03807f68                vex::triport::~triport()
                0x03807f68                vex::triport::~triport()
 .text._ZN3vex7triport4portC2ElPS0_
                0x03807fa0       0x90 C:\Program Files (x86)\VEX Robotics\VEXcode\sdk/vexv5\libv5rt.a(vex_triport.cpp.obj)
                0x03807fa0                vex::triport::port::port(long, vex::triport*)
                0x03807fa0                vex::triport::port::port(long, vex::triport*)
 .text._ZN3vex7triportC2El
                0x03808030       0xf0 C:\Program Files (x86)\VEX Robotics\VEXcode\sdk/vexv5\libv5rt.a(vex_triport.cpp.obj)
                0x03808030                vex::triport::triport(long)
                0x03808030                vex::triport::triport(long)
 .text._ZN3vex7triport4port4typeENS_11triportTypeE
                0x03808120       0x34 C:\Program Files (x86)\VEX Robotics\VEXcode\sdk/vexv5\libv5rt.a(vex_triport.cpp.obj)
                0x03808120                vex::triport::port::type(vex::triportType)
 .text._ZN3vex7triport4port4typeEv
                0x03808154       0x38 C:\Program Files (x86)\VEX Robotics\VEXcode\sdk/vexv5\libv5rt.a(vex_triport.cpp.obj)
                0x03808154                vex::triport::port::type()
 .text._ZN3vex7triport4port5valueEv
                0x0380818c       0x14 C:\Program Files (x86)\VEX Robotics\VEXcode\sdk/vexv5\libv5rt.a(vex_triport.cpp.obj)
                0x0380818c                vex::triport::port::value()
 .text._ZN3vex7triport4port5valueEl
                0x038081a0       0x18 C:\Program Files (x86)\VEX Robotics\VEXcode\sdk/vexv5\libv5rt.a(vex_triport.cpp.obj)
                0x038081a0                vex::triport::port::value(long)
 .text._ZN3vex7triport4port14_convertAnalogENS_11analogUnitsE
                0x038081b8       0x58 C:\Program Files (x86)\VEX Robotics\VEXcode\sdk/vexv5\libv5rt.a(vex_triport.cpp.obj)
                0x038081b8                vex::triport::port::_convertAnalog(vex::analogUnits)
 .text._ZN3vex11__trideviceC2ERNS_7triport4portENS_11triportTypeE
                0x03808210       0x5c C:\Program Files (x86)\VEX Robotics\VEXcode\sdk/vexv5\libv5rt.a(vex_triport.cpp.obj)
                0x03808210                vex::__tridevice::__tridevice(vex::triport::port&, vex::triportType)
                0x03808210                vex::__tridevice::__tridevice(vex::triport::port&, vex::triportType)
 .text._ZN3vex11__tridevice14_convertAnalogENS_11analogUnitsE
                0x0380826c        0x8 C:\Program Files (x86)\VEX Robotics\VEXcode\sdk/vexv5\libv5rt.a(vex_triport.cpp.obj)
                0x0380826c                vex::__tridevice::_convertAnalog(vex::analogUnits)
 .text._ZN3vex5limitC2ERNS_7triport4portE
                0x03808274       0x28 C:\Program Files (x86)\VEX Robotics\VEXcode\sdk/vexv5\libv5rt.a(vex_triport.cpp.obj)
                0x03808274                vex::limit::limit(vex::triport::port&)
                0x03808274                vex::limit::limit(vex::triport::port&)
 .text._ZN3vex5limitD2Ev
                0x0380829c        0x4 C:\Program Files (x86)\VEX Robotics\VEXcode\sdk/vexv5\libv5rt.a(vex_triport.cpp.obj)
                0x0380829c                vex::limit::~limit()
                0x0380829c                vex::limit::~limit()
 .text._ZN3vex5limit5valueEv
                0x038082a0        0x8 C:\Program Files (x86)\VEX Robotics\VEXcode\sdk/vexv5\libv5rt.a(vex_triport.cpp.obj)
                0x038082a0                vex::limit::value()
 .text._ZN3vex10digital_inC2ERNS_7triport4portE
                0x038082a8       0x28 C:\Program Files (x86)\VEX Robotics\VEXcode\sdk/vexv5\libv5rt.a(vex_triport.cpp.obj)
                0x038082a8                vex::digital_in::digital_in(vex::triport::port&)
                0x038082a8                vex::digital_in::digital_in(vex::triport::port&)
 .text._ZN3vex10digital_inD2Ev
                0x038082d0        0x4 C:\Program Files (x86)\VEX Robotics\VEXcode\sdk/vexv5\libv5rt.a(vex_triport.cpp.obj)
                0x038082d0                vex::digital_in::~digital_in()
                0x038082d0                vex::digital_in::~digital_in()
 .text._ZN3vex10digital_in5valueEv
                0x038082d4       0x18 C:\Program Files (x86)\VEX Robotics\VEXcode\sdk/vexv5\libv5rt.a(vex_triport.cpp.obj)
                0x038082d4                vex::digital_in::value()
 .text._ZN3vex11digital_outC2ERNS_7triport4portE
                0x038082ec       0x18 C:\Program Files (x86)\VEX Robotics\VEXcode\sdk/vexv5\libv5rt.a(vex_triport.cpp.obj)
                0x038082ec                vex::digital_out::digital_out(vex::triport::port&)
                0x038082ec                vex::digital_out::digital_out(vex::triport::port&)
 .text._ZN3vex11digital_outD2Ev
                0x03808304        0x4 C:\Program Files (x86)\VEX Robotics\VEXcode\sdk/vexv5\libv5rt.a(vex_triport.cpp.obj)
                0x03808304                vex::digital_out::~digital_out()
                0x03808304                vex::digital_out::~digital_out()
 .text._ZN3vex11digital_out3setEb
                0x03808308        0x8 C:\Program Files (x86)\VEX Robotics\VEXcode\sdk/vexv5\libv5rt.a(vex_triport.cpp.obj)
                0x03808308                vex::digital_out::set(bool)
 .text._ZN3vex4lineC2ERNS_7triport4portE
                0x03808310       0x20 C:\Program Files (x86)\VEX Robotics\VEXcode\sdk/vexv5\libv5rt.a(vex_triport.cpp.obj)
                0x03808310                vex::line::line(vex::triport::port&)
                0x03808310                vex::line::line(vex::triport::port&)
 .text._ZN3vex4lineD2Ev
                0x03808330        0x4 C:\Program Files (x86)\VEX Robotics\VEXcode\sdk/vexv5\libv5rt.a(vex_triport.cpp.obj)
                0x03808330                vex::line::~line()
                0x03808330                vex::line::~line()
 .text._ZN3vex4line5valueENS_11analogUnitsE
                0x03808334        0x4 C:\Program Files (x86)\VEX Robotics\VEXcode\sdk/vexv5\libv5rt.a(vex_triport.cpp.obj)
                0x03808334                vex::line::value(vex::analogUnits)
 .text._ZN3vex4gyroC2ERNS_7triport4portE
                0x03808338       0x20 C:\Program Files (x86)\VEX Robotics\VEXcode\sdk/vexv5\libv5rt.a(vex_triport.cpp.obj)
                0x03808338                vex::gyro::gyro(vex::triport::port&)
                0x03808338                vex::gyro::gyro(vex::triport::port&)
 .text._ZN3vex4gyroD2Ev
                0x03808358        0x4 C:\Program Files (x86)\VEX Robotics\VEXcode\sdk/vexv5\libv5rt.a(vex_triport.cpp.obj)
                0x03808358                vex::gyro::~gyro()
                0x03808358                vex::gyro::~gyro()
 *fill*         0x0380835c        0x4 
 .text._ZN3vex4gyro5valueENS_13rotationUnitsE
                0x03808360       0x50 C:\Program Files (x86)\VEX Robotics\VEXcode\sdk/vexv5\libv5rt.a(vex_triport.cpp.obj)
                0x03808360                vex::gyro::value(vex::rotationUnits)
 .text._ZN3vex4gyro16startCalibrationEl
                0x038083b0        0x8 C:\Program Files (x86)\VEX Robotics\VEXcode\sdk/vexv5\libv5rt.a(vex_triport.cpp.obj)
                0x038083b0                vex::gyro::startCalibration(long)
 .text.startup._GLOBAL__sub_I__ZN3vex7triportC2El
                0x038083b8       0x30 C:\Program Files (x86)\VEX Robotics\VEXcode\sdk/vexv5\libv5rt.a(vex_triport.cpp.obj)
 .text._ZN3vex5colorD2Ev
                0x038083e8        0x4 C:\Program Files (x86)\VEX Robotics\VEXcode\sdk/vexv5\libv5rt.a(vex_color.cpp.obj)
                0x038083e8                vex::color::~color()
                0x038083e8                vex::color::~color()
 .text._ZNK3vex5colorcvmEv
                0x038083ec        0x8 C:\Program Files (x86)\VEX Robotics\VEXcode\sdk/vexv5\libv5rt.a(vex_color.cpp.obj)
                0x038083ec                vex::color::operator unsigned long() const
 .text._ZNK3vex5color13isTransparentEv
                0x038083f4        0x8 C:\Program Files (x86)\VEX Robotics\VEXcode\sdk/vexv5\libv5rt.a(vex_color.cpp.obj)
                0x038083f4                vex::color::isTransparent() const
 .text.startup._GLOBAL__sub_I__ZN3vex5color5blackE
                0x038083fc      0x164 C:\Program Files (x86)\VEX Robotics\VEXcode\sdk/vexv5\libv5rt.a(vex_color.cpp.obj)
 .text._ZN3vex5timerD2Ev
                0x03808560        0x4 C:\Program Files (x86)\VEX Robotics\VEXcode\sdk/vexv5\libv5rt.a(vex_timer.cpp.obj)
                0x03808560                vex::timer::~timer()
                0x03808560                vex::timer::~timer()
 .text._ZN3vex5timer5clearEv
                0x03808564       0x1c C:\Program Files (x86)\VEX Robotics\VEXcode\sdk/vexv5\libv5rt.a(vex_timer.cpp.obj)
                0x03808564                vex::timer::clear()
 .text._ZN3vex5timerC2Ev
                0x03808580       0x14 C:\Program Files (x86)\VEX Robotics\VEXcode\sdk/vexv5\libv5rt.a(vex_timer.cpp.obj)
                0x03808580                vex::timer::timer()
                0x03808580                vex::timer::timer()
 *fill*         0x03808594        0x4 
 .text._ZNK3vex5timer4timeENS_9timeUnitsE
                0x03808598       0x40 C:\Program Files (x86)\VEX Robotics\VEXcode\sdk/vexv5\libv5rt.a(vex_timer.cpp.obj)
                0x03808598                vex::timer::time(vex::timeUnits) const
 .text.vexAdiPortConfigSet
                0x038085d8       0x28 C:\Program Files (x86)\VEX Robotics\VEXcode\sdk/vexv5\libv5rt.a(v5_apiuser.c.obj)
                0x038085d8                vexAdiPortConfigSet
 .text.vexAdiPortConfigGet
                0x03808600       0x28 C:\Program Files (x86)\VEX Robotics\VEXcode\sdk/vexv5\libv5rt.a(v5_apiuser.c.obj)
                0x03808600                vexAdiPortConfigGet
 .text.vexAdiValueSet
                0x03808628       0x28 C:\Program Files (x86)\VEX Robotics\VEXcode\sdk/vexv5\libv5rt.a(v5_apiuser.c.obj)
                0x03808628                vexAdiValueSet
 .text.vexAdiValueGet
                0x03808650       0x20 C:\Program Files (x86)\VEX Robotics\VEXcode\sdk/vexv5\libv5rt.a(v5_apiuser.c.obj)
                0x03808650                vexAdiValueGet
 .text.vexMotorVelocitySet
                0x03808670       0x20 C:\Program Files (x86)\VEX Robotics\VEXcode\sdk/vexv5\libv5rt.a(v5_apiuser.c.obj)
                0x03808670                vexMotorVelocitySet
 .text.vexMotorActualVelocityGet
                0x03808690       0x24 C:\Program Files (x86)\VEX Robotics\VEXcode\sdk/vexv5\libv5rt.a(v5_apiuser.c.obj)
                0x03808690                vexMotorActualVelocityGet
 .text.vexMotorZeroPositionFlagGet
                0x038086b4       0x18 C:\Program Files (x86)\VEX Robotics\VEXcode\sdk/vexv5\libv5rt.a(v5_apiuser.c.obj)
                0x038086b4                vexMotorZeroPositionFlagGet
 .text.vexMotorReverseFlagSet
                0x038086cc       0x20 C:\Program Files (x86)\VEX Robotics\VEXcode\sdk/vexv5\libv5rt.a(v5_apiuser.c.obj)
                0x038086cc                vexMotorReverseFlagSet
 .text.vexMotorEncoderUnitsSet
                0x038086ec       0x20 C:\Program Files (x86)\VEX Robotics\VEXcode\sdk/vexv5\libv5rt.a(v5_apiuser.c.obj)
                0x038086ec                vexMotorEncoderUnitsSet
 .text.vexMotorBrakeModeSet
                0x0380870c       0x20 C:\Program Files (x86)\VEX Robotics\VEXcode\sdk/vexv5\libv5rt.a(v5_apiuser.c.obj)
                0x0380870c                vexMotorBrakeModeSet
 .text.vexMotorPositionSet
                0x0380872c       0x28 C:\Program Files (x86)\VEX Robotics\VEXcode\sdk/vexv5\libv5rt.a(v5_apiuser.c.obj)
                0x0380872c                vexMotorPositionSet
 .text.vexMotorPositionGet
                0x03808754       0x24 C:\Program Files (x86)\VEX Robotics\VEXcode\sdk/vexv5\libv5rt.a(v5_apiuser.c.obj)
                0x03808754                vexMotorPositionGet
 .text.vexMotorAbsoluteTargetSet
                0x03808778       0x30 C:\Program Files (x86)\VEX Robotics\VEXcode\sdk/vexv5\libv5rt.a(v5_apiuser.c.obj)
                0x03808778                vexMotorAbsoluteTargetSet
 .text.vexMotorGearingSet
                0x038087a8       0x20 C:\Program Files (x86)\VEX Robotics\VEXcode\sdk/vexv5\libv5rt.a(v5_apiuser.c.obj)
                0x038087a8                vexMotorGearingSet
 .text.vexMotorGearingGet
                0x038087c8       0x18 C:\Program Files (x86)\VEX Robotics\VEXcode\sdk/vexv5\libv5rt.a(v5_apiuser.c.obj)
                0x038087c8                vexMotorGearingGet
 .text.vexVisionModeSet
                0x038087e0       0x20 C:\Program Files (x86)\VEX Robotics\VEXcode\sdk/vexv5\libv5rt.a(v5_apiuser.c.obj)
                0x038087e0                vexVisionModeSet
 .text.vexVisionObjectCountGet
                0x03808800       0x18 C:\Program Files (x86)\VEX Robotics\VEXcode\sdk/vexv5\libv5rt.a(v5_apiuser.c.obj)
                0x03808800                vexVisionObjectCountGet
 .text.vexVisionObjectGet
                0x03808818       0x28 C:\Program Files (x86)\VEX Robotics\VEXcode\sdk/vexv5\libv5rt.a(v5_apiuser.c.obj)
                0x03808818                vexVisionObjectGet
 .text.vexVisionSignatureSet
                0x03808840       0x20 C:\Program Files (x86)\VEX Robotics\VEXcode\sdk/vexv5\libv5rt.a(v5_apiuser.c.obj)
                0x03808840                vexVisionSignatureSet
 .text.vexVisionBrightnessSet
                0x03808860       0x20 C:\Program Files (x86)\VEX Robotics\VEXcode\sdk/vexv5\libv5rt.a(v5_apiuser.c.obj)
                0x03808860                vexVisionBrightnessSet
 .text.vexVisionLedModeSet
                0x03808880       0x20 C:\Program Files (x86)\VEX Robotics\VEXcode\sdk/vexv5\libv5rt.a(v5_apiuser.c.obj)
                0x03808880                vexVisionLedModeSet
 .text.vexVisionLedColorSet
                0x038088a0       0x2c C:\Program Files (x86)\VEX Robotics\VEXcode\sdk/vexv5\libv5rt.a(v5_apiuser.c.obj)
                0x038088a0                vexVisionLedColorSet
 .text.vexEventMaskSet
                0x038088cc       0x28 C:\Program Files (x86)\VEX Robotics\VEXcode\sdk/vexv5\libv5rt.a(v5_apiuser.c.obj)
                0x038088cc                vexEventMaskSet
 .text.vexEventMaskGet
                0x038088f4       0x18 C:\Program Files (x86)\VEX Robotics\VEXcode\sdk/vexv5\libv5rt.a(v5_apiuser.c.obj)
                0x038088f4                vexEventMaskGet
 .text._ZN3vex6device5valueEv
                0x0380890c        0x8 C:\Program Files (x86)\VEX Robotics\VEXcode\sdk/vexv5\libv5rt.a(vex_device.cpp.obj)
                0x0380890c                vex::device::value()
 .text._ZN3vex6deviceD2Ev
                0x03808914        0x4 C:\Program Files (x86)\VEX Robotics\VEXcode\sdk/vexv5\libv5rt.a(vex_device.cpp.obj)
                0x03808914                vex::device::~device()
                0x03808914                vex::device::~device()
 .text._ZN3vex6device4initEl
                0x03808918       0x30 C:\Program Files (x86)\VEX Robotics\VEXcode\sdk/vexv5\libv5rt.a(vex_device.cpp.obj)
                0x03808918                vex::device::init(long)
 .text._ZN3vex6deviceC2El
                0x03808948       0x20 C:\Program Files (x86)\VEX Robotics\VEXcode\sdk/vexv5\libv5rt.a(vex_device.cpp.obj)
                0x03808948                vex::device::device(long)
                0x03808948                vex::device::device(long)
 .text._ZN3vex6device4typeEv
                0x03808968       0x10 C:\Program Files (x86)\VEX Robotics\VEXcode\sdk/vexv5\libv5rt.a(vex_device.cpp.obj)
                0x03808968                vex::device::type()
 .text._ZN3vex6device9installedEv
                0x03808978       0x14 C:\Program Files (x86)\VEX Robotics\VEXcode\sdk/vexv5\libv5rt.a(vex_device.cpp.obj)
                0x03808978                vex::device::installed()
 .text.__aeabi_memcpy
                0x0380898c        0x4 C:\Program Files (x86)\VEX Robotics\VEXcode\sdk/vexv5/gcc/libs\libc.a(lib_a-aeabi_memcpy.o)
                0x0380898c                __aeabi_memcpy
                0x0380898c                __aeabi_memcpy8
                0x0380898c                __aeabi_memcpy4
 .text.__libc_fini_array
                0x03808990       0x30 C:\Program Files (x86)\VEX Robotics\VEXcode\sdk/vexv5/gcc/libs\libc.a(lib_a-fini.o)
                0x03808990                __libc_fini_array
 .text.__libc_init_array
                0x038089c0       0x58 C:\Program Files (x86)\VEX Robotics\VEXcode\sdk/vexv5/gcc/libs\libc.a(lib_a-init.o)
                0x038089c0                __libc_init_array
 .text.memcpy   0x03808a18       0xa8 C:\Program Files (x86)\VEX Robotics\VEXcode\sdk/vexv5/gcc/libs\libc.a(lib_a-memcpy.o)
                0x03808a18                memcpy
 .text.memcpy.__stub
                0x03808ac0       0x10 linker stubs
 *(.gnu.linkonce.t.*)
 *(.plt)
 *(.gnu_warning)
 *(.gcc_except_table)
 *(.glue_7)
 .glue_7        0x00000000        0x0 linker stubs
 *(.glue_7t)
 .glue_7t       0x00000000        0x0 linker stubs
 *(.vfp11_veneer)
 .vfp11_veneer  0x00000000        0x0 linker stubs
 *(.ARM.extab)
 *(.gnu.linkonce.armextab.*)

.v4_bx          0x03808ad0        0x0
 .v4_bx         0x00000000        0x0 linker stubs

.iplt           0x03808ad0        0x0
 .iplt          0x00000000        0x0 build/src/main.o

.init
 *(.init)

.fini
 *(.fini)

.rodata         0x03808ad0      0x1a4
                0x03808ad0                __rodata_start = .
 *(.rodata)
 *(.rodata.*)
 .rodata.str1.1
                0x03808ad0       0x7a build/src/main.o
                                 0x80 (size before relaxing)
 .rodata.str1.1
                0x03808b4a       0x2e C:\Program Files (x86)\VEX Robotics\VEXcode\sdk/vexv5\libv5rt.a(v5_startup.c.obj)
 .rodata._ZN3vex6PORT22E
                0x03808b78        0x4 C:\Program Files (x86)\VEX Robotics\VEXcode\sdk/vexv5\libv5rt.a(vex_global.cpp.obj)
                0x03808b78                vex::PORT22
 .rodata._ZN3vex6PORT11E
                0x03808b7c        0x4 C:\Program Files (x86)\VEX Robotics\VEXcode\sdk/vexv5\libv5rt.a(vex_global.cpp.obj)
                0x03808b7c                vex::PORT11
 .rodata._ZN3vex6PORT12E
                0x03808b80        0x4 C:\Program Files (x86)\VEX Robotics\VEXcode\sdk/vexv5\libv5rt.a(vex_global.cpp.obj)
                0x03808b80                vex::PORT12
 .rodata._ZN3vex6PORT15E
                0x03808b84        0x4 C:\Program Files (x86)\VEX Robotics\VEXcode\sdk/vexv5\libv5rt.a(vex_global.cpp.obj)
                0x03808b84                vex::PORT15
 .rodata._ZN3vex6PORT17E
                0x03808b88        0x4 C:\Program Files (x86)\VEX Robotics\VEXcode\sdk/vexv5\libv5rt.a(vex_global.cpp.obj)
                0x03808b88                vex::PORT17
 .rodata._ZN3vex6PORT13E
                0x03808b8c        0x4 C:\Program Files (x86)\VEX Robotics\VEXcode\sdk/vexv5\libv5rt.a(vex_global.cpp.obj)
                0x03808b8c                vex::PORT13
 .rodata._ZN3vex5PORT6E
                0x03808b90        0x4 C:\Program Files (x86)\VEX Robotics\VEXcode\sdk/vexv5\libv5rt.a(vex_global.cpp.obj)
                0x03808b90                vex::PORT6
 .rodata._ZN3vex5PORT7E
                0x03808b94        0x4 C:\Program Files (x86)\VEX Robotics\VEXcode\sdk/vexv5\libv5rt.a(vex_global.cpp.obj)
                0x03808b94                vex::PORT7
 .rodata._ZN3vex6PORT21E
                0x03808b98        0x4 C:\Program Files (x86)\VEX Robotics\VEXcode\sdk/vexv5\libv5rt.a(vex_global.cpp.obj)
                0x03808b98                vex::PORT21
 .rodata._ZN3vex5PORT1E
                0x03808b9c        0x4 C:\Program Files (x86)\VEX Robotics\VEXcode\sdk/vexv5\libv5rt.a(vex_global.cpp.obj)
                0x03808b9c                vex::PORT1
 .rodata._ZN3vex6PORT19E
                0x03808ba0        0x4 C:\Program Files (x86)\VEX Robotics\VEXcode\sdk/vexv5\libv5rt.a(vex_global.cpp.obj)
                0x03808ba0                vex::PORT19
 .rodata._ZN3vex6PORT14E
                0x03808ba4        0x4 C:\Program Files (x86)\VEX Robotics\VEXcode\sdk/vexv5\libv5rt.a(vex_global.cpp.obj)
                0x03808ba4                vex::PORT14
 .rodata._ZN3vex6PORT16E
                0x03808ba8        0x4 C:\Program Files (x86)\VEX Robotics\VEXcode\sdk/vexv5\libv5rt.a(vex_global.cpp.obj)
                0x03808ba8                vex::PORT16
 .rodata._ZN3vex6PORT18E
                0x03808bac        0x4 C:\Program Files (x86)\VEX Robotics\VEXcode\sdk/vexv5\libv5rt.a(vex_global.cpp.obj)
                0x03808bac                vex::PORT18
 .rodata._ZN3vex6PORT20E
                0x03808bb0        0x4 C:\Program Files (x86)\VEX Robotics\VEXcode\sdk/vexv5\libv5rt.a(vex_global.cpp.obj)
                0x03808bb0                vex::PORT20
 *fill*         0x03808bb4        0x4 
 .rodata._ZTVN3vex5motorE
                0x03808bb8       0x10 C:\Program Files (x86)\VEX Robotics\VEXcode\sdk/vexv5\libv5rt.a(vex_motor.cpp.obj)
                0x03808bb8                vtable for vex::motor
 .rodata._ZTVN3vex6visionE
                0x03808bc8       0x10 C:\Program Files (x86)\VEX Robotics\VEXcode\sdk/vexv5\libv5rt.a(vex_vision.cpp.obj)
                0x03808bc8                vtable for vex::vision
 .rodata.str1.1
                0x03808bd8       0x15 C:\Program Files (x86)\VEX Robotics\VEXcode\sdk/vexv5\libv5rt.a(vex_controller.cpp.obj)
                                 0x16 (size before relaxing)
 .rodata.CSWTCH.15
                0x03808bed        0xb C:\Program Files (x86)\VEX Robotics\VEXcode\sdk/vexv5\libv5rt.a(vex_controller.cpp.obj)
 .rodata.CSWTCH.17
                0x03808bf8        0xb C:\Program Files (x86)\VEX Robotics\VEXcode\sdk/vexv5\libv5rt.a(vex_controller.cpp.obj)
 .rodata.CSWTCH.23
                0x03808c03        0x3 C:\Program Files (x86)\VEX Robotics\VEXcode\sdk/vexv5\libv5rt.a(vex_controller.cpp.obj)
 .rodata.str1.1
                0x03808c06        0xa C:\Program Files (x86)\VEX Robotics\VEXcode\sdk/vexv5\libv5rt.a(vex_task.cpp.obj)
 .rodata.str1.1
                0x03808c10       0x1a C:\Program Files (x86)\VEX Robotics\VEXcode\sdk/vexv5\libv5rt.a(vex_brain.cpp.obj)
 *fill*         0x03808c2a        0x6 
 .rodata._ZTVN3vex7triportE
                0x03808c30       0x10 C:\Program Files (x86)\VEX Robotics\VEXcode\sdk/vexv5\libv5rt.a(vex_triport.cpp.obj)
                0x03808c30                vtable for vex::triport
 .rodata.CSWTCH.30
                0x03808c40       0x10 C:\Program Files (x86)\VEX Robotics\VEXcode\sdk/vexv5\libv5rt.a(vex_triport.cpp.obj)
 .rodata.CSWTCH.25
                0x03808c50        0xe C:\Program Files (x86)\VEX Robotics\VEXcode\sdk/vexv5\libv5rt.a(vex_triport.cpp.obj)
 *fill*         0x03808c5e        0x2 
 .rodata._ZTVN3vex6deviceE
                0x03808c60       0x10 C:\Program Files (x86)\VEX Robotics\VEXcode\sdk/vexv5\libv5rt.a(vex_device.cpp.obj)
                0x03808c60                vtable for vex::device
 .rodata.str1.4
                0x03808c70        0x4 C:\Program Files (x86)\VEX Robotics\VEXcode\sdk/vexv5/gcc/libs\libc.a(lib_a-impure.o)
                                  0x2 (size before relaxing)
 *(.gnu.linkonce.r.*)
                0x03808c74                __rodata_end = .

.rodata1        0x03808c74        0x0
                0x03808c74                __rodata1_start = .
 *(.rodata1)
 *(.rodata1.*)
                0x03808c74                __rodata1_end = .

.sdata2         0x03808c74        0x0
                0x03808c74                __sdata2_start = .
 *(.sdata2)
 *(.sdata2.*)
 *(.gnu.linkonce.s2.*)
                0x03808c74                __sdata2_end = .

.sbss2          0x03808c74        0x0
                0x03808c74                __sbss2_start = .
 *(.sbss2)
 *(.sbss2.*)
 *(.gnu.linkonce.sb2.*)
                0x03808c74                __sbss2_end = .

.data           0x03808c78      0x47c
                0x03808c78                __data_start = .
 *(.data)
 *(.data.*)
 .data.TrackColor
                0x03808c78        0x1 build/src/main.o
                0x03808c78                TrackColor
 .data.Alliance
                0x03808c79        0x1 build/src/main.o
                0x03808c79                Alliance
 *fill*         0x03808c7a        0x2 
 .data.RPMGoal  0x03808c7c        0x4 build/src/main.o
                0x03808c7c                RPMGoal
 .data.rpmError
                0x03808c80        0x4 build/src/main.o
                0x03808c80                rpmError
 .data.TurnDir  0x03808c84        0x4 build/src/main.o
                0x03808c84                TurnDir
 .data.TempXDist
                0x03808c88        0x4 build/src/main.o
                0x03808c88                TempXDist
 .data.GlobalFlagOffset
                0x03808c8c        0x4 build/src/main.o
                0x03808c8c                GlobalFlagOffset
 .data.fly      0x03808c90        0x4 build/src/main.o
                0x03808c90                fly
 .data.R        0x03808c94        0x4 build/src/main.o
                0x03808c94                R
 .data.LiftVar  0x03808c98        0x4 build/src/main.o
                0x03808c98                LiftVar
 .data.Color    0x03808c9c        0x4 build/src/main.o
                0x03808c9c                Color
 .data.FinalObject
                0x03808ca0        0x4 build/src/main.o
                0x03808ca0                FinalObject
 .data.VisionLR
                0x03808ca4        0x1 build/src/main.o
                0x03808ca4                VisionLR
 *fill*         0x03808ca5        0x3 
 .data.GLOBALI  0x03808ca8        0x4 build/src/main.o
                0x03808ca8                GLOBALI
 .data.GLOBALD  0x03808cac        0x4 build/src/main.o
                0x03808cac                GLOBALD
 .data.PID_MOTOR_SCALE
                0x03808cb0        0x4 build/src/main.o
                0x03808cb0                PID_MOTOR_SCALE
 .data.PID_MOTOR_MAX
                0x03808cb4        0x4 build/src/main.o
                0x03808cb4                PID_MOTOR_MAX
 .data.PID_MOTOR_MIN
                0x03808cb8        0x4 build/src/main.o
                0x03808cb8                PID_MOTOR_MIN
 .data.PID_INTEGRAL_LIMIT
                0x03808cbc        0x4 build/src/main.o
                0x03808cbc                PID_INTEGRAL_LIMIT
 .data.appRunning
                0x03808cc0        0x4 C:\Program Files (x86)\VEX Robotics\VEXcode\sdk/vexv5\libv5rt.a(v5_startup.c.obj)
                0x03808cc0                appRunning
 .data.__yoff   0x03808cc4        0x4 C:\Program Files (x86)\VEX Robotics\VEXcode\sdk/vexv5\libv5rt.a(v5_apijump.c.obj)
 .data.impure_data
                0x03808cc8      0x428 C:\Program Files (x86)\VEX Robotics\VEXcode\sdk/vexv5/gcc/libs\libc.a(lib_a-impure.o)
 .data._impure_ptr
                0x038090f0        0x4 C:\Program Files (x86)\VEX Robotics\VEXcode\sdk/vexv5/gcc/libs\libc.a(lib_a-impure.o)
                0x038090f0                _impure_ptr
 *(.gnu.linkonce.d.*)
 *(.jcr)
 *(.got)
 *(.got.plt)
                0x038090f4                __data_end = .

.igot.plt       0x038090f4        0x0
 .igot.plt      0x00000000        0x0 build/src/main.o

.data1          0x038090f4        0x0
                0x038090f4                __data1_start = .
 *(.data1)
 *(.data1.*)
                0x038090f4                __data1_end = .

.got
 *(.got)

.ctors          0x038090f4        0x0
                0x038090f4                __CTOR_LIST__ = .
                0x038090f4                ___CTORS_LIST___ = .
 *crtbegin.o(.ctors)
 *(EXCLUDE_FILE(*crtend.o) .ctors)
 *(SORT(.ctors.*))
 *(.ctors)
                0x038090f4                __CTOR_END__ = .
                0x038090f4                ___CTORS_END___ = .

.dtors          0x038090f4        0x0
                0x038090f4                __DTOR_LIST__ = .
                0x038090f4                ___DTORS_LIST___ = .
 *crtbegin.o(.dtors)
 *(EXCLUDE_FILE(*crtend.o) .dtors)
 *(SORT(.dtors.*))
 *(.dtors)
                0x038090f4                __DTOR_END__ = .
                0x038090f4                ___DTORS_END___ = .

.fixup          0x038090f4        0x0
                0x038090f4                __fixup_start = .
 *(.fixup)
                0x038090f4                __fixup_end = .

.eh_frame
 *(.eh_frame)

.eh_framehdr    0x038090f4        0x0
                0x038090f4                __eh_framehdr_start = .
 *(.eh_framehdr)
                0x038090f4                __eh_framehdr_end = .

.gcc_except_table
 *(.gcc_except_table)

.mmu_tbl        0x0380c000        0x0
                0x0380c000                __mmu_tbl_start = .
 *(.mmu_tbl)
                0x0380c000                __mmu_tbl_end = .

.ARM.exidx      0x038090f4        0x8
                0x038090f4                __exidx_start = .
 *(.ARM.exidx*)
 .ARM.exidx.text._ZN3vex6visionC2IJNS0_9signatureES2_S2_S2_S2_S2_S2_EEElhDpT_
                0x038090f4        0x8 build/src/main.o
 .ARM.exidx.text._Z13gyroCalibratev
                0x038090fc        0x0 build/src/main.o
                                  0x8 (size before relaxing)
 .ARM.exidx.text._Z11gyroGetRatev
                0x038090fc        0x0 build/src/main.o
                                  0x8 (size before relaxing)
 .ARM.exidx.text._Z9GyroTrackv
                0x038090fc        0x0 build/src/main.o
                                  0x8 (size before relaxing)
 .ARM.exidx.text._Z3runN3vex5motorEd
                0x038090fc        0x0 build/src/main.o
                                  0x8 (size before relaxing)
 .ARM.exidx.text._Z14AllianceSelectv
                0x038090fc        0x0 build/src/main.o
                                  0x8 (size before relaxing)
 .ARM.exidx.text._Z11PrintScreenv
                0x038090fc        0x0 build/src/main.o
                                  0x8 (size before relaxing)
 .ARM.exidx.text._Z7RPMCalcv
                0x038090fc        0x0 build/src/main.o
                                  0x8 (size before relaxing)
 .ARM.exidx.text._Z9ShootBallv
                0x038090fc        0x0 build/src/main.o
                                  0x8 (size before relaxing)
 .ARM.exidx.text._Z10TurnToFlagv
                0x038090fc        0x0 build/src/main.o
                                  0x8 (size before relaxing)
 .ARM.exidx.text._Z6TIMER2v
                0x038090fc        0x0 build/src/main.o
                                  0x8 (size before relaxing)
 .ARM.exidx.text._Z9StopDrivev
                0x038090fc        0x0 build/src/main.o
                                  0x8 (size before relaxing)
 .ARM.exidx.text._Z10rightDrivei
                0x038090fc        0x0 build/src/main.o
                                  0x8 (size before relaxing)
 .ARM.exidx.text._Z9leftDrivei
                0x038090fc        0x0 build/src/main.o
                                  0x8 (size before relaxing)
 .ARM.exidx.text._Z6Driverv
                0x038090fc        0x0 build/src/main.o
                                  0x8 (size before relaxing)
 .ARM.exidx.text._Z7pidTurnffffi
                0x038090fc        0x0 build/src/main.o
                                  0x8 (size before relaxing)
 .ARM.exidx.text._Z4Moveff
                0x038090fc        0x0 build/src/main.o
                                  0x8 (size before relaxing)
 .ARM.exidx.text._Z6ToWalld
                0x038090fc        0x0 build/src/main.o
                                  0x8 (size before relaxing)
 .ARM.exidx.text._Z10TurnTurretd
                0x038090fc        0x0 build/src/main.o
                                  0x8 (size before relaxing)
 .ARM.exidx.text._Z9pre_autonv
                0x038090fc        0x0 build/src/main.o
                                  0x8 (size before relaxing)
 .ARM.exidx.text._Z10autonomousv
                0x038090fc        0x0 build/src/main.o
                                  0x8 (size before relaxing)
 .ARM.exidx.text._Z11usercontrolv
                0x038090fc        0x0 build/src/main.o
                                  0x8 (size before relaxing)
 .ARM.exidx.text.main
                0x038090fc        0x0 build/src/main.o
                                  0x8 (size before relaxing)
 .ARM.exidx.text._ZN3vex6vision7_setsigINS0_9signatureEJS2_S2_S2_S2_S2_S2_EEEvRT_DpT0_
                0x038090fc        0x0 build/src/main.o
                                  0x8 (size before relaxing)
 .ARM.exidx.text._ZN3vex6vision7_setsigINS0_9signatureEJS2_S2_S2_S2_S2_EEEvRT_DpT0_
                0x038090fc        0x0 build/src/main.o
                                  0x8 (size before relaxing)
 .ARM.exidx.text._ZN3vex6vision7_setsigINS0_9signatureEJS2_S2_S2_S2_EEEvRT_DpT0_
                0x038090fc        0x0 build/src/main.o
                                  0x8 (size before relaxing)
 .ARM.exidx.text._ZN3vex6vision7_setsigINS0_9signatureEJS2_S2_S2_EEEvRT_DpT0_
                0x038090fc        0x0 build/src/main.o
                                  0x8 (size before relaxing)
 .ARM.exidx.text._ZN3vex6vision7_setsigINS0_9signatureEJS2_S2_EEEvRT_DpT0_
                0x038090fc        0x0 build/src/main.o
                                  0x8 (size before relaxing)
 .ARM.exidx.text._GLOBAL__sub_I_main.cpp
                0x038090fc        0x0 build/src/main.o
                                  0x8 (size before relaxing)
 *(.gnu.linkonce.armexidix.*.*)
                0x038090fc                __exidx_end = .

.rel.dyn        0x038090fc        0x0
 .rel.iplt      0x00000000        0x0 build/src/main.o

.preinit_array  0x038090fc        0x0
                0x038090fc                __preinit_array_start = .
 *(SORT(.preinit_array.*))
 *(.preinit_array)
                0x038090fc                __preinit_array_end = .

.init_array     0x038090fc       0x10
                0x038090fc                __init_array_start = .
 *(SORT(.init_array.*))
 *(.init_array)
 .init_array    0x038090fc        0x4 build/src/main.o
 .init_array    0x03809100        0x4 C:\Program Files (x86)\VEX Robotics\VEXcode\sdk/vexv5\libv5rt.a(vex_motor.cpp.obj)
 .init_array    0x03809104        0x4 C:\Program Files (x86)\VEX Robotics\VEXcode\sdk/vexv5\libv5rt.a(vex_triport.cpp.obj)
 .init_array    0x03809108        0x4 C:\Program Files (x86)\VEX Robotics\VEXcode\sdk/vexv5\libv5rt.a(vex_color.cpp.obj)
                0x0380910c                __init_array_end = .

.fini_array     0x0380910c        0x0
                0x0380910c                __fini_array_start = .
 *(SORT(.fini_array.*))
 *(.fini_array)
                0x0380910c                __fini_array_end = .

.ARM.attributes
                0x0380910c       0x3c
                0x0380910c                __ARM.attributes_start = .
 *(.ARM.attributes)
 .ARM.attributes
                0x0380910c       0x3a build/src/main.o
 .ARM.attributes
                0x03809146       0x35 C:\Program Files (x86)\VEX Robotics\VEXcode\sdk/vexv5\libv5rt.a(v5_startup.c.obj)
 .ARM.attributes
                0x0380917b       0x35 C:\Program Files (x86)\VEX Robotics\VEXcode\sdk/vexv5\libv5rt.a(v5_util.c.obj)
 .ARM.attributes
                0x038091b0       0x35 C:\Program Files (x86)\VEX Robotics\VEXcode\sdk/vexv5\libv5rt.a(v5_apijump.c.obj)
 .ARM.attributes
                0x038091e5       0x35 C:\Program Files (x86)\VEX Robotics\VEXcode\sdk/vexv5\libv5rt.a(v5_apiversions.c.obj)
 .ARM.attributes
                0x0380921a       0x35 C:\Program Files (x86)\VEX Robotics\VEXcode\sdk/vexv5\libv5rt.a(vex_global.cpp.obj)
 .ARM.attributes
                0x0380924f       0x35 C:\Program Files (x86)\VEX Robotics\VEXcode\sdk/vexv5\libv5rt.a(vex_motor.cpp.obj)
 .ARM.attributes
                0x03809284       0x35 C:\Program Files (x86)\VEX Robotics\VEXcode\sdk/vexv5\libv5rt.a(vex_vision.cpp.obj)
 .ARM.attributes
                0x038092b9       0x35 C:\Program Files (x86)\VEX Robotics\VEXcode\sdk/vexv5\libv5rt.a(vex_controller.cpp.obj)
 .ARM.attributes
                0x038092ee       0x35 C:\Program Files (x86)\VEX Robotics\VEXcode\sdk/vexv5\libv5rt.a(vex_task.cpp.obj)
 .ARM.attributes
                0x03809323       0x35 C:\Program Files (x86)\VEX Robotics\VEXcode\sdk/vexv5\libv5rt.a(vex_event.cpp.obj)
 .ARM.attributes
                0x03809358       0x35 C:\Program Files (x86)\VEX Robotics\VEXcode\sdk/vexv5\libv5rt.a(vex_mevent.cpp.obj)
 .ARM.attributes
                0x0380938d       0x35 C:\Program Files (x86)\VEX Robotics\VEXcode\sdk/vexv5\libv5rt.a(vex_brain.cpp.obj)
 .ARM.attributes
                0x038093c2       0x35 C:\Program Files (x86)\VEX Robotics\VEXcode\sdk/vexv5\libv5rt.a(vex_competition.cpp.obj)
 .ARM.attributes
                0x038093f7       0x35 C:\Program Files (x86)\VEX Robotics\VEXcode\sdk/vexv5\libv5rt.a(vex_triport.cpp.obj)
 .ARM.attributes
                0x0380942c       0x35 C:\Program Files (x86)\VEX Robotics\VEXcode\sdk/vexv5\libv5rt.a(vex_color.cpp.obj)
 .ARM.attributes
                0x03809461       0x35 C:\Program Files (x86)\VEX Robotics\VEXcode\sdk/vexv5\libv5rt.a(vex_timer.cpp.obj)
 .ARM.attributes
                0x03809496       0x35 C:\Program Files (x86)\VEX Robotics\VEXcode\sdk/vexv5\libv5rt.a(v5_apiuser.c.obj)
 .ARM.attributes
                0x038094cb       0x35 C:\Program Files (x86)\VEX Robotics\VEXcode\sdk/vexv5\libv5rt.a(vex_device.cpp.obj)
 .ARM.attributes
                0x03809500       0x2b C:\Program Files (x86)\VEX Robotics\VEXcode\sdk/vexv5/gcc/libs\libc.a(lib_a-aeabi_memcpy.o)
 .ARM.attributes
                0x0380952b       0x2b C:\Program Files (x86)\VEX Robotics\VEXcode\sdk/vexv5/gcc/libs\libc.a(lib_a-fini.o)
 .ARM.attributes
                0x03809556       0x2b C:\Program Files (x86)\VEX Robotics\VEXcode\sdk/vexv5/gcc/libs\libc.a(lib_a-impure.o)
 .ARM.attributes
                0x03809581       0x2b C:\Program Files (x86)\VEX Robotics\VEXcode\sdk/vexv5/gcc/libs\libc.a(lib_a-init.o)
 .ARM.attributes
                0x038095ac       0x2b C:\Program Files (x86)\VEX Robotics\VEXcode\sdk/vexv5/gcc/libs\libc.a(lib_a-memcpy.o)
                0x038095d7                __ARM.attributes_end = .

.sdata          0x0380910c        0x0
                0x0380910c                __sdata_start = .
 *(.sdata)
 *(.sdata.*)
 *(.gnu.linkonce.s.*)
                0x0380910c                __sdata_end = .

.sbss           0x0380910c        0x0
                0x0380910c                __sbss_start = .
 *(.sbss)
 *(.sbss.*)
 *(.gnu.linkonce.sb.*)
                0x0380910c                __sbss_end = .

.tdata          0x0380910c        0x0
                0x0380910c                __tdata_start = .
 *(.tdata)
 *(.tdata.*)
 *(.gnu.linkonce.td.*)
                0x0380910c                __tdata_end = .

.tbss           0x0380910c        0x0
                0x0380910c                __tbss_start = .
 *(.tbss)
 *(.tbss.*)
 *(.gnu.linkonce.tb.*)
                0x0380910c                __tbss_end = .

.bss            0x03809110     0x3744
                0x03809110                __bss_start = .
 *(.bss)
 *(.bss.*)
 .bss.Brain     0x03809110      0x2e0 build/src/main.o
                0x03809110                Brain
 .bss.Competition
                0x038093f0       0x28 build/src/main.o
                0x038093f0                Competition
 .bss.Controller
                0x03809418      0x1e0 build/src/main.o
                0x03809418                Controller
 .bss.Lift      0x038095f8       0x18 build/src/main.o
                0x038095f8                Lift
 .bss.Trans     0x03809610       0x18 build/src/main.o
                0x03809610                Trans
 .bss.IR        0x03809628       0x20 build/src/main.o
                0x03809628                IR
 .bss.BallBottom
                0x03809648       0x1c build/src/main.o
                0x03809648                BallBottom
 .bss.BallLoaded
                0x03809664       0x20 build/src/main.o
                0x03809664                BallLoaded
 .bss.RLine     0x03809684       0x1c build/src/main.o
                0x03809684                RLine
 .bss.LLine     0x038096a0       0x1c build/src/main.o
                0x038096a0                LLine
 .bss.Gyro      0x038096bc       0x1c build/src/main.o
                0x038096bc                Gyro
 .bss.Hood      0x038096d8       0x28 build/src/main.o
                0x038096d8                Hood
 .bss.FlyL      0x03809700       0x28 build/src/main.o
                0x03809700                FlyL
 .bss.FlyR      0x03809728       0x28 build/src/main.o
                0x03809728                FlyR
 .bss.Turret    0x03809750       0x28 build/src/main.o
                0x03809750                Turret
 .bss.BallFeed  0x03809778       0x28 build/src/main.o
                0x03809778                BallFeed
 .bss.LF        0x038097a0       0x28 build/src/main.o
                0x038097a0                LF
 .bss.LB        0x038097c8       0x28 build/src/main.o
                0x038097c8                LB
 .bss.LM        0x038097f0       0x28 build/src/main.o
                0x038097f0                LM
 .bss.RB        0x03809818       0x28 build/src/main.o
                0x03809818                RB
 .bss.RM        0x03809840       0x28 build/src/main.o
                0x03809840                RM
 .bss.RF        0x03809868       0x28 build/src/main.o
                0x03809868                RF
 .bss.Roll      0x03809890       0x28 build/src/main.o
                0x03809890                Roll
 .bss.Roller2   0x038098b8       0x28 build/src/main.o
                0x038098b8                Roller2
 .bss.REDFLAG   0x038098e0       0x50 build/src/main.o
                0x038098e0                REDFLAG
 .bss.BLUEFLAG  0x03809930       0x50 build/src/main.o
                0x03809930                BLUEFLAG
 .bss.GREENFLAG
                0x03809980       0x50 build/src/main.o
                0x03809980                GREENFLAG
 .bss.SIG_4     0x038099d0       0x50 build/src/main.o
                0x038099d0                SIG_4
 .bss.SIG_5     0x03809a20       0x50 build/src/main.o
                0x03809a20                SIG_5
 .bss.SIG_6     0x03809a70       0x50 build/src/main.o
                0x03809a70                SIG_6
 .bss.SIG_7     0x03809ac0       0x50 build/src/main.o
                0x03809ac0                SIG_7
 .bss.Vision    0x03809b10      0x690 build/src/main.o
                0x03809b10                Vision
 .bss.VisionL   0x0380a1a0      0x690 build/src/main.o
                0x0380a1a0                VisionL
 .bss.TurnDiff  0x0380a830        0x4 build/src/main.o
                0x0380a830                TurnDiff
 .bss.TempHeight
                0x0380a834        0x4 build/src/main.o
                0x0380a834                TempHeight
 .bss.TempWidth
                0x0380a838        0x4 build/src/main.o
                0x0380a838                TempWidth
 .bss.TempYDist
                0x0380a83c        0x4 build/src/main.o
                0x0380a83c                TempYDist
 .bss.Tran      0x0380a840        0x4 build/src/main.o
                0x0380a840                Tran
 .bss.Shoot     0x0380a844        0x4 build/src/main.o
                0x0380a844                Shoot
 .bss.SnapToFlag
                0x0380a848        0x4 build/src/main.o
                0x0380a848                SnapToFlag
 .bss.AutoRunning
                0x0380a84c        0x4 build/src/main.o
                0x0380a84c                AutoRunning
 .bss.FlipCount
                0x0380a850        0x4 build/src/main.o
                0x0380a850                FlipCount
 .bss.TurretRunning
                0x0380a854        0x4 build/src/main.o
                0x0380a854                TurretRunning
 .bss.T3        0x0380a858        0x4 build/src/main.o
                0x0380a858                T3
 .bss.avgSpeed  0x0380a85c        0x4 build/src/main.o
                0x0380a85c                avgSpeed
 .bss.avgError  0x0380a860        0x4 build/src/main.o
                0x0380a860                avgError
 .bss.GlobalGyro
                0x0380a864        0x4 build/src/main.o
                0x0380a864                GlobalGyro
 .bss.AutoRPM   0x0380a868        0x8 build/src/main.o
                0x0380a868                AutoRPM
 .bss.TempObject
                0x0380a870        0x4 build/src/main.o
                0x0380a870                TempObject
 .bss.FlagSum   0x0380a874        0x4 build/src/main.o
                0x0380a874                FlagSum
 .bss.objheight
                0x0380a878        0x4 build/src/main.o
                0x0380a878                objheight
 .bss.stdDev    0x0380a87c        0x4 build/src/main.o
                0x0380a87c                stdDev
 .bss.avg       0x0380a880        0x4 build/src/main.o
                0x0380a880                avg
 .bss.voltsPerDPS
                0x0380a884        0x4 build/src/main.o
                0x0380a884                voltsPerDPS
 .bss.gyroFlipped
                0x0380a888        0x4 build/src/main.o
                0x0380a888                gyroFlipped
 .bss.calibrationBuffer
                0x0380a88c     0x1f40 build/src/main.o
                0x0380a88c                calibrationBuffer
 .bss.__dso_handle
                0x0380c7cc        0x4 C:\Program Files (x86)\VEX Robotics\VEXcode\sdk/vexv5\libv5rt.a(v5_startup.c.obj)
                0x0380c7cc                __dso_handle
 .bss.lastTime.8075
                0x0380c7d0        0x4 C:\Program Files (x86)\VEX Robotics\VEXcode\sdk/vexv5\libv5rt.a(v5_apijump.c.obj)
 .bss._ZStL8__ioinit
                0x0380c7d4        0x1 C:\Program Files (x86)\VEX Robotics\VEXcode\sdk/vexv5\libv5rt.a(vex_motor.cpp.obj)
 *fill*         0x0380c7d5        0x3 
 .bss._ZN3vex4task8_labelIdE
                0x0380c7d8        0x4 C:\Program Files (x86)\VEX Robotics\VEXcode\sdk/vexv5\libv5rt.a(vex_task.cpp.obj)
                0x0380c7d8                vex::task::_labelId
 .bss._ZN3vex11competition22bStopTasksBetweenModesE
                0x0380c7dc        0x1 C:\Program Files (x86)\VEX Robotics\VEXcode\sdk/vexv5\libv5rt.a(vex_competition.cpp.obj)
                0x0380c7dc                vex::competition::bStopTasksBetweenModes
 .bss._ZN3vex11competition25bStopAllTasksBetweenModesE
                0x0380c7dd        0x1 C:\Program Files (x86)\VEX Robotics\VEXcode\sdk/vexv5\libv5rt.a(vex_competition.cpp.obj)
                0x0380c7dd                vex::competition::bStopAllTasksBetweenModes
 .bss._ZN3vex11competition14_auton_pendingE
                0x0380c7de        0x1 C:\Program Files (x86)\VEX Robotics\VEXcode\sdk/vexv5\libv5rt.a(vex_competition.cpp.obj)
                0x0380c7de                vex::competition::_auton_pending
 *fill*         0x0380c7df        0x1 
 .bss._ZN3vex11competition20_autonomous_callbackE
                0x0380c7e0        0x4 C:\Program Files (x86)\VEX Robotics\VEXcode\sdk/vexv5\libv5rt.a(vex_competition.cpp.obj)
                0x0380c7e0                vex::competition::_autonomous_callback
 .bss._ZN3vex11competition23_drivercontrol_callbackE
                0x0380c7e4        0x4 C:\Program Files (x86)\VEX Robotics\VEXcode\sdk/vexv5\libv5rt.a(vex_competition.cpp.obj)