Archive member included because of file (symbol)

C:\Program Files (x86)\VEX Robotics\VEXcode\sdk/vexv5\libv5rt.a(v5_startup.c.obj)
                              (vexStartup)
C:\Program Files (x86)\VEX Robotics\VEXcode\sdk/vexv5\libv5rt.a(v5_util.c.obj)
                              C:\Program Files (x86)\VEX Robotics\VEXcode\sdk/vexv5\libv5rt.a(v5_startup.c.obj) (vexStdlibVersionLinked)
C:\Program Files (x86)\VEX Robotics\VEXcode\sdk/vexv5\libv5rt.a(v5_apijump.c.obj)
                              C:\Program Files (x86)\VEX Robotics\VEXcode\sdk/vexv5\libv5rt.a(v5_startup.c.obj) (vexPrivateApiEnable)
C:\Program Files (x86)\VEX Robotics\VEXcode\sdk/vexv5\libv5rt.a(v5_apiversions.c.obj)
                              C:\Program Files (x86)\VEX Robotics\VEXcode\sdk/vexv5\libv5rt.a(v5_apijump.c.obj) (vexSystemVersion)
C:\Program Files (x86)\VEX Robotics\VEXcode\sdk/vexv5\libv5rt.a(vex_global.cpp.obj)
                              build/src/main.o (vex::PORT20)
C:\Program Files (x86)\VEX Robotics\VEXcode\sdk/vexv5\libv5rt.a(vex_motor.cpp.obj)
                              build/src/main.o (vex::motor::~motor())
C:\Program Files (x86)\VEX Robotics\VEXcode\sdk/vexv5\libv5rt.a(vex_vision.cpp.obj)
                              build/src/main.o (vex::vision::~vision())
C:\Program Files (x86)\VEX Robotics\VEXcode\sdk/vexv5\libv5rt.a(vex_controller.cpp.obj)
                              build/src/main.o (vex::controller::~controller())
C:\Program Files (x86)\VEX Robotics\VEXcode\sdk/vexv5\libv5rt.a(vex_task.cpp.obj)
                              build/src/main.o (vex::task::task(int (*)()))
C:\Program Files (x86)\VEX Robotics\VEXcode\sdk/vexv5\libv5rt.a(vex_event.cpp.obj)
                              C:\Program Files (x86)\VEX Robotics\VEXcode\sdk/vexv5\libv5rt.a(vex_controller.cpp.obj) (vex::event::init(unsigned long, unsigned long, void (*)()))
C:\Program Files (x86)\VEX Robotics\VEXcode\sdk/vexv5\libv5rt.a(vex_mevent.cpp.obj)
                              C:\Program Files (x86)\VEX Robotics\VEXcode\sdk/vexv5\libv5rt.a(vex_controller.cpp.obj) (vex::mevent::mevent(unsigned long, unsigned long))
C:\Program Files (x86)\VEX Robotics\VEXcode\sdk/vexv5\libv5rt.a(vex_brain.cpp.obj)
                              build/src/main.o (vex::brain::~brain())
C:\Program Files (x86)\VEX Robotics\VEXcode\sdk/vexv5\libv5rt.a(vex_competition.cpp.obj)
                              build/src/main.o (vex::competition::competition())
C:\Program Files (x86)\VEX Robotics\VEXcode\sdk/vexv5\libv5rt.a(vex_triport.cpp.obj)
                              C:\Program Files (x86)\VEX Robotics\VEXcode\sdk/vexv5\libv5rt.a(vex_brain.cpp.obj) (vex::triport::~triport())
C:\Program Files (x86)\VEX Robotics\VEXcode\sdk/vexv5\libv5rt.a(vex_color.cpp.obj)
                              C:\Program Files (x86)\VEX Robotics\VEXcode\sdk/vexv5\libv5rt.a(vex_brain.cpp.obj) (vex::color::operator unsigned long() const)
C:\Program Files (x86)\VEX Robotics\VEXcode\sdk/vexv5\libv5rt.a(vex_timer.cpp.obj)
                              C:\Program Files (x86)\VEX Robotics\VEXcode\sdk/vexv5\libv5rt.a(vex_brain.cpp.obj) (vex::timer::~timer())
C:\Program Files (x86)\VEX Robotics\VEXcode\sdk/vexv5\libv5rt.a(v5_apiuser.c.obj)
                              C:\Program Files (x86)\VEX Robotics\VEXcode\sdk/vexv5\libv5rt.a(vex_triport.cpp.obj) (vexAdiPortConfigSet)
C:\Program Files (x86)\VEX Robotics\VEXcode\sdk/vexv5\libv5rt.a(vex_device.cpp.obj)
                              C:\Program Files (x86)\VEX Robotics\VEXcode\sdk/vexv5\libv5rt.a(vex_triport.cpp.obj) (vex::device::value())
C:\Program Files (x86)\VEX Robotics\VEXcode\sdk/vexv5/gcc/libs\libc.a(lib_a-aeabi_memcpy.o)
                              build/src/main.o (__aeabi_memcpy4)
C:\Program Files (x86)\VEX Robotics\VEXcode\sdk/vexv5/gcc/libs\libc.a(lib_a-fini.o)
                              C:\Program Files (x86)\VEX Robotics\VEXcode\sdk/vexv5\libv5rt.a(v5_startup.c.obj) (__libc_fini_array)
C:\Program Files (x86)\VEX Robotics\VEXcode\sdk/vexv5/gcc/libs\libc.a(lib_a-impure.o)
                              C:\Program Files (x86)\VEX Robotics\VEXcode\sdk/vexv5\libv5rt.a(v5_startup.c.obj) (_impure_ptr)
C:\Program Files (x86)\VEX Robotics\VEXcode\sdk/vexv5/gcc/libs\libc.a(lib_a-init.o)
                              C:\Program Files (x86)\VEX Robotics\VEXcode\sdk/vexv5\libv5rt.a(v5_startup.c.obj) (__libc_init_array)
C:\Program Files (x86)\VEX Robotics\VEXcode\sdk/vexv5/gcc/libs\libc.a(lib_a-memcpy.o)
                              C:\Program Files (x86)\VEX Robotics\VEXcode\sdk/vexv5/gcc/libs\libc.a(lib_a-aeabi_memcpy.o) (memcpy)
C:\Program Files (x86)\VEX Robotics\VEXcode\sdk/vexv5/gcc/libs\libc.a(lib_a-tolower.o)
                              C:\Program Files (x86)\VEX Robotics\VEXcode\sdk/vexv5\libv5rt.a(vex_brain.cpp.obj) (tolower)
C:\Program Files (x86)\VEX Robotics\VEXcode\sdk/vexv5/gcc/libs\libc.a(lib_a-ctype_.o)
[...]
Memory Configuration

Name             Origin             Length             Attributes
ps7_ddr_0_S_AXI_BASEADDR 0x03800000         0x04800000
*default*        0x00000000         0xffffffff

Linker script and memory map

                0x00002000                _STACK_SIZE = DEFINED (_STACK_SIZE)?_STACK_SIZE:0x2000
                0x00100000                _HEAP_SIZE = DEFINED (_HEAP_SIZE)?_HEAP_SIZE:0x100000
                0x00000400                _ABORT_STACK_SIZE = DEFINED (_ABORT_STACK_SIZE)?_ABORT_STACK_SIZE:0x400
                0x00000800                _SUPERVISOR_STACK_SIZE = DEFINED (_SUPERVISOR_STACK_SIZE)?_SUPERVISOR_STACK_SIZE:0x800
                0x00000400                _IRQ_STACK_SIZE = DEFINED (_IRQ_STACK_SIZE)?_IRQ_STACK_SIZE:0x400
                0x00000400                _FIQ_STACK_SIZE = DEFINED (_FIQ_STACK_SIZE)?_FIQ_STACK_SIZE:0x400
                0x00000400                _UNDEF_STACK_SIZE = DEFINED (_UNDEF_STACK_SIZE)?_UNDEF_STACK_SIZE:0x400

.text           0x03800000     0x7438
 *(.vectors)
 *(.boot_data)
 .boot_data     0x03800000       0x20 C:\Program Files (x86)\VEX Robotics\VEXcode\sdk/vexv5\libv5rt.a(v5_startup.c.obj)
                0x03800000                vexCodeSig
                0x00000020                . = 0x20
 *(.boot)
 .boot          0x03800020       0xb4 C:\Program Files (x86)\VEX Robotics\VEXcode\sdk/vexv5\libv5rt.a(v5_startup.c.obj)
                0x03800020                vexStartup
                0x03800100                . = ALIGN (0x40)
 *fill*         0x038000d4       0x2c 
 *(.freertos_vectors)
 *(.text)
 *(.text.*)
 .text._ZN3vex6visionC2IJNS0_9signatureES2_S2_S2_S2_S2_S2_EEElhDpT_
                0x03800100       0xec build/src/main.o
                0x03800100                vex::vision::vision<vex::vision::signature, vex::vision::signature, vex::vision::signature, vex::vision::signature, vex::vision::signature, vex::vision::signature, vex::vision::signature>(long, unsigned char, vex::vision::signature, vex::vision::signature, vex::vision::signature, vex::vision::signature, vex::vision::signature, vex::vision::signature, vex::vision::signature)
 .text._Z9GyroTrackv
                0x038001ec       0x70 build/src/main.o
                0x038001ec                GyroTrack()
 .text._Z3runN3vex5motorEd
                0x0380025c       0x3c build/src/main.o
                0x0380025c                run(vex::motor, double)
 .text._Z11PrintScreenv
                0x03800298      0x320 build/src/main.o
                0x03800298                PrintScreen()
 .text._Z7RPMCalcv
                0x038005b8      0x100 build/src/main.o
                0x038005b8                RPMCalc()
 .text._Z9ShootBallv
                0x038006b8      0xa0c build/src/main.o
                0x038006b8                ShootBall()
 *fill*         0x038010c4        0x4 
 .text._Z10TurnToFlagv
                0x038010c8      0x570 build/src/main.o
                0x038010c8                TurnToFlag()
 .text._Z6TIMER2v
                0x03801638       0x28 build/src/main.o
                0x03801638                TIMER2()
 .text._Z9StopDrivev
                0x03801660      0x1e8 build/src/main.o
                0x03801660                StopDrive()
 .text._Z6Driverv
                0x03801848      0x914 build/src/main.o
                0x03801848                Driver()
 .text._Z9pre_autonv
                0x0380215c      0x898 build/src/main.o
                0x0380215c                pre_auton()
 .text._Z10autonomousv
                0x038029f4        0x4 build/src/main.o
                0x038029f4                autonomous()
 .text._Z11usercontrolv
                0x038029f8      0xbcc build/src/main.o
                0x038029f8                usercontrol()
 .text.main     0x038035c4       0x68 build/src/main.o
                0x038035c4                main
 .text._ZN3vex6vision7_setsigINS0_9signatureEJS2_S2_S2_S2_S2_S2_EEEvRT_DpT0_
                0x0380362c       0xc8 build/src/main.o
                0x0380362c                void vex::vision::_setsig<vex::vision::signature, vex::vision::signature, vex::vision::signature, vex::vision::signature, vex::vision::signature, vex::vision::signature, vex::vision::signature>(vex::vision::signature&, vex::vision::signature, vex::vision::signature, vex::vision::signature, vex::vision::signature, vex::vision::signature, vex::vision::signature)
 .text._ZN3vex6vision7_setsigINS0_9signatureEJS2_S2_S2_S2_S2_EEEvRT_DpT0_
                0x038036f4       0xac build/src/main.o
                0x038036f4                void vex::vision::_setsig<vex::vision::signature, vex::vision::signature, vex::vision::signature, vex::vision::signature, vex::vision::signature, vex::vision::signature>(vex::vision::signature&, vex::vision::signature, vex::vision::signature, vex::vision::signature, vex::vision::signature, vex::vision::signature)
 .text._ZN3vex6vision7_setsigINS0_9signatureEJS2_S2_S2_S2_EEEvRT_DpT0_
                0x038037a0       0x90 build/src/main.o
                0x038037a0                void vex::vision::_setsig<vex::vision::signature, vex::vision::signature, vex::vision::signature, vex::vision::signature, vex::vision::signature>(vex::vision::signature&, vex::vision::signature, vex::vision::signature, vex::vision::signature, vex::vision::signature)
 .text._ZN3vex6vision7_setsigINS0_9signatureEJS2_S2_S2_EEEvRT_DpT0_
                0x03803830       0x70 build/src/main.o
                0x03803830                void vex::vision::_setsig<vex::vision::signature, vex::vision::signature, vex::vision::signature, vex::vision::signature>(vex::vision::signature&, vex::vision::signature, vex::vision::signature, vex::vision::signature)
 .text._ZN3vex6vision7_setsigINS0_9signatureEJS2_S2_EEEvRT_DpT0_
                0x038038a0       0x58 build/src/main.o
                0x038038a0                void vex::vision::_setsig<vex::vision::signature, vex::vision::signature, vex::vision::signature>(vex::vision::signature&, vex::vision::signature, vex::vision::signature)
 .text._GLOBAL__sub_I_main.cpp
                0x038038f8      0x764 build/src/main.o
 .text.vexMain  0x0380405c       0xb0 C:\Program Files (x86)\VEX Robotics\VEXcode\sdk/vexv5\libv5rt.a(v5_startup.c.obj)
                0x0380405c                vexMain
 .text.__vex_function_prolog
                0x0380410c       0x18 C:\Program Files (x86)\VEX Robotics\VEXcode\sdk/vexv5\libv5rt.a(v5_startup.c.obj)
                0x0380410c                __vex_function_prolog
 .text._init    0x03804124        0x4 C:\Program Files (x86)\VEX Robotics\VEXcode\sdk/vexv5\libv5rt.a(v5_startup.c.obj)
                0x03804124                _init
 .text._fini    0x03804128        0x4 C:\Program Files (x86)\VEX Robotics\VEXcode\sdk/vexv5\libv5rt.a(v5_startup.c.obj)
                0x03804128                _fini
 .text.vexStdlibVersionLinked
                0x0380412c        0xc C:\Program Files (x86)\VEX Robotics\VEXcode\sdk/vexv5\libv5rt.a(v5_util.c.obj)
                0x0380412c                vexStdlibVersionLinked
 .text.vexStdlibVersionVerify
                0x03804138       0x30 C:\Program Files (x86)\VEX Robotics\VEXcode\sdk/vexv5\libv5rt.a(v5_util.c.obj)
                0x03804138                vexStdlibVersionVerify
 .text.vexPrivateApiEnable
                0x03804168       0x10 C:\Program Files (x86)\VEX Robotics\VEXcode\sdk/vexv5\libv5rt.a(v5_apijump.c.obj)
                0x03804168                vexPrivateApiEnable
 .text.vexStdlibMismatchError
                0x03804178       0x3c C:\Program Files (x86)\VEX Robotics\VEXcode\sdk/vexv5\libv5rt.a(v5_apijump.c.obj)
                0x03804178                vexStdlibMismatchError
 .text.vexTaskAdd
                0x038041b4       0x10 C:\Program Files (x86)\VEX Robotics\VEXcode\sdk/vexv5\libv5rt.a(v5_apijump.c.obj)
                0x038041b4                vexTaskAdd
 .text.vexTaskStop
                0x038041c4       0x10 C:\Program Files (x86)\VEX Robotics\VEXcode\sdk/vexv5\libv5rt.a(v5_apijump.c.obj)
                0x038041c4                vexTaskStop
 .text.vexTasksRun
                0x038041d4       0x10 C:\Program Files (x86)\VEX Robotics\VEXcode\sdk/vexv5\libv5rt.a(v5_apijump.c.obj)
                0x038041d4                vexTasksRun
 .text.vexTaskYield
                0x038041e4       0x10 C:\Program Files (x86)\VEX Robotics\VEXcode\sdk/vexv5\libv5rt.a(v5_apijump.c.obj)
                0x038041e4                vexTaskYield
 .text.vexTaskCheckTimeslice
                0x038041f4       0x10 C:\Program Files (x86)\VEX Robotics\VEXcode\sdk/vexv5\libv5rt.a(v5_apijump.c.obj)
                0x038041f4                vexTaskCheckTimeslice
 .text.vexTaskSleep
                0x03804204       0x10 C:\Program Files (x86)\VEX Robotics\VEXcode\sdk/vexv5\libv5rt.a(v5_apijump.c.obj)
                0x03804204                vexTaskSleep
 .text.vexTasksDump
                0x03804214       0x1c C:\Program Files (x86)\VEX Robotics\VEXcode\sdk/vexv5\libv5rt.a(v5_apijump.c.obj)
                0x03804214                vexTasksDump
 .text.vexTaskGetTaskIndex
                0x03804230       0x10 C:\Program Files (x86)\VEX Robotics\VEXcode\sdk/vexv5\libv5rt.a(v5_apijump.c.obj)
                0x03804230                vexTaskGetTaskIndex
 .text.vexTaskStopAll
                0x03804240       0x10 C:\Program Files (x86)\VEX Robotics\VEXcode\sdk/vexv5\libv5rt.a(v5_apijump.c.obj)
                0x03804240                vexTaskStopAll
 .text.vexTaskRemoveAllUser
                0x03804250       0x34 C:\Program Files (x86)\VEX Robotics\VEXcode\sdk/vexv5\libv5rt.a(v5_apijump.c.obj)
                0x03804250                vexTaskRemoveAllUser
 .text.vexTaskCompletionIdSet
                0x03804284       0x10 C:\Program Files (x86)\VEX Robotics\VEXcode\sdk/vexv5\libv5rt.a(v5_apijump.c.obj)
                0x03804284                vexTaskCompletionIdSet
 .text.vexCriticalSection
                0x03804294       0x2c C:\Program Files (x86)\VEX Robotics\VEXcode\sdk/vexv5\libv5rt.a(v5_apijump.c.obj)
                0x03804294                vexCriticalSection
 .text.vexEventAdd
                0x038042c0       0x34 C:\Program Files (x86)\VEX Robotics\VEXcode\sdk/vexv5\libv5rt.a(v5_apijump.c.obj)
                0x038042c0                vexEventAdd
 .text.vexEventUserIndexGet
                0x038042f4       0x1c C:\Program Files (x86)\VEX Robotics\VEXcode\sdk/vexv5\libv5rt.a(v5_apijump.c.obj)
                0x038042f4                vexEventUserIndexGet
 .text.vexEventAddWithArg
                0x03804310       0x3c C:\Program Files (x86)\VEX Robotics\VEXcode\sdk/vexv5\libv5rt.a(v5_apijump.c.obj)
                0x03804310                vexEventAddWithArg
 .text.vexEventsCleanup
                0x0380434c       0x2c C:\Program Files (x86)\VEX Robotics\VEXcode\sdk/vexv5\libv5rt.a(v5_apijump.c.obj)
                0x0380434c                vexEventsCleanup
 .text.vexDebug
                0x03804378       0x38 C:\Program Files (x86)\VEX Robotics\VEXcode\sdk/vexv5\libv5rt.a(v5_apijump.c.obj)
                0x03804378                vexDebug
 .text.vex_sprintf
                0x038043b0       0x40 C:\Program Files (x86)\VEX Robotics\VEXcode\sdk/vexv5\libv5rt.a(v5_apijump.c.obj)
                0x038043b0                vex_sprintf
 .text.vex_vsnprintf
                0x038043f0       0x3c C:\Program Files (x86)\VEX Robotics\VEXcode\sdk/vexv5\libv5rt.a(v5_apijump.c.obj)
                0x038043f0                vex_vsnprintf
 .text.vexSystemTimeGet
                0x0380442c       0x1c C:\Program Files (x86)\VEX Robotics\VEXcode\sdk/vexv5\libv5rt.a(v5_apijump.c.obj)
                0x0380442c                vexSystemTimeGet
 .text.vexSystemExitRequest
                0x03804448       0x1c C:\Program Files (x86)\VEX Robotics\VEXcode\sdk/vexv5\libv5rt.a(v5_apijump.c.obj)
                0x03804448                vexSystemExitRequest
 .text.vexDeviceGetByIndex
                0x03804464       0x24 C:\Program Files (x86)\VEX Robotics\VEXcode\sdk/vexv5\libv5rt.a(v5_apijump.c.obj)
                0x03804464                vexDeviceGetByIndex
 .text.vexControllerGet
                0x03804488       0x2c C:\Program Files (x86)\VEX Robotics\VEXcode\sdk/vexv5\libv5rt.a(v5_apijump.c.obj)
                0x03804488                vexControllerGet
 .text.vexControllerTextSet
                0x038044b4       0x74 C:\Program Files (x86)\VEX Robotics\VEXcode\sdk/vexv5\libv5rt.a(v5_apijump.c.obj)
                0x038044b4                vexControllerTextSet
 .text.vexDeviceAdiPortConfigSet
                0x03804528       0x34 C:\Program Files (x86)\VEX Robotics\VEXcode\sdk/vexv5\libv5rt.a(v5_apijump.c.obj)
                0x03804528                vexDeviceAdiPortConfigSet
 .text.vexDeviceAdiPortConfigGet
                0x0380455c       0x2c C:\Program Files (x86)\VEX Robotics\VEXcode\sdk/vexv5\libv5rt.a(v5_apijump.c.obj)
                0x0380455c                vexDeviceAdiPortConfigGet
 .text.vexDeviceAdiValueSet
                0x03804588       0x34 C:\Program Files (x86)\VEX Robotics\VEXcode\sdk/vexv5\libv5rt.a(v5_apijump.c.obj)
                0x03804588                vexDeviceAdiValueSet
 .text.vexDeviceAdiValueGet
                0x038045bc       0x2c C:\Program Files (x86)\VEX Robotics\VEXcode\sdk/vexv5\libv5rt.a(v5_apijump.c.obj)
                0x038045bc                vexDeviceAdiValueGet
 .text.vexDeviceMotorVelocitySet
                0x038045e8       0x2c C:\Program Files (x86)\VEX Robotics\VEXcode\sdk/vexv5\libv5rt.a(v5_apijump.c.obj)
                0x038045e8                vexDeviceMotorVelocitySet
 .text.vexDeviceMotorActualVelocityGet
                0x03804614       0x24 C:\Program Files (x86)\VEX Robotics\VEXcode\sdk/vexv5\libv5rt.a(v5_apijump.c.obj)
                0x03804614                vexDeviceMotorActualVelocityGet
 .text.vexDeviceMotorZeroPositionFlagGet
                0x03804638       0x24 C:\Program Files (x86)\VEX Robotics\VEXcode\sdk/vexv5\libv5rt.a(v5_apijump.c.obj)
                0x03804638                vexDeviceMotorZeroPositionFlagGet
 .text.vexDeviceMotorReverseFlagSet
                0x0380465c       0x2c C:\Program Files (x86)\VEX Robotics\VEXcode\sdk/vexv5\libv5rt.a(v5_apijump.c.obj)
                0x0380465c                vexDeviceMotorReverseFlagSet
 .text.vexDeviceMotorEncoderUnitsSet
                0x03804688       0x2c C:\Program Files (x86)\VEX Robotics\VEXcode\sdk/vexv5\libv5rt.a(v5_apijump.c.obj)
                0x03804688                vexDeviceMotorEncoderUnitsSet
 .text.vexDeviceMotorBrakeModeSet
                0x038046b4       0x2c C:\Program Files (x86)\VEX Robotics\VEXcode\sdk/vexv5\libv5rt.a(v5_apijump.c.obj)
                0x038046b4                vexDeviceMotorBrakeModeSet
 .text.vexDeviceMotorPositionSet
                0x038046e0       0x34 C:\Program Files (x86)\VEX Robotics\VEXcode\sdk/vexv5\libv5rt.a(v5_apijump.c.obj)
                0x038046e0                vexDeviceMotorPositionSet
 .text.vexDeviceMotorAbsoluteTargetSet
                0x03804714       0x3c C:\Program Files (x86)\VEX Robotics\VEXcode\sdk/vexv5\libv5rt.a(v5_apijump.c.obj)
                0x03804714                vexDeviceMotorAbsoluteTargetSet
 .text.vexDeviceMotorGearingSet
                0x03804750       0x2c C:\Program Files (x86)\VEX Robotics\VEXcode\sdk/vexv5\libv5rt.a(v5_apijump.c.obj)
                0x03804750                vexDeviceMotorGearingSet
 .text.vexDeviceMotorGearingGet
                0x0380477c       0x24 C:\Program Files (x86)\VEX Robotics\VEXcode\sdk/vexv5\libv5rt.a(v5_apijump.c.obj)
                0x0380477c                vexDeviceMotorGearingGet
 .text.vexDeviceVisionModeSet
                0x038047a0       0x2c C:\Program Files (x86)\VEX Robotics\VEXcode\sdk/vexv5\libv5rt.a(v5_apijump.c.obj)
                0x038047a0                vexDeviceVisionModeSet
 .text.vexDeviceVisionObjectCountGet
                0x038047cc       0x24 C:\Program Files (x86)\VEX Robotics\VEXcode\sdk/vexv5\libv5rt.a(v5_apijump.c.obj)
                0x038047cc                vexDeviceVisionObjectCountGet
 .text.vexDeviceVisionObjectGet
                0x038047f0       0x34 C:\Program Files (x86)\VEX Robotics\VEXcode\sdk/vexv5\libv5rt.a(v5_apijump.c.obj)
                0x038047f0                vexDeviceVisionObjectGet
 .text.vexDeviceVisionSignatureSet
                0x03804824       0x2c C:\Program Files (x86)\VEX Robotics\VEXcode\sdk/vexv5\libv5rt.a(v5_apijump.c.obj)
                0x03804824                vexDeviceVisionSignatureSet
 .text.vexDeviceVisionBrightnessSet
                0x03804850       0x2c C:\Program Files (x86)\VEX Robotics\VEXcode\sdk/vexv5\libv5rt.a(v5_apijump.c.obj)
                0x03804850                vexDeviceVisionBrightnessSet
 .text.vexDeviceVisionLedModeSet
                0x0380487c       0x2c C:\Program Files (x86)\VEX Robotics\VEXcode\sdk/vexv5\libv5rt.a(v5_apijump.c.obj)
                0x0380487c                vexDeviceVisionLedModeSet
 .text.vexDeviceVisionLedColorSet
                0x038048a8       0x30 C:\Program Files (x86)\VEX Robotics\VEXcode\sdk/vexv5\libv5rt.a(v5_apijump.c.obj)
                0x038048a8                vexDeviceVisionLedColorSet
 .text.vexDisplayForegroundColor
                0x038048d8       0x24 C:\Program Files (x86)\VEX Robotics\VEXcode\sdk/vexv5\libv5rt.a(v5_apijump.c.obj)
                0x038048d8                vexDisplayForegroundColor
 .text.vexDisplayBackgroundColor
                0x038048fc       0x24 C:\Program Files (x86)\VEX Robotics\VEXcode\sdk/vexv5\libv5rt.a(v5_apijump.c.obj)
                0x038048fc                vexDisplayBackgroundColor
 .text.vexDisplayBackgroundColorGet
                0x03804920       0x1c C:\Program Files (x86)\VEX Robotics\VEXcode\sdk/vexv5\libv5rt.a(v5_apijump.c.obj)
                0x03804920                vexDisplayBackgroundColorGet
 .text.vexDisplayRectDraw
                0x0380493c       0x4c C:\Program Files (x86)\VEX Robotics\VEXcode\sdk/vexv5\libv5rt.a(v5_apijump.c.obj)
                0x0380493c                vexDisplayRectDraw
 .text.vexDisplayRectClear
                0x03804988       0x4c C:\Program Files (x86)\VEX Robotics\VEXcode\sdk/vexv5\libv5rt.a(v5_apijump.c.obj)
                0x03804988                vexDisplayRectClear
 .text.vexDisplayCircleDraw
                0x038049d4       0x40 C:\Program Files (x86)\VEX Robotics\VEXcode\sdk/vexv5\libv5rt.a(v5_apijump.c.obj)
                0x038049d4                vexDisplayCircleDraw
 .text.vexDisplayCircleClear
                0x03804a14       0x40 C:\Program Files (x86)\VEX Robotics\VEXcode\sdk/vexv5\libv5rt.a(v5_apijump.c.obj)
                0x03804a14                vexDisplayCircleClear
 .text.vexDisplayPrintf
                0x03804a54       0x68 C:\Program Files (x86)\VEX Robotics\VEXcode\sdk/vexv5\libv5rt.a(v5_apijump.c.obj)
                0x03804a54                vexDisplayPrintf
 .text.vexDisplayTextReference
                0x03804abc       0x24 C:\Program Files (x86)\VEX Robotics\VEXcode\sdk/vexv5\libv5rt.a(v5_apijump.c.obj)
                0x03804abc                vexDisplayTextReference
 .text.vexDisplayTextSize
                0x03804ae0       0x2c C:\Program Files (x86)\VEX Robotics\VEXcode\sdk/vexv5\libv5rt.a(v5_apijump.c.obj)
                0x03804ae0                vexDisplayTextSize
 .text.vexDisplayFontNamedSet
                0x03804b0c       0x24 C:\Program Files (x86)\VEX Robotics\VEXcode\sdk/vexv5\libv5rt.a(v5_apijump.c.obj)
                0x03804b0c                vexDisplayFontNamedSet
 .text.vexDisplayPenSizeSet
                0x03804b30       0x24 C:\Program Files (x86)\VEX Robotics\VEXcode\sdk/vexv5\libv5rt.a(v5_apijump.c.obj)
                0x03804b30                vexDisplayPenSizeSet
 .text.vexDisplayPenSizeGet
                0x03804b54       0x1c C:\Program Files (x86)\VEX Robotics\VEXcode\sdk/vexv5\libv5rt.a(v5_apijump.c.obj)
                0x03804b54                vexDisplayPenSizeGet
 .text.vexSystemStdlibImpureDataAddr
                0x03804b70       0x28 C:\Program Files (x86)\VEX Robotics\VEXcode\sdk/vexv5\libv5rt.a(v5_apijump.c.obj)
                0x03804b70                vexSystemStdlibImpureDataAddr
 .text.vexSystemStdlibImpureDataSize
                0x03804b98       0x28 C:\Program Files (x86)\VEX Robotics\VEXcode\sdk/vexv5\libv5rt.a(v5_apijump.c.obj)
                0x03804b98                vexSystemStdlibImpureDataSize
 .text.vexTouchDataGet
                0x03804bc0       0x10 C:\Program Files (x86)\VEX Robotics\VEXcode\sdk/vexv5\libv5rt.a(v5_apijump.c.obj)
                0x03804bc0                vexTouchDataGet
 .text.vexDisplayThemeIdGet
                0x03804bd0       0x38 C:\Program Files (x86)\VEX Robotics\VEXcode\sdk/vexv5\libv5rt.a(v5_apijump.c.obj)
                0x03804bd0                vexDisplayThemeIdGet
 .text.vexDeviceEventMaskSet
                0x03804c08       0x48 C:\Program Files (x86)\VEX Robotics\VEXcode\sdk/vexv5\libv5rt.a(v5_apijump.c.obj)
                0x03804c08                vexDeviceEventMaskSet
 .text.vexDeviceEventMaskGet
                0x03804c50       0x3c C:\Program Files (x86)\VEX Robotics\VEXcode\sdk/vexv5\libv5rt.a(v5_apijump.c.obj)
                0x03804c50                vexDeviceEventMaskGet
 .text.vexSystemVersion
                0x03804c8c       0x10 C:\Program Files (x86)\VEX Robotics\VEXcode\sdk/vexv5\libv5rt.a(v5_apiversions.c.obj)
                0x03804c8c                vexSystemVersion
 .text.vexStdlibVersion
                0x03804c9c       0x10 C:\Program Files (x86)\VEX Robotics\VEXcode\sdk/vexv5\libv5rt.a(v5_apiversions.c.obj)
                0x03804c9c                vexStdlibVersion
 .text._ZN3vex5motor9installedEv
                0x03804cac       0x18 C:\Program Files (x86)\VEX Robotics\VEXcode\sdk/vexv5\libv5rt.a(vex_motor.cpp.obj)
                0x03804cac                vex::motor::installed()
 .text._ZN3vex5motorD2Ev
                0x03804cc4       0x20 C:\Program Files (x86)\VEX Robotics\VEXcode\sdk/vexv5\libv5rt.a(vex_motor.cpp.obj)
                0x03804cc4                vex::motor::~motor()
                0x03804cc4                vex::motor::~motor()
 .text._ZN3vex5motor15defaultStoppingENS_9brakeTypeE
                0x03804ce4       0x30 C:\Program Files (x86)\VEX Robotics\VEXcode\sdk/vexv5\libv5rt.a(vex_motor.cpp.obj)
                0x03804ce4                vex::motor::defaultStopping(vex::brakeType)
 .text._ZN3vex5motor11setStoppingENS_9brakeTypeE
                0x03804d14        0x4 C:\Program Files (x86)\VEX Robotics\VEXcode\sdk/vexv5\libv5rt.a(vex_motor.cpp.obj)
                0x03804d14                vex::motor::setStopping(vex::brakeType)
 .text._ZN3vex5motorC2El
                0x03804d18       0x70 C:\Program Files (x86)\VEX Robotics\VEXcode\sdk/vexv5\libv5rt.a(vex_motor.cpp.obj)
                0x03804d18                vex::motor::motor(long)
                0x03804d18                vex::motor::motor(long)
 .text._ZN3vex5motorC2ElNS_11gearSettingEb
                0x03804d88       0x34 C:\Program Files (x86)\VEX Robotics\VEXcode\sdk/vexv5\libv5rt.a(vex_motor.cpp.obj)
                0x03804d88                vex::motor::motor(long, vex::gearSetting, bool)
                0x03804d88                vex::motor::motor(long, vex::gearSetting, bool)
 .text._ZN3vex5motor10setTimeoutElNS_9timeUnitsE
                0x03804dbc       0x4c C:\Program Files (x86)\VEX Robotics\VEXcode\sdk/vexv5\libv5rt.a(vex_motor.cpp.obj)
                0x03804dbc                vex::motor::setTimeout(long, vex::timeUnits)
 .text._ZN3vex5motor4stopENS_9brakeTypeE
                0x03804e08       0x30 C:\Program Files (x86)\VEX Robotics\VEXcode\sdk/vexv5\libv5rt.a(vex_motor.cpp.obj)
                0x03804e08                vex::motor::stop(vex::brakeType)
 .text._ZN3vex5motor4stopEv
                0x03804e38        0x8 C:\Program Files (x86)\VEX Robotics\VEXcode\sdk/vexv5\libv5rt.a(vex_motor.cpp.obj)
                0x03804e38                vex::motor::stop()
 .text._ZN3vex5motor16velocityToScaledEdNS_13velocityUnitsE
                0x03804e40       0x5c C:\Program Files (x86)\VEX Robotics\VEXcode\sdk/vexv5\libv5rt.a(vex_motor.cpp.obj)
                0x03804e40                vex::motor::velocityToScaled(double, vex::velocityUnits)
 .text._ZN3vex5motor8velocityENS_13velocityUnitsE
                0x03804e9c       0x30 C:\Program Files (x86)\VEX Robotics\VEXcode\sdk/vexv5\libv5rt.a(vex_motor.cpp.obj)
                0x03804e9c                vex::motor::velocity(vex::velocityUnits)
 .text._ZN3vex5motor5valueEv
                0x03804ecc       0x1c C:\Program Files (x86)\VEX Robotics\VEXcode\sdk/vexv5\libv5rt.a(vex_motor.cpp.obj)
                0x03804ecc                vex::motor::value()
 .text._ZN3vex5motor16scaledToVelocityEdNS_13velocityUnitsE
                0x03804ee8       0xa4 C:\Program Files (x86)\VEX Robotics\VEXcode\sdk/vexv5\libv5rt.a(vex_motor.cpp.obj)
                0x03804ee8                vex::motor::scaledToVelocity(double, vex::velocityUnits)
 .text._ZN3vex5motor4spinENS_13directionTypeEdNS_13velocityUnitsE
                0x03804f8c       0x5c C:\Program Files (x86)\VEX Robotics\VEXcode\sdk/vexv5\libv5rt.a(vex_motor.cpp.obj)
                0x03804f8c                vex::motor::spin(vex::directionType, double, vex::velocityUnits)
 .text._ZN3vex5motor16setRotationUnitsENS_13rotationUnitsE
                0x03804fe8       0x1c C:\Program Files (x86)\VEX Robotics\VEXcode\sdk/vexv5\libv5rt.a(vex_motor.cpp.obj)
                0x03804fe8                vex::motor::setRotationUnits(vex::rotationUnits)
 .text._ZN3vex5motor11setRotationEdNS_13rotationUnitsE
                0x03805004       0x44 C:\Program Files (x86)\VEX Robotics\VEXcode\sdk/vexv5\libv5rt.a(vex_motor.cpp.obj)
                0x03805004                vex::motor::setRotation(double, vex::rotationUnits)
 .text._ZN3vex5motor13resetRotationEv
                0x03805048       0x20 C:\Program Files (x86)\VEX Robotics\VEXcode\sdk/vexv5\libv5rt.a(vex_motor.cpp.obj)
                0x03805048                vex::motor::resetRotation()
 .text._ZN3vex5motor8rotateToEdNS_13rotationUnitsEdNS_13velocityUnitsEb
                0x03805068       0xc4 C:\Program Files (x86)\VEX Robotics\VEXcode\sdk/vexv5\libv5rt.a(vex_motor.cpp.obj)
                0x03805068                vex::motor::rotateTo(double, vex::rotationUnits, double, vex::velocityUnits, bool)
 .text._ZN3vex5motor13startRotateToEdNS_13rotationUnitsEdNS_13velocityUnitsE
                0x0380512c       0x34 C:\Program Files (x86)\VEX Robotics\VEXcode\sdk/vexv5\libv5rt.a(vex_motor.cpp.obj)
                0x0380512c                vex::motor::startRotateTo(double, vex::rotationUnits, double, vex::velocityUnits)
 .text.startup._GLOBAL__sub_I__ZN3vex5motorC2El
                0x03805160       0x30 C:\Program Files (x86)\VEX Robotics\VEXcode\sdk/vexv5\libv5rt.a(vex_motor.cpp.obj)
 .text._ZN3vex6vision9installedEv
                0x03805190       0x18 C:\Program Files (x86)\VEX Robotics\VEXcode\sdk/vexv5\libv5rt.a(vex_vision.cpp.obj)
                0x03805190                vex::vision::installed()
 .text._ZN3vex6visionD2Ev
                0x038051a8       0x38 C:\Program Files (x86)\VEX Robotics\VEXcode\sdk/vexv5\libv5rt.a(vex_vision.cpp.obj)
                0x038051a8                vex::vision::~vision()
                0x038051a8                vex::vision::~vision()
 .text._ZN3vex6vision12setSignatureERNS0_9signatureE
                0x038051e0       0x70 C:\Program Files (x86)\VEX Robotics\VEXcode\sdk/vexv5\libv5rt.a(vex_vision.cpp.obj)
                0x038051e0                vex::vision::setSignature(vex::vision::signature&)
 .text._ZN3vex6vision7setModeENS0_13detectionModeE
                0x03805250       0x18 C:\Program Files (x86)\VEX Robotics\VEXcode\sdk/vexv5\libv5rt.a(vex_vision.cpp.obj)
                0x03805250                vex::vision::setMode(vex::vision::detectionMode)
 .text._ZN3vex6vision13setBrightnessEh
                0x03805268       0x30 C:\Program Files (x86)\VEX Robotics\VEXcode\sdk/vexv5\libv5rt.a(vex_vision.cpp.obj)
                0x03805268                vex::vision::setBrightness(unsigned char)
 .text._ZN3vex6vision10setLedModeENS0_7ledModeE
                0x03805298       0x18 C:\Program Files (x86)\VEX Robotics\VEXcode\sdk/vexv5\libv5rt.a(vex_vision.cpp.obj)
                0x03805298                vex::vision::setLedMode(vex::vision::ledMode)
 .text._ZN3vex6vision11setLedColorEhhh
                0x038052b0       0x30 C:\Program Files (x86)\VEX Robotics\VEXcode\sdk/vexv5\libv5rt.a(vex_vision.cpp.obj)
                0x038052b0                vex::vision::setLedColor(unsigned char, unsigned char, unsigned char)
 .text._ZN3vex6vision9signatureD2Ev
                0x038052e0        0x4 C:\Program Files (x86)\VEX Robotics\VEXcode\sdk/vexv5\libv5rt.a(vex_vision.cpp.obj)
                0x038052e0                vex::vision::signature::~signature()
                0x038052e0                vex::vision::signature::~signature()
 .text._ZN3vex6vision9signature5clearEv
                0x038052e4       0x38 C:\Program Files (x86)\VEX Robotics\VEXcode\sdk/vexv5\libv5rt.a(vex_vision.cpp.obj)
                0x038052e4                vex::vision::signature::clear()
 .text._ZN3vex6vision9signatureC2Ev
                0x0380531c       0x60 C:\Program Files (x86)\VEX Robotics\VEXcode\sdk/vexv5\libv5rt.a(vex_vision.cpp.obj)
                0x0380531c                vex::vision::signature::signature()
                0x0380531c                vex::vision::signature::signature()
 .text._ZN3vex6vision9signatureC2Elllllllfl
                0x0380537c       0x5c C:\Program Files (x86)\VEX Robotics\VEXcode\sdk/vexv5\libv5rt.a(vex_vision.cpp.obj)
                0x0380537c                vex::vision::signature::signature(long, long, long, long, long, long, long, float, long)
                0x0380537c                vex::vision::signature::signature(long, long, long, long, long, long, long, float, long)
 .text._ZN3vex6vision6object3setE22_V5_DeviceVisionObject
                0x038053d8       0x78 C:\Program Files (x86)\VEX Robotics\VEXcode\sdk/vexv5\libv5rt.a(vex_vision.cpp.obj)
                0x038053d8                vex::vision::object::set(_V5_DeviceVisionObject)
 .text._ZN3vex6vision6object5clearEv
                0x03805450       0x38 C:\Program Files (x86)\VEX Robotics\VEXcode\sdk/vexv5\libv5rt.a(vex_vision.cpp.obj)
                0x03805450                vex::vision::object::clear()
 .text._ZN3vex6vision6objectC2Ev
                0x03805488       0x58 C:\Program Files (x86)\VEX Robotics\VEXcode\sdk/vexv5\libv5rt.a(vex_vision.cpp.obj)
                0x03805488                vex::vision::object::object()
                0x03805488                vex::vision::object::object()
 .text._ZN3vex6vision13_clearObjectsEv
                0x038054e0       0x40 C:\Program Files (x86)\VEX Robotics\VEXcode\sdk/vexv5\libv5rt.a(vex_vision.cpp.obj)
                0x038054e0                vex::vision::_clearObjects()
 .text._ZN3vex6vision6objectaSERKS1_
                0x03805520       0x74 C:\Program Files (x86)\VEX Robotics\VEXcode\sdk/vexv5\libv5rt.a(vex_vision.cpp.obj)
                0x03805520                vex::vision::object::operator=(vex::vision::object const&)
 .text._ZN3vex6vision12takeSnapshotEmm
                0x03805594       0xf4 C:\Program Files (x86)\VEX Robotics\VEXcode\sdk/vexv5\libv5rt.a(vex_vision.cpp.obj)
                0x03805594                vex::vision::takeSnapshot(unsigned long, unsigned long)
 .text._ZN3vex6vision12takeSnapshotEm
                0x03805688        0x8 C:\Program Files (x86)\VEX Robotics\VEXcode\sdk/vexv5\libv5rt.a(vex_vision.cpp.obj)
                0x03805688                vex::vision::takeSnapshot(unsigned long)
 .text._ZN3vex6vision5valueEv
                0x03805690        0x8 C:\Program Files (x86)\VEX Robotics\VEXcode\sdk/vexv5\libv5rt.a(vex_vision.cpp.obj)
                0x03805690                vex::vision::value()
 .text._ZN3vex6vision6objectaSEl
                0x03805698       0x38 C:\Program Files (x86)\VEX Robotics\VEXcode\sdk/vexv5\libv5rt.a(vex_vision.cpp.obj)
                0x03805698                vex::vision::object::operator=(long)
 .text._ZN3vex6visionC2El
                0x038056d0       0xa4 C:\Program Files (x86)\VEX Robotics\VEXcode\sdk/vexv5\libv5rt.a(vex_vision.cpp.obj)
                0x038056d0                vex::vision::vision(long)
                0x038056d0                vex::vision::vision(long)
 .text._ZN3vex10controllerD2Ev
                0x03805774        0x4 C:\Program Files (x86)\VEX Robotics\VEXcode\sdk/vexv5\libv5rt.a(vex_controller.cpp.obj)
                0x03805774                vex::controller::~controller()
                0x03805774                vex::controller::~controller()
 .text._ZN3vex10controller5valueE19_V5_ControllerIndex
                0x03805778        0x8 C:\Program Files (x86)\VEX Robotics\VEXcode\sdk/vexv5\libv5rt.a(vex_controller.cpp.obj)
                0x03805778                vex::controller::value(_V5_ControllerIndex)
 .text._ZN3vex10controller6rumbleEPKc
                0x03805780       0x4c C:\Program Files (x86)\VEX Robotics\VEXcode\sdk/vexv5\libv5rt.a(vex_controller.cpp.obj)
                0x03805780                vex::controller::rumble(char const*)
 .text._ZN3vex10controller6button8pressingEv
                0x038057cc       0xc8 C:\Program Files (x86)\VEX Robotics\VEXcode\sdk/vexv5\libv5rt.a(vex_controller.cpp.obj)
                0x038057cc                vex::controller::button::pressing()
 .text._ZN3vex10controller6button21_buttonToPressedEventEv
                0x03805894       0x20 C:\Program Files (x86)\VEX Robotics\VEXcode\sdk/vexv5\libv5rt.a(vex_controller.cpp.obj)
                0x03805894                vex::controller::button::_buttonToPressedEvent()
 .text._ZN3vex10controller6button22_buttonToReleasedEventEv
                0x038058b4       0x20 C:\Program Files (x86)\VEX Robotics\VEXcode\sdk/vexv5\libv5rt.a(vex_controller.cpp.obj)
                0x038058b4                vex::controller::button::_buttonToReleasedEvent()
 .text._ZN3vex10controller6buttonC2ENS0_11tButtonTypeEPS0_
                0x038058d4       0x48 C:\Program Files (x86)\VEX Robotics\VEXcode\sdk/vexv5\libv5rt.a(vex_controller.cpp.obj)
                0x038058d4                vex::controller::button::button(vex::controller::tButtonType, vex::controller*)
                0x038058d4                vex::controller::button::button(vex::controller::tButtonType, vex::controller*)
 .text._ZN3vex10controller4axis5valueEv
                0x0380591c       0x58 C:\Program Files (x86)\VEX Robotics\VEXcode\sdk/vexv5\libv5rt.a(vex_controller.cpp.obj)
                0x0380591c                vex::controller::axis::value()
 .text._ZN3vex10controller4axis23_joystickToChangedEventEv
                0x03805974       0x20 C:\Program Files (x86)\VEX Robotics\VEXcode\sdk/vexv5\libv5rt.a(vex_controller.cpp.obj)
                0x03805974                vex::controller::axis::_joystickToChangedEvent()
 .text._ZN3vex10controller4axisC2ENS0_9tAxisTypeEPS0_
                0x03805994       0x2c C:\Program Files (x86)\VEX Robotics\VEXcode\sdk/vexv5\libv5rt.a(vex_controller.cpp.obj)
                0x03805994                vex::controller::axis::axis(vex::controller::tAxisType, vex::controller*)
                0x03805994                vex::controller::axis::axis(vex::controller::tAxisType, vex::controller*)
 .text._ZN3vex10controllerC2Ev
                0x038059c0      0x204 C:\Program Files (x86)\VEX Robotics\VEXcode\sdk/vexv5\libv5rt.a(vex_controller.cpp.obj)
                0x038059c0                vex::controller::controller()
                0x038059c0                vex::controller::controller()
 .text._ZN3vex10controller3lcd15getControllerIdEv
                0x03805bc4       0x10 C:\Program Files (x86)\VEX Robotics\VEXcode\sdk/vexv5\libv5rt.a(vex_controller.cpp.obj)
                0x03805bc4                vex::controller::lcd::getControllerId()
 .text._ZN3vex10controller3lcd5printEPKcz
                0x03805bd4       0x54 C:\Program Files (x86)\VEX Robotics\VEXcode\sdk/vexv5\libv5rt.a(vex_controller.cpp.obj)
                0x03805bd4                vex::controller::lcd::print(char const*, ...)
 .text._ZN3vex10controller3lcd9clearLineEi
                0x03805c28       0x44 C:\Program Files (x86)\VEX Robotics\VEXcode\sdk/vexv5\libv5rt.a(vex_controller.cpp.obj)
                0x03805c28                vex::controller::lcd::clearLine(int)
 .text._ZN3vex4taskC2EPFivE
                0x03805c6c       0x54 C:\Program Files (x86)\VEX Robotics\VEXcode\sdk/vexv5\libv5rt.a(vex_task.cpp.obj)
                0x03805c6c                vex::task::task(int (*)())
                0x03805c6c                vex::task::task(int (*)())
 .text._ZN3vex4taskD2Ev
                0x03805cc0        0x4 C:\Program Files (x86)\VEX Robotics\VEXcode\sdk/vexv5\libv5rt.a(vex_task.cpp.obj)
                0x03805cc0                vex::task::~task()
                0x03805cc0                vex::task::~task()
 .text._ZN3vex4task4stopEPFivE
                0x03805cc4        0xc C:\Program Files (x86)\VEX Robotics\VEXcode\sdk/vexv5\libv5rt.a(vex_task.cpp.obj)
                0x03805cc4                vex::task::stop(int (*)())
 .text._ZN3vex4task5sleepEm
                0x03805cd0        0x4 C:\Program Files (x86)\VEX Robotics\VEXcode\sdk/vexv5\libv5rt.a(vex_task.cpp.obj)
                0x03805cd0                vex::task::sleep(unsigned long)
 .text._ZN3vex4task6_indexEPFivE
                0x03805cd4       0x14 C:\Program Files (x86)\VEX Robotics\VEXcode\sdk/vexv5\libv5rt.a(vex_task.cpp.obj)
                0x03805cd4                vex::task::_index(int (*)())
 .text._ZN3vex4task8_stopAllEv
                0x03805ce8       0x3c C:\Program Files (x86)\VEX Robotics\VEXcode\sdk/vexv5\libv5rt.a(vex_task.cpp.obj)
                0x03805ce8                vex::task::_stopAll()
 .text._ZN3vex5event4initEmmPFvvE
                0x03805d24        0x4 C:\Program Files (x86)\VEX Robotics\VEXcode\sdk/vexv5\libv5rt.a(vex_event.cpp.obj)
                0x03805d24                vex::event::init(unsigned long, unsigned long, void (*)())
 .text._ZN3vex5event4initEmmPFvPvES1_
                0x03805d28        0x4 C:\Program Files (x86)\VEX Robotics\VEXcode\sdk/vexv5\libv5rt.a(vex_event.cpp.obj)
                0x03805d28                vex::event::init(unsigned long, unsigned long, void (*)(void*), void*)
 .text._ZN3vex5event9userindexEv
                0x03805d2c        0x4 C:\Program Files (x86)\VEX Robotics\VEXcode\sdk/vexv5\libv5rt.a(vex_event.cpp.obj)
                0x03805d2c                vex::event::userindex()
 .text._ZZN3vex6meventC4EmmENUlvE_4_FUNEv
                0x03805d30        0x4 C:\Program Files (x86)\VEX Robotics\VEXcode\sdk/vexv5\libv5rt.a(vex_mevent.cpp.obj)
 .text._ZN3vex6meventC2Emm
                0x03805d34       0x70 C:\Program Files (x86)\VEX Robotics\VEXcode\sdk/vexv5\libv5rt.a(vex_mevent.cpp.obj)
                0x03805d34                vex::mevent::mevent(unsigned long, unsigned long)
                0x03805d34                vex::mevent::mevent(unsigned long, unsigned long)
 .text._ZN3vex5brainD2Ev
                0x03805da4       0x20 C:\Program Files (x86)\VEX Robotics\VEXcode\sdk/vexv5\libv5rt.a(vex_brain.cpp.obj)
                0x03805da4                vex::brain::~brain()
                0x03805da4                vex::brain::~brain()
 .text._ZN3vex5brain9_getIndexEv
                0x03805dc4       0x10 C:\Program Files (x86)\VEX Robotics\VEXcode\sdk/vexv5\libv5rt.a(vex_brain.cpp.obj)
                0x03805dc4                vex::brain::_getIndex()
 .text._ZN3vex5brain3lcd9setCursorEll
                0x03805dd4       0x44 C:\Program Files (x86)\VEX Robotics\VEXcode\sdk/vexv5\libv5rt.a(vex_brain.cpp.obj)
                0x03805dd4                vex::brain::lcd::setCursor(long, long)
 .text._ZN3vex5brain3lcd7setFontENS_8fontTypeE
                0x03805e18      0x228 C:\Program Files (x86)\VEX Robotics\VEXcode\sdk/vexv5\libv5rt.a(vex_brain.cpp.obj)
                0x03805e18                vex::brain::lcd::setFont(vex::fontType)
 .text._ZN3vex5brain3lcdC2Ev
                0x03806040       0x94 C:\Program Files (x86)\VEX Robotics\VEXcode\sdk/vexv5\libv5rt.a(vex_brain.cpp.obj)
                0x03806040                vex::brain::lcd::lcd()
                0x03806040                vex::brain::lcd::lcd()
 .text._ZN3vex5brainC2Ev
                0x038060d4       0x40 C:\Program Files (x86)\VEX Robotics\VEXcode\sdk/vexv5\libv5rt.a(vex_brain.cpp.obj)
                0x038060d4                vex::brain::brain()
                0x038060d4                vex::brain::brain()
 .text._ZN3vex5brain3lcd11setPenWidthEm
                0x03806114       0x24 C:\Program Files (x86)\VEX Robotics\VEXcode\sdk/vexv5\libv5rt.a(vex_brain.cpp.obj)
                0x03806114                vex::brain::lcd::setPenWidth(unsigned long)
 .text._ZN3vex5brain3lcd11setPenColorERKNS_5colorE
                0x03806138       0x14 C:\Program Files (x86)\VEX Robotics\VEXcode\sdk/vexv5\libv5rt.a(vex_brain.cpp.obj)
                0x03806138                vex::brain::lcd::setPenColor(vex::color const&)
 .text._ZN3vex5brain3lcd7printAtEllPKcz
                0x0380614c       0x6c C:\Program Files (x86)\VEX Robotics\VEXcode\sdk/vexv5\libv5rt.a(vex_brain.cpp.obj)
                0x0380614c                vex::brain::lcd::printAt(long, long, char const*, ...)
 .text._ZN3vex5brain3lcd7printAtEllbPKcz
                0x038061b8       0x64 C:\Program Files (x86)\VEX Robotics\VEXcode\sdk/vexv5\libv5rt.a(vex_brain.cpp.obj)
                0x038061b8                vex::brain::lcd::printAt(long, long, bool, char const*, ...)
 .text._ZN3vex5brain3lcd12_clearScreenEm
                0x0380621c       0x38 C:\Program Files (x86)\VEX Robotics\VEXcode\sdk/vexv5\libv5rt.a(vex_brain.cpp.obj)
                0x0380621c                vex::brain::lcd::_clearScreen(unsigned long)
 .text._ZN3vex5brain3lcd11clearScreenERKNS_5colorE
                0x03806254       0x20 C:\Program Files (x86)\VEX Robotics\VEXcode\sdk/vexv5\libv5rt.a(vex_brain.cpp.obj)
                0x03806254                vex::brain::lcd::clearScreen(vex::color const&)
 .text._ZN3vex5brain3lcd13drawRectangleEiiii
                0x03806274       0xdc C:\Program Files (x86)\VEX Robotics\VEXcode\sdk/vexv5\libv5rt.a(vex_brain.cpp.obj)
                0x03806274                vex::brain::lcd::drawRectangle(int, int, int, int)
 .text._ZN3vex5brain3lcd14_drawRectangleEiiiim
                0x03806350       0x74 C:\Program Files (x86)\VEX Robotics\VEXcode\sdk/vexv5\libv5rt.a(vex_brain.cpp.obj)
                0x03806350                vex::brain::lcd::_drawRectangle(int, int, int, int, unsigned long)
 .text._ZN3vex5brain3lcd13drawRectangleEiiiiRKNS_5colorE
                0x038063c4       0x68 C:\Program Files (x86)\VEX Robotics\VEXcode\sdk/vexv5\libv5rt.a(vex_brain.cpp.obj)
                0x038063c4                vex::brain::lcd::drawRectangle(int, int, int, int, vex::color const&)
 .text._ZN3vex5brain3lcd10drawCircleEiii
                0x0380642c       0xa4 C:\Program Files (x86)\VEX Robotics\VEXcode\sdk/vexv5\libv5rt.a(vex_brain.cpp.obj)
                0x0380642c                vex::brain::lcd::drawCircle(int, int, int)
 .text._ZN3vex5brain3lcd11_drawCircleEiiim
                0x038064d0       0x60 C:\Program Files (x86)\VEX Robotics\VEXcode\sdk/vexv5\libv5rt.a(vex_brain.cpp.obj)
                0x038064d0                vex::brain::lcd::_drawCircle(int, int, int, unsigned long)
 .text._ZN3vex5brain3lcd10drawCircleEiiiRKNS_5colorE
                0x03806530       0x60 C:\Program Files (x86)\VEX Robotics\VEXcode\sdk/vexv5\libv5rt.a(vex_brain.cpp.obj)
                0x03806530                vex::brain::lcd::drawCircle(int, int, int, vex::color const&)
 .text._ZN3vex5brain3lcd9xPositionEv
                0x03806590       0x24 C:\Program Files (x86)\VEX Robotics\VEXcode\sdk/vexv5\libv5rt.a(vex_brain.cpp.obj)
                0x03806590                vex::brain::lcd::xPosition()
 .text._ZN3vex5brain3lcd9yPositionEv
                0x038065b4       0x24 C:\Program Files (x86)\VEX Robotics\VEXcode\sdk/vexv5\libv5rt.a(vex_brain.cpp.obj)
                0x038065b4                vex::brain::lcd::yPosition()
 .text._ZN3vex5brain3lcd8pressingEv
                0x038065d8       0x20 C:\Program Files (x86)\VEX Robotics\VEXcode\sdk/vexv5\libv5rt.a(vex_brain.cpp.obj)
                0x038065d8                vex::brain::lcd::pressing()
 .text._ZN3vex11competition8_disableEPv
                0x038065f8       0x9c C:\Program Files (x86)\VEX Robotics\VEXcode\sdk/vexv5\libv5rt.a(vex_competition.cpp.obj)
                0x038065f8                vex::competition::_disable(void*)
 .text._ZN3vex11competition11_autonomousEv
                0x03806694       0x7c C:\Program Files (x86)\VEX Robotics\VEXcode\sdk/vexv5\libv5rt.a(vex_competition.cpp.obj)
                0x03806694                vex::competition::_autonomous()
 .text._ZN3vex11competition14_drivercontrolEv
                0x03806710       0x7c C:\Program Files (x86)\VEX Robotics\VEXcode\sdk/vexv5\libv5rt.a(vex_competition.cpp.obj)
                0x03806710                vex::competition::_drivercontrol()
 .text._ZN3vex11competitionC2Ev
                0x0380678c      0x13c C:\Program Files (x86)\VEX Robotics\VEXcode\sdk/vexv5\libv5rt.a(vex_competition.cpp.obj)
                0x0380678c                vex::competition::competition()
                0x0380678c                vex::competition::competition()
 .text._ZN3vex11competitionD2Ev
                0x038068c8        0x4 C:\Program Files (x86)\VEX Robotics\VEXcode\sdk/vexv5\libv5rt.a(vex_competition.cpp.obj)
                0x038068c8                vex::competition::~competition()
                0x038068c8                vex::competition::~competition()
 .text._ZN3vex11competition10autonomousEPFvvE
                0x038068cc       0x44 C:\Program Files (x86)\VEX Robotics\VEXcode\sdk/vexv5\libv5rt.a(vex_competition.cpp.obj)
                0x038068cc                vex::competition::autonomous(void (*)())
 .text._ZN3vex11competition13drivercontrolEPFvvE
                0x03806910       0x44 C:\Program Files (x86)\VEX Robotics\VEXcode\sdk/vexv5\libv5rt.a(vex_competition.cpp.obj)
                0x03806910                vex::competition::drivercontrol(void (*)())
 .text._ZN3vex7triport9installedEv
                0x03806954       0x18 C:\Program Files (x86)\VEX Robotics\VEXcode\sdk/vexv5\libv5rt.a(vex_triport.cpp.obj)
                0x03806954                vex::triport::installed()
 .text._ZN3vex7triportD2Ev
                0x0380696c       0x38 C:\Program Files (x86)\VEX Robotics\VEXcode\sdk/vexv5\libv5rt.a(vex_triport.cpp.obj)
                0x0380696c                vex::triport::~triport()
                0x0380696c                vex::triport::~triport()
 .text._ZN3vex7triport4portC2ElPS0_
                0x038069a4       0x90 C:\Program Files (x86)\VEX Robotics\VEXcode\sdk/vexv5\libv5rt.a(vex_triport.cpp.obj)
                0x038069a4                vex::triport::port::port(long, vex::triport*)
                0x038069a4                vex::triport::port::port(long, vex::triport*)
 .text._ZN3vex7triportC2El
                0x03806a34       0xf0 C:\Program Files (x86)\VEX Robotics\VEXcode\sdk/vexv5\libv5rt.a(vex_triport.cpp.obj)
                0x03806a34                vex::triport::triport(long)
                0x03806a34                vex::triport::triport(long)
 .text._ZN3vex7triport4port4typeENS_11triportTypeE
                0x03806b24       0x34 C:\Program Files (x86)\VEX Robotics\VEXcode\sdk/vexv5\libv5rt.a(vex_triport.cpp.obj)
                0x03806b24                vex::triport::port::type(vex::triportType)
 .text._ZN3vex7triport4port4typeEv
                0x03806b58       0x38 C:\Program Files (x86)\VEX Robotics\VEXcode\sdk/vexv5\libv5rt.a(vex_triport.cpp.obj)
                0x03806b58                vex::triport::port::type()
 .text._ZN3vex7triport4port5valueEv
                0x03806b90       0x14 C:\Program Files (x86)\VEX Robotics\VEXcode\sdk/vexv5\libv5rt.a(vex_triport.cpp.obj)
                0x03806b90                vex::triport::port::value()
 .text._ZN3vex7triport4port5valueEl
                0x03806ba4       0x18 C:\Program Files (x86)\VEX Robotics\VEXcode\sdk/vexv5\libv5rt.a(vex_triport.cpp.obj)
                0x03806ba4                vex::triport::port::value(long)
 .text._ZN3vex7triport4port14_convertAnalogENS_11analogUnitsE
                0x03806bbc       0x58 C:\Program Files (x86)\VEX Robotics\VEXcode\sdk/vexv5\libv5rt.a(vex_triport.cpp.obj)
                0x03806bbc                vex::triport::port::_convertAnalog(vex::analogUnits)
 .text._ZN3vex11__trideviceC2ERNS_7triport4portENS_11triportTypeE
                0x03806c14       0x5c C:\Program Files (x86)\VEX Robotics\VEXcode\sdk/vexv5\libv5rt.a(vex_triport.cpp.obj)
                0x03806c14                vex::__tridevice::__tridevice(vex::triport::port&, vex::triportType)
                0x03806c14                vex::__tridevice::__tridevice(vex::triport::port&, vex::triportType)
 .text._ZN3vex11__tridevice14_convertAnalogENS_11analogUnitsE
                0x03806c70        0x8 C:\Program Files (x86)\VEX Robotics\VEXcode\sdk/vexv5\libv5rt.a(vex_triport.cpp.obj)
                0x03806c70                vex::__tridevice::_convertAnalog(vex::analogUnits)
 .text._ZN3vex10digital_inC2ERNS_7triport4portE
                0x03806c78       0x28 C:\Program Files (x86)\VEX Robotics\VEXcode\sdk/vexv5\libv5rt.a(vex_triport.cpp.obj)
                0x03806c78                vex::digital_in::digital_in(vex::triport::port&)
                0x03806c78                vex::digital_in::digital_in(vex::triport::port&)
 .text._ZN3vex10digital_inD2Ev
                0x03806ca0        0x4 C:\Program Files (x86)\VEX Robotics\VEXcode\sdk/vexv5\libv5rt.a(vex_triport.cpp.obj)
                0x03806ca0                vex::digital_in::~digital_in()
                0x03806ca0                vex::digital_in::~digital_in()
 .text._ZN3vex10digital_in5valueEv
                0x03806ca4       0x18 C:\Program Files (x86)\VEX Robotics\VEXcode\sdk/vexv5\libv5rt.a(vex_triport.cpp.obj)
                0x03806ca4                vex::digital_in::value()
 .text._ZN3vex11digital_outC2ERNS_7triport4portE
                0x03806cbc       0x18 C:\Program Files (x86)\VEX Robotics\VEXcode\sdk/vexv5\libv5rt.a(vex_triport.cpp.obj)
                0x03806cbc                vex::digital_out::digital_out(vex::triport::port&)
                0x03806cbc                vex::digital_out::digital_out(vex::triport::port&)
 .text._ZN3vex11digital_outD2Ev
                0x03806cd4        0x4 C:\Program Files (x86)\VEX Robotics\VEXcode\sdk/vexv5\libv5rt.a(vex_triport.cpp.obj)
                0x03806cd4                vex::digital_out::~digital_out()
                0x03806cd4                vex::digital_out::~digital_out()
 .text._ZN3vex11digital_out3setEb
                0x03806cd8        0x8 C:\Program Files (x86)\VEX Robotics\VEXcode\sdk/vexv5\libv5rt.a(vex_triport.cpp.obj)
                0x03806cd8                vex::digital_out::set(bool)
 .text._ZN3vex4lineC2ERNS_7triport4portE
                0x03806ce0       0x20 C:\Program Files (x86)\VEX Robotics\VEXcode\sdk/vexv5\libv5rt.a(vex_triport.cpp.obj)
                0x03806ce0                vex::line::line(vex::triport::port&)
                0x03806ce0                vex::line::line(vex::triport::port&)
 .text._ZN3vex4lineD2Ev
                0x03806d00        0x4 C:\Program Files (x86)\VEX Robotics\VEXcode\sdk/vexv5\libv5rt.a(vex_triport.cpp.obj)
                0x03806d00                vex::line::~line()
                0x03806d00                vex::line::~line()
 .text._ZN3vex4line5valueENS_11analogUnitsE
                0x03806d04        0x4 C:\Program Files (x86)\VEX Robotics\VEXcode\sdk/vexv5\libv5rt.a(vex_triport.cpp.obj)
                0x03806d04                vex::line::value(vex::analogUnits)
 .text._ZN3vex4gyroC2ERNS_7triport4portE
                0x03806d08       0x20 C:\Program Files (x86)\VEX Robotics\VEXcode\sdk/vexv5\libv5rt.a(vex_triport.cpp.obj)
                0x03806d08                vex::gyro::gyro(vex::triport::port&)
                0x03806d08                vex::gyro::gyro(vex::triport::port&)
 .text._ZN3vex4gyroD2Ev
                0x03806d28        0x4 C:\Program Files (x86)\VEX Robotics\VEXcode\sdk/vexv5\libv5rt.a(vex_triport.cpp.obj)
                0x03806d28                vex::gyro::~gyro()
                0x03806d28                vex::gyro::~gyro()
 *fill*         0x03806d2c        0x4 
 .text._ZN3vex4gyro5valueENS_13rotationUnitsE
                0x03806d30       0x50 C:\Program Files (x86)\VEX Robotics\VEXcode\sdk/vexv5\libv5rt.a(vex_triport.cpp.obj)
                0x03806d30                vex::gyro::value(vex::rotationUnits)
 .text._ZN3vex4gyro16startCalibrationEl
                0x03806d80        0x8 C:\Program Files (x86)\VEX Robotics\VEXcode\sdk/vexv5\libv5rt.a(vex_triport.cpp.obj)
                0x03806d80                vex::gyro::startCalibration(long)
 .text.startup._GLOBAL__sub_I__ZN3vex7triportC2El
                0x03806d88       0x30 C:\Program Files (x86)\VEX Robotics\VEXcode\sdk/vexv5\libv5rt.a(vex_triport.cpp.obj)
 .text._ZN3vex5colorD2Ev
                0x03806db8        0x4 C:\Program Files (x86)\VEX Robotics\VEXcode\sdk/vexv5\libv5rt.a(vex_color.cpp.obj)
                0x03806db8                vex::color::~color()
                0x03806db8                vex::color::~color()
 .text._ZNK3vex5colorcvmEv
                0x03806dbc        0x8 C:\Program Files (x86)\VEX Robotics\VEXcode\sdk/vexv5\libv5rt.a(vex_color.cpp.obj)
                0x03806dbc                vex::color::operator unsigned long() const
 .text._ZNK3vex5color13isTransparentEv
                0x03806dc4        0x8 C:\Program Files (x86)\VEX Robotics\VEXcode\sdk/vexv5\libv5rt.a(vex_color.cpp.obj)
                0x03806dc4                vex::color::isTransparent() const
 .text.startup._GLOBAL__sub_I__ZN3vex5color5blackE
                0x03806dcc      0x164 C:\Program Files (x86)\VEX Robotics\VEXcode\sdk/vexv5\libv5rt.a(vex_color.cpp.obj)
 .text._ZN3vex5timerD2Ev
                0x03806f30        0x4 C:\Program Files (x86)\VEX Robotics\VEXcode\sdk/vexv5\libv5rt.a(vex_timer.cpp.obj)
                0x03806f30                vex::timer::~timer()
                0x03806f30                vex::timer::~timer()
 .text._ZN3vex5timer5clearEv
                0x03806f34       0x1c C:\Program Files (x86)\VEX Robotics\VEXcode\sdk/vexv5\libv5rt.a(vex_timer.cpp.obj)
                0x03806f34                vex::timer::clear()
 .text._ZN3vex5timerC2Ev
                0x03806f50       0x14 C:\Program Files (x86)\VEX Robotics\VEXcode\sdk/vexv5\libv5rt.a(vex_timer.cpp.obj)
                0x03806f50                vex::timer::timer()
                0x03806f50                vex::timer::timer()
 .text.vexAdiPortConfigSet
                0x03806f64       0x28 C:\Program Files (x86)\VEX Robotics\VEXcode\sdk/vexv5\libv5rt.a(v5_apiuser.c.obj)
                0x03806f64                vexAdiPortConfigSet
 .text.vexAdiPortConfigGet
                0x03806f8c       0x28 C:\Program Files (x86)\VEX Robotics\VEXcode\sdk/vexv5\libv5rt.a(v5_apiuser.c.obj)
                0x03806f8c                vexAdiPortConfigGet
 .text.vexAdiValueSet
                0x03806fb4       0x28 C:\Program Files (x86)\VEX Robotics\VEXcode\sdk/vexv5\libv5rt.a(v5_apiuser.c.obj)
                0x03806fb4                vexAdiValueSet
 .text.vexAdiValueGet
                0x03806fdc       0x20 C:\Program Files (x86)\VEX Robotics\VEXcode\sdk/vexv5\libv5rt.a(v5_apiuser.c.obj)
                0x03806fdc                vexAdiValueGet
 .text.vexMotorVelocitySet
                0x03806ffc       0x20 C:\Program Files (x86)\VEX Robotics\VEXcode\sdk/vexv5\libv5rt.a(v5_apiuser.c.obj)
                0x03806ffc                vexMotorVelocitySet
 .text.vexMotorActualVelocityGet
                0x0380701c       0x24 C:\Program Files (x86)\VEX Robotics\VEXcode\sdk/vexv5\libv5rt.a(v5_apiuser.c.obj)
                0x0380701c                vexMotorActualVelocityGet
 .text.vexMotorZeroPositionFlagGet
                0x03807040       0x18 C:\Program Files (x86)\VEX Robotics\VEXcode\sdk/vexv5\libv5rt.a(v5_apiuser.c.obj)
                0x03807040                vexMotorZeroPositionFlagGet
 .text.vexMotorReverseFlagSet
                0x03807058       0x20 C:\Program Files (x86)\VEX Robotics\VEXcode\sdk/vexv5\libv5rt.a(v5_apiuser.c.obj)
                0x03807058                vexMotorReverseFlagSet
 .text.vexMotorEncoderUnitsSet
                0x03807078       0x20 C:\Program Files (x86)\VEX Robotics\VEXcode\sdk/vexv5\libv5rt.a(v5_apiuser.c.obj)
                0x03807078                vexMotorEncoderUnitsSet
 .text.vexMotorBrakeModeSet
                0x03807098       0x20 C:\Program Files (x86)\VEX Robotics\VEXcode\sdk/vexv5\libv5rt.a(v5_apiuser.c.obj)
                0x03807098                vexMotorBrakeModeSet
 .text.vexMotorPositionSet
                0x038070b8       0x28 C:\Program Files (x86)\VEX Robotics\VEXcode\sdk/vexv5\libv5rt.a(v5_apiuser.c.obj)
                0x038070b8                vexMotorPositionSet
 .text.vexMotorAbsoluteTargetSet
                0x038070e0       0x30 C:\Program Files (x86)\VEX Robotics\VEXcode\sdk/vexv5\libv5rt.a(v5_apiuser.c.obj)
                0x038070e0                vexMotorAbsoluteTargetSet
 .text.vexMotorGearingSet
                0x03807110       0x20 C:\Program Files (x86)\VEX Robotics\VEXcode\sdk/vexv5\libv5rt.a(v5_apiuser.c.obj)
                0x03807110                vexMotorGearingSet
 .text.vexMotorGearingGet
                0x03807130       0x18 C:\Program Files (x86)\VEX Robotics\VEXcode\sdk/vexv5\libv5rt.a(v5_apiuser.c.obj)
                0x03807130                vexMotorGearingGet
 .text.vexVisionModeSet
                0x03807148       0x20 C:\Program Files (x86)\VEX Robotics\VEXcode\sdk/vexv5\libv5rt.a(v5_apiuser.c.obj)
                0x03807148                vexVisionModeSet
 .text.vexVisionObjectCountGet
                0x03807168       0x18 C:\Program Files (x86)\VEX Robotics\VEXcode\sdk/vexv5\libv5rt.a(v5_apiuser.c.obj)
                0x03807168                vexVisionObjectCountGet
 .text.vexVisionObjectGet
                0x03807180       0x28 C:\Program Files (x86)\VEX Robotics\VEXcode\sdk/vexv5\libv5rt.a(v5_apiuser.c.obj)
                0x03807180                vexVisionObjectGet
 .text.vexVisionSignatureSet
                0x038071a8       0x20 C:\Program Files (x86)\VEX Robotics\VEXcode\sdk/vexv5\libv5rt.a(v5_apiuser.c.obj)
                0x038071a8                vexVisionSignatureSet
 .text.vexVisionBrightnessSet
                0x038071c8       0x20 C:\Program Files (x86)\VEX Robotics\VEXcode\sdk/vexv5\libv5rt.a(v5_apiuser.c.obj)
                0x038071c8                vexVisionBrightnessSet
 .text.vexVisionLedModeSet
                0x038071e8       0x20 C:\Program Files (x86)\VEX Robotics\VEXcode\sdk/vexv5\libv5rt.a(v5_apiuser.c.obj)
                0x038071e8                vexVisionLedModeSet
 .text.vexVisionLedColorSet
                0x03807208       0x2c C:\Program Files (x86)\VEX Robotics\VEXcode\sdk/vexv5\libv5rt.a(v5_apiuser.c.obj)
                0x03807208                vexVisionLedColorSet
 .text.vexEventMaskSet
                0x03807234       0x28 C:\Program Files (x86)\VEX Robotics\VEXcode\sdk/vexv5\libv5rt.a(v5_apiuser.c.obj)
                0x03807234                vexEventMaskSet
 .text.vexEventMaskGet
                0x0380725c       0x18 C:\Program Files (x86)\VEX Robotics\VEXcode\sdk/vexv5\libv5rt.a(v5_apiuser.c.obj)
                0x0380725c                vexEventMaskGet
 .text._ZN3vex6device5valueEv
                0x03807274        0x8 C:\Program Files (x86)\VEX Robotics\VEXcode\sdk/vexv5\libv5rt.a(vex_device.cpp.obj)
                0x03807274                vex::device::value()
 .text._ZN3vex6deviceD2Ev
                0x0380727c        0x4 C:\Program Files (x86)\VEX Robotics\VEXcode\sdk/vexv5\libv5rt.a(vex_device.cpp.obj)
                0x0380727c                vex::device::~device()
                0x0380727c                vex::device::~device()
 .text._ZN3vex6device4initEl
                0x03807280       0x30 C:\Program Files (x86)\VEX Robotics\VEXcode\sdk/vexv5\libv5rt.a(vex_device.cpp.obj)
                0x03807280                vex::device::init(long)
 .text._ZN3vex6deviceC2El
                0x038072b0       0x20 C:\Program Files (x86)\VEX Robotics\VEXcode\sdk/vexv5\libv5rt.a(vex_device.cpp.obj)
                0x038072b0                vex::device::device(long)
                0x038072b0                vex::device::device(long)
 .text._ZN3vex6device4typeEv
                0x038072d0       0x10 C:\Program Files (x86)\VEX Robotics\VEXcode\sdk/vexv5\libv5rt.a(vex_device.cpp.obj)
                0x038072d0                vex::device::type()
 .text._ZN3vex6device9installedEv
                0x038072e0       0x14 C:\Program Files (x86)\VEX Robotics\VEXcode\sdk/vexv5\libv5rt.a(vex_device.cpp.obj)
                0x038072e0                vex::device::installed()
 .text.__aeabi_memcpy
                0x038072f4        0x4 C:\Program Files (x86)\VEX Robotics\VEXcode\sdk/vexv5/gcc/libs\libc.a(lib_a-aeabi_memcpy.o)
                0x038072f4                __aeabi_memcpy
                0x038072f4                __aeabi_memcpy8
                0x038072f4                __aeabi_memcpy4
 .text.__libc_fini_array
                0x038072f8       0x30 C:\Program Files (x86)\VEX Robotics\VEXcode\sdk/vexv5/gcc/libs\libc.a(lib_a-fini.o)
                0x038072f8                __libc_fini_array
 .text.__libc_init_array
                0x03807328       0x58 C:\Program Files (x86)\VEX Robotics\VEXcode\sdk/vexv5/gcc/libs\libc.a(lib_a-init.o)
                0x03807328                __libc_init_array
 .text.memcpy   0x03807380       0xa8 C:\Program Files (x86)\VEX Robotics\VEXcode\sdk/vexv5/gcc/libs\libc.a(lib_a-memcpy.o)
                0x03807380                memcpy
 .text.memcpy.__stub
                0x03807428       0x10 linker stubs
 *(.gnu.linkonce.t.*)
 *(.plt)
 *(.gnu_warning)
 *(.gcc_except_table)
 *(.glue_7)
 .glue_7        0x00000000        0x0 linker stubs
 *(.glue_7t)
 .glue_7t       0x00000000        0x0 linker stubs
 *(.vfp11_veneer)
 .vfp11_veneer  0x00000000        0x0 linker stubs
 *(.ARM.extab)
 *(.gnu.linkonce.armextab.*)

.v4_bx          0x03807438        0x0
 .v4_bx         0x00000000        0x0 linker stubs

.iplt           0x03807438        0x0
 .iplt          0x00000000        0x0 build/src/main.o

.init
 *(.init)

.fini
 *(.fini)

.rodata         0x03807438      0x1cc
                0x03807438                __rodata_start = .
 *(.rodata)
 *(.rodata.*)
 .rodata.str1.1
                0x03807438       0xa3 build/src/main.o
                                 0xa9 (size before relaxing)
 .rodata.str1.1
                0x038074db       0x2e C:\Program Files (x86)\VEX Robotics\VEXcode\sdk/vexv5\libv5rt.a(v5_startup.c.obj)
 *fill*         0x03807509        0x3 
 .rodata._ZN3vex6PORT22E
                0x0380750c        0x4 C:\Program Files (x86)\VEX Robotics\VEXcode\sdk/vexv5\libv5rt.a(vex_global.cpp.obj)
                0x0380750c                vex::PORT22
 .rodata._ZN3vex5PORT2E
                0x03807510        0x4 C:\Program Files (x86)\VEX Robotics\VEXcode\sdk/vexv5\libv5rt.a(vex_global.cpp.obj)
                0x03807510                vex::PORT2
 .rodata._ZN3vex6PORT12E
                0x03807514        0x4 C:\Program Files (x86)\VEX Robotics\VEXcode\sdk/vexv5\libv5rt.a(vex_global.cpp.obj)
                0x03807514                vex::PORT12
 .rodata._ZN3vex6PORT15E
                0x03807518        0x4 C:\Program Files (x86)\VEX Robotics\VEXcode\sdk/vexv5\libv5rt.a(vex_global.cpp.obj)
                0x03807518                vex::PORT15
 .rodata._ZN3vex6PORT17E
                0x0380751c        0x4 C:\Program Files (x86)\VEX Robotics\VEXcode\sdk/vexv5\libv5rt.a(vex_global.cpp.obj)
                0x0380751c                vex::PORT17
 .rodata._ZN3vex6PORT13E
                0x03807520        0x4 C:\Program Files (x86)\VEX Robotics\VEXcode\sdk/vexv5\libv5rt.a(vex_global.cpp.obj)
                0x03807520                vex::PORT13
 .rodata._ZN3vex5PORT6E
                0x03807524        0x4 C:\Program Files (x86)\VEX Robotics\VEXcode\sdk/vexv5\libv5rt.a(vex_global.cpp.obj)
                0x03807524                vex::PORT6
 .rodata._ZN3vex5PORT7E
                0x03807528        0x4 C:\Program Files (x86)\VEX Robotics\VEXcode\sdk/vexv5\libv5rt.a(vex_global.cpp.obj)
                0x03807528                vex::PORT7
 .rodata._ZN3vex5PORT1E
                0x0380752c        0x4 C:\Program Files (x86)\VEX Robotics\VEXcode\sdk/vexv5\libv5rt.a(vex_global.cpp.obj)
                0x0380752c                vex::PORT1
 .rodata._ZN3vex6PORT19E
                0x03807530        0x4 C:\Program Files (x86)\VEX Robotics\VEXcode\sdk/vexv5\libv5rt.a(vex_global.cpp.obj)
                0x03807530                vex::PORT19
 .rodata._ZN3vex6PORT14E
                0x03807534        0x4 C:\Program Files (x86)\VEX Robotics\VEXcode\sdk/vexv5\libv5rt.a(vex_global.cpp.obj)
                0x03807534                vex::PORT14
 .rodata._ZN3vex6PORT16E
                0x03807538        0x4 C:\Program Files (x86)\VEX Robotics\VEXcode\sdk/vexv5\libv5rt.a(vex_global.cpp.obj)
                0x03807538                vex::PORT16
 .rodata._ZN3vex6PORT18E
                0x0380753c        0x4 C:\Program Files (x86)\VEX Robotics\VEXcode\sdk/vexv5\libv5rt.a(vex_global.cpp.obj)
                0x0380753c                vex::PORT18
 .rodata._ZN3vex6PORT20E
                0x03807540        0x4 C:\Program Files (x86)\VEX Robotics\VEXcode\sdk/vexv5\libv5rt.a(vex_global.cpp.obj)
                0x03807540                vex::PORT20
 *fill*         0x03807544        0x4 
 .rodata._ZTVN3vex5motorE
                0x03807548       0x10 C:\Program Files (x86)\VEX Robotics\VEXcode\sdk/vexv5\libv5rt.a(vex_motor.cpp.obj)
                0x03807548                vtable for vex::motor
 .rodata._ZTVN3vex6visionE
                0x03807558       0x10 C:\Program Files (x86)\VEX Robotics\VEXcode\sdk/vexv5\libv5rt.a(vex_vision.cpp.obj)
                0x03807558                vtable for vex::vision
 .rodata.str1.1
                0x03807568       0x15 C:\Program Files (x86)\VEX Robotics\VEXcode\sdk/vexv5\libv5rt.a(vex_controller.cpp.obj)
                                 0x16 (size before relaxing)
 .rodata.CSWTCH.15
                0x0380757d        0xb C:\Program Files (x86)\VEX Robotics\VEXcode\sdk/vexv5\libv5rt.a(vex_controller.cpp.obj)
 .rodata.CSWTCH.17
                0x03807588        0xb C:\Program Files (x86)\VEX Robotics\VEXcode\sdk/vexv5\libv5rt.a(vex_controller.cpp.obj)
 .rodata.CSWTCH.23
                0x03807593        0x3 C:\Program Files (x86)\VEX Robotics\VEXcode\sdk/vexv5\libv5rt.a(vex_controller.cpp.obj)
 .rodata.str1.1
                0x03807596        0xa C:\Program Files (x86)\VEX Robotics\VEXcode\sdk/vexv5\libv5rt.a(vex_task.cpp.obj)
 .rodata.str1.1
                0x038075a0       0x1a C:\Program Files (x86)\VEX Robotics\VEXcode\sdk/vexv5\libv5rt.a(vex_brain.cpp.obj)
 *fill*         0x038075ba        0x6 
 .rodata._ZTVN3vex7triportE
                0x038075c0       0x10 C:\Program Files (x86)\VEX Robotics\VEXcode\sdk/vexv5\libv5rt.a(vex_triport.cpp.obj)
                0x038075c0                vtable for vex::triport
 .rodata.CSWTCH.30
                0x038075d0       0x10 C:\Program Files (x86)\VEX Robotics\VEXcode\sdk/vexv5\libv5rt.a(vex_triport.cpp.obj)
 .rodata.CSWTCH.25
                0x038075e0        0xe C:\Program Files (x86)\VEX Robotics\VEXcode\sdk/vexv5\libv5rt.a(vex_triport.cpp.obj)
 *fill*         0x038075ee        0x2 
 .rodata._ZTVN3vex6deviceE
                0x038075f0       0x10 C:\Program Files (x86)\VEX Robotics\VEXcode\sdk/vexv5\libv5rt.a(vex_device.cpp.obj)
                0x038075f0                vtable for vex::device
 .rodata.str1.4
                0x03807600        0x4 C:\Program Files (x86)\VEX Robotics\VEXcode\sdk/vexv5/gcc/libs\libc.a(lib_a-impure.o)
                                  0x2 (size before relaxing)
 *(.gnu.linkonce.r.*)
                0x03807604                __rodata_end = .

.rodata1        0x03807604        0x0
                0x03807604                __rodata1_start = .
 *(.rodata1)
 *(.rodata1.*)
                0x03807604                __rodata1_end = .

.sdata2         0x03807604        0x0
                0x03807604                __sdata2_start = .
 *(.sdata2)
 *(.sdata2.*)
 *(.gnu.linkonce.s2.*)
                0x03807604                __sdata2_end = .

.sbss2          0x03807604        0x0
                0x03807604                __sbss2_start = .
 *(.sbss2)
 *(.sbss2.*)
 *(.gnu.linkonce.sb2.*)
                0x03807604                __sbss2_end = .

.data           0x03807608      0x44c
                0x03807608                __data_start = .
 *(.data)
 *(.data.*)
 .data.fly      0x03807608        0x1 build/src/main.o
                0x03807608                fly
 .data.roll     0x03807609        0x1 build/src/main.o
                0x03807609                roll
 .data.hood     0x0380760a        0x1 build/src/main.o
                0x0380760a                hood
 .data.ballfeed
                0x0380760b        0x1 build/src/main.o
                0x0380760b                ballfeed
 .data.lift     0x0380760c        0x1 build/src/main.o
                0x0380760c                lift
 .data.Color    0x0380760d        0x1 build/src/main.o
                0x0380760d                Color
 *fill*         0x0380760e        0x2 
 .data._ZN1GL11FinalObjectE
                0x03807610        0x4 build/src/main.o
 .data._ZN1GL8rpmErrorE
                0x03807614        0x4 build/src/main.o
 .data._ZN1GL7TurnDirE
                0x03807618        0x4 build/src/main.o
 .data.appRunning
                0x0380761c        0x4 C:\Program Files (x86)\VEX Robotics\VEXcode\sdk/vexv5\libv5rt.a(v5_startup.c.obj)
                0x0380761c                appRunning
 .data.__yoff   0x03807620        0x4 C:\Program Files (x86)\VEX Robotics\VEXcode\sdk/vexv5\libv5rt.a(v5_apijump.c.obj)
 *fill*         0x03807624        0x4 
 .data.impure_data
                0x03807628      0x428 C:\Program Files (x86)\VEX Robotics\VEXcode\sdk/vexv5/gcc/libs\libc.a(lib_a-impure.o)
 .data._impure_ptr
                0x03807a50        0x4 C:\Program Files (x86)\VEX Robotics\VEXcode\sdk/vexv5/gcc/libs\libc.a(lib_a-impure.o)
                0x03807a50                _impure_ptr
 *(.gnu.linkonce.d.*)
 *(.jcr)
 *(.got)
 *(.got.plt)
                0x03807a54                __data_end = .

.igot.plt       0x03807a54        0x0
 .igot.plt      0x00000000        0x0 build/src/main.o

.data1          0x03807a54        0x0
                0x03807a54                __data1_start = .
 *(.data1)
 *(.data1.*)
                0x03807a54                __data1_end = .

.got
 *(.got)

.ctors          0x03807a54        0x0
                0x03807a54                __CTOR_LIST__ = .
                0x03807a54                ___CTORS_LIST___ = .
 *crtbegin.o(.ctors)
 *(EXCLUDE_FILE(*crtend.o) .ctors)
 *(SORT(.ctors.*))
 *(.ctors)
                0x03807a54                __CTOR_END__ = .
                0x03807a54                ___CTORS_END___ = .

.dtors          0x03807a54        0x0
                0x03807a54                __DTOR_LIST__ = .
                0x03807a54                ___DTORS_LIST___ = .
 *crtbegin.o(.dtors)
 *(EXCLUDE_FILE(*crtend.o) .dtors)
 *(SORT(.dtors.*))
 *(.dtors)
                0x03807a54                __DTOR_END__ = .
                0x03807a54                ___DTORS_END___ = .

.fixup          0x03807a54        0x0
                0x03807a54                __fixup_start = .
 *(.fixup)
                0x03807a54                __fixup_end = .

.eh_frame
 *(.eh_frame)

.eh_framehdr    0x03807a54        0x0
                0x03807a54                __eh_framehdr_start = .
 *(.eh_framehdr)
                0x03807a54                __eh_framehdr_end = .

.gcc_except_table
 *(.gcc_except_table)

.mmu_tbl        0x03808000        0x0
                0x03808000                __mmu_tbl_start = .
 *(.mmu_tbl)
                0x03808000                __mmu_tbl_end = .

.ARM.exidx      0x03807a54        0x8
                0x03807a54                __exidx_start = .
 *(.ARM.exidx*)
 .ARM.exidx.text._ZN3vex6visionC2IJNS0_9signatureES2_S2_S2_S2_S2_S2_EEElhDpT_
                0x03807a54        0x8 build/src/main.o
 .ARM.exidx.text._Z9GyroTrackv
                0x03807a5c        0x0 build/src/main.o
                                  0x8 (size before relaxing)
 .ARM.exidx.text._Z3runN3vex5motorEd
                0x03807a5c        0x0 build/src/main.o
                                  0x8 (size before relaxing)
 .ARM.exidx.text._Z11PrintScreenv
                0x03807a5c        0x0 build/src/main.o
                                  0x8 (size before relaxing)
 .ARM.exidx.text._Z7RPMCalcv
                0x03807a5c        0x0 build/src/main.o
                                  0x8 (size before relaxing)
 .ARM.exidx.text._Z9ShootBallv
                0x03807a5c        0x0 build/src/main.o
                                  0x8 (size before relaxing)
 .ARM.exidx.text._Z10TurnToFlagv
                0x03807a5c        0x0 build/src/main.o
                                  0x8 (size before relaxing)
 .ARM.exidx.text._Z6TIMER2v
                0x03807a5c        0x0 build/src/main.o
                                  0x8 (size before relaxing)
 .ARM.exidx.text._Z9StopDrivev
                0x03807a5c        0x0 build/src/main.o
                                  0x8 (size before relaxing)
 .ARM.exidx.text._Z6Driverv
                0x03807a5c        0x0 build/src/main.o
                                  0x8 (size before relaxing)
 .ARM.exidx.text._Z9pre_autonv
                0x03807a5c        0x0 build/src/main.o
                                  0x8 (size before relaxing)
 .ARM.exidx.text._Z10autonomousv
                0x03807a5c        0x0 build/src/main.o
                                  0x8 (size before relaxing)
 .ARM.exidx.text._Z11usercontrolv
                0x03807a5c        0x0 build/src/main.o
                                  0x8 (size before relaxing)
 .ARM.exidx.text.main
                0x03807a5c        0x0 build/src/main.o
                                  0x8 (size before relaxing)
 .ARM.exidx.text._ZN3vex6vision7_setsigINS0_9signatureEJS2_S2_S2_S2_S2_S2_EEEvRT_DpT0_
                0x03807a5c        0x0 build/src/main.o
                                  0x8 (size before relaxing)
 .ARM.exidx.text._ZN3vex6vision7_setsigINS0_9signatureEJS2_S2_S2_S2_S2_EEEvRT_DpT0_
                0x03807a5c        0x0 build/src/main.o
                                  0x8 (size before relaxing)
 .ARM.exidx.text._ZN3vex6vision7_setsigINS0_9signatureEJS2_S2_S2_S2_EEEvRT_DpT0_
                0x03807a5c        0x0 build/src/main.o
                                  0x8 (size before relaxing)
 .ARM.exidx.text._ZN3vex6vision7_setsigINS0_9signatureEJS2_S2_S2_EEEvRT_DpT0_
                0x03807a5c        0x0 build/src/main.o
                                  0x8 (size before relaxing)
 .ARM.exidx.text._ZN3vex6vision7_setsigINS0_9signatureEJS2_S2_EEEvRT_DpT0_
                0x03807a5c        0x0 build/src/main.o
                                  0x8 (size before relaxing)
 .ARM.exidx.text._GLOBAL__sub_I_main.cpp
                0x03807a5c        0x0 build/src/main.o
                                  0x8 (size before relaxing)
 *(.gnu.linkonce.armexidix.*.*)
                0x03807a5c                __exidx_end = .

.rel.dyn        0x03807a5c        0x0
 .rel.iplt      0x00000000        0x0 build/src/main.o

.preinit_array  0x03807a5c        0x0
                0x03807a5c                __preinit_array_start = .
 *(SORT(.preinit_array.*))
 *(.preinit_array)
                0x03807a5c                __preinit_array_end = .

.init_array     0x03807a5c       0x10
                0x03807a5c                __init_array_start = .
 *(SORT(.init_array.*))
 *(.init_array)
 .init_array    0x03807a5c        0x4 build/src/main.o
 .init_array    0x03807a60        0x4 C:\Program Files (x86)\VEX Robotics\VEXcode\sdk/vexv5\libv5rt.a(vex_motor.cpp.obj)
 .init_array    0x03807a64        0x4 C:\Program Files (x86)\VEX Robotics\VEXcode\sdk/vexv5\libv5rt.a(vex_triport.cpp.obj)
 .init_array    0x03807a68        0x4 C:\Program Files (x86)\VEX Robotics\VEXcode\sdk/vexv5\libv5rt.a(vex_color.cpp.obj)
                0x03807a6c                __init_array_end = .

.fini_array     0x03807a6c        0x0
                0x03807a6c                __fini_array_start = .
 *(SORT(.fini_array.*))
 *(.fini_array)
                0x03807a6c                __fini_array_end = .

.ARM.attributes
                0x03807a6c       0x3c
                0x03807a6c                __ARM.attributes_start = .
 *(.ARM.attributes)
 .ARM.attributes
                0x03807a6c       0x3a build/src/main.o
 .ARM.attributes
                0x03807aa6       0x35 C:\Program Files (x86)\VEX Robotics\VEXcode\sdk/vexv5\libv5rt.a(v5_startup.c.obj)
 .ARM.attributes
                0x03807adb       0x35 C:\Program Files (x86)\VEX Robotics\VEXcode\sdk/vexv5\libv5rt.a(v5_util.c.obj)
 .ARM.attributes
                0x03807b10       0x35 C:\Program Files (x86)\VEX Robotics\VEXcode\sdk/vexv5\libv5rt.a(v5_apijump.c.obj)
 .ARM.attributes
                0x03807b45       0x35 C:\Program Files (x86)\VEX Robotics\VEXcode\sdk/vexv5\libv5rt.a(v5_apiversions.c.obj)
 .ARM.attributes
                0x03807b7a       0x35 C:\Program Files (x86)\VEX Robotics\VEXcode\sdk/vexv5\libv5rt.a(vex_global.cpp.obj)
 .ARM.attributes
                0x03807baf       0x35 C:\Program Files (x86)\VEX Robotics\VEXcode\sdk/vexv5\libv5rt.a(vex_motor.cpp.obj)
 .ARM.attributes
                0x03807be4       0x35 C:\Program Files (x86)\VEX Robotics\VEXcode\sdk/vexv5\libv5rt.a(vex_vision.cpp.obj)
 .ARM.attributes
                0x03807c19       0x35 C:\Program Files (x86)\VEX Robotics\VEXcode\sdk/vexv5\libv5rt.a(vex_controller.cpp.obj)
 .ARM.attributes
                0x03807c4e       0x35 C:\Program Files (x86)\VEX Robotics\VEXcode\sdk/vexv5\libv5rt.a(vex_task.cpp.obj)
 .ARM.attributes
                0x03807c83       0x35 C:\Program Files (x86)\VEX Robotics\VEXcode\sdk/vexv5\libv5rt.a(vex_event.cpp.obj)
 .ARM.attributes
                0x03807cb8       0x35 C:\Program Files (x86)\VEX Robotics\VEXcode\sdk/vexv5\libv5rt.a(vex_mevent.cpp.obj)
 .ARM.attributes
                0x03807ced       0x35 C:\Program Files (x86)\VEX Robotics\VEXcode\sdk/vexv5\libv5rt.a(vex_brain.cpp.obj)
 .ARM.attributes
                0x03807d22       0x35 C:\Program Files (x86)\VEX Robotics\VEXcode\sdk/vexv5\libv5rt.a(vex_competition.cpp.obj)
 .ARM.attributes
                0x03807d57       0x35 C:\Program Files (x86)\VEX Robotics\VEXcode\sdk/vexv5\libv5rt.a(vex_triport.cpp.obj)
 .ARM.attributes
                0x03807d8c       0x35 C:\Program Files (x86)\VEX Robotics\VEXcode\sdk/vexv5\libv5rt.a(vex_color.cpp.obj)
 .ARM.attributes
                0x03807dc1       0x35 C:\Program Files (x86)\VEX Robotics\VEXcode\sdk/vexv5\libv5rt.a(vex_timer.cpp.obj)
 .ARM.attributes
                0x03807df6       0x35 C:\Program Files (x86)\VEX Robotics\VEXcode\sdk/vexv5\libv5rt.a(v5_apiuser.c.obj)
 .ARM.attributes
                0x03807e2b       0x35 C:\Program Files (x86)\VEX Robotics\VEXcode\sdk/vexv5\libv5rt.a(vex_device.cpp.obj)
 .ARM.attributes
                0x03807e60       0x2b C:\Program Files (x86)\VEX Robotics\VEXcode\sdk/vexv5/gcc/libs\libc.a(lib_a-aeabi_memcpy.o)
 .ARM.attributes
                0x03807e8b       0x2b C:\Program Files (x86)\VEX Robotics\VEXcode\sdk/vexv5/gcc/libs\libc.a(lib_a-fini.o)
 .ARM.attributes
                0x03807eb6       0x2b C:\Program Files (x86)\VEX Robotics\VEXcode\sdk/vexv5/gcc/libs\libc.a(lib_a-impure.o)
 .ARM.attributes
                0x03807ee1       0x2b C:\Program Files (x86)\VEX Robotics\VEXcode\sdk/vexv5/gcc/libs\libc.a(lib_a-init.o)
 .ARM.attributes
                0x03807f0c       0x2b C:\Program Files (x86)\VEX Robotics\VEXcode\sdk/vexv5/gcc/libs\libc.a(lib_a-memcpy.o)
                0x03807f37                __ARM.attributes_end = .

.sdata          0x03807a6c        0x0
                0x03807a6c                __sdata_start = .
 *(.sdata)
 *(.sdata.*)
 *(.gnu.linkonce.s.*)
                0x03807a6c                __sdata_end = .

.sbss           0x03807a6c        0x0
                0x03807a6c                __sbss_start = .
 *(.sbss)
 *(.sbss.*)
 *(.gnu.linkonce.sb.*)
                0x03807a6c                __sbss_end = .

.tdata          0x03807a6c        0x0
                0x03807a6c                __tdata_start = .
 *(.tdata)
 *(.tdata.*)
 *(.gnu.linkonce.td.*)
                0x03807a6c                __tdata_end = .

.tbss           0x03807a6c        0x0
                0x03807a6c                __tbss_start = .
 *(.tbss)
 *(.tbss.*)
 *(.gnu.linkonce.tb.*)
                0x03807a6c                __tbss_end = .

.bss            0x03807a70     0x10f4
                0x03807a70                __bss_start = .
 *(.bss)
 *(.bss.*)
 .bss.Shoot     0x03807a70        0x1 build/src/main.o
                0x03807a70                Shoot
 .bss._ZN1G7flyprevE
                0x03807a71        0x1 build/src/main.o
                0x03807a71                G::flyprev
 .bss._ZN1G8rollprevE
                0x03807a72        0x1 build/src/main.o
                0x03807a72                G::rollprev
 .bss._ZN1G8liftprevE
                0x03807a73        0x1 build/src/main.o
                0x03807a73                G::liftprev
 .bss.Brain     0x03807a74      0x2e0 build/src/main.o
                0x03807a74                Brain
 .bss.Controller
                0x03807d54      0x1e0 build/src/main.o
                0x03807d54                Controller
 .bss.RLine     0x03807f34       0x1c build/src/main.o
                0x03807f34                RLine
 .bss.Lift      0x03807f50       0x18 build/src/main.o
                0x03807f50                Lift
 .bss.IR        0x03807f68       0x20 build/src/main.o
                0x03807f68                IR
 .bss.BallBottom
                0x03807f88       0x1c build/src/main.o
                0x03807f88                BallBottom
 .bss.BallTop   0x03807fa4       0x1c build/src/main.o
                0x03807fa4                BallTop
 .bss.LLine     0x03807fc0       0x1c build/src/main.o
                0x03807fc0                LLine
 .bss.Gyro      0x03807fdc       0x1c build/src/main.o
                0x03807fdc                Gyro
 .bss.Hood      0x03807ff8       0x28 build/src/main.o
                0x03807ff8                Hood
 .bss.FlyL      0x03808020       0x28 build/src/main.o
                0x03808020                FlyL
 .bss.FlyR      0x03808048       0x28 build/src/main.o
                0x03808048                FlyR
 .bss.Turret    0x03808070       0x28 build/src/main.o
                0x03808070                Turret
 .bss.BallFeed  0x03808098       0x28 build/src/main.o
                0x03808098                BallFeed
 .bss.LF        0x038080c0       0x28 build/src/main.o
                0x038080c0                LF
 .bss.LB        0x038080e8       0x28 build/src/main.o
                0x038080e8                LB
 .bss.LM        0x03808110       0x28 build/src/main.o
                0x03808110                LM
 .bss.RB        0x03808138       0x28 build/src/main.o
                0x03808138                RB
 .bss.RM        0x03808160       0x28 build/src/main.o
                0x03808160                RM
 .bss.RF        0x03808188       0x28 build/src/main.o
                0x03808188                RF
 .bss.Roll      0x038081b0       0x28 build/src/main.o
                0x038081b0                Roll
 .bss.REDFLAG   0x038081d8       0x50 build/src/main.o
                0x038081d8                REDFLAG
 .bss.BLUEFLAG  0x03808228       0x50 build/src/main.o
                0x03808228                BLUEFLAG
 .bss.SIG_3     0x03808278       0x50 build/src/main.o
                0x03808278                SIG_3
 .bss.SIG_4     0x038082c8       0x50 build/src/main.o
                0x038082c8                SIG_4
 .bss.SIG_5     0x03808318       0x50 build/src/main.o
                0x03808318                SIG_5
 .bss.SIG_6     0x03808368       0x50 build/src/main.o
                0x03808368                SIG_6
 .bss.SIG_7     0x038083b8       0x50 build/src/main.o
                0x038083b8                SIG_7
 .bss.Vision    0x03808408      0x690 build/src/main.o
                0x03808408                Vision
 .bss.Competition
                0x03808a98       0x28 build/src/main.o
                0x03808a98                Competition
 .bss._ZN1GL10GlobalGyroE
                0x03808ac0        0x4 build/src/main.o
 .bss._ZN1GL5ballsE
                0x03808ac4        0x4 build/src/main.o
 .bss._ZN1GL10SnapToFlagE
                0x03808ac8        0x4 build/src/main.o
 .bss._ZN1GL7THeightE
                0x03808acc        0x4 build/src/main.o
 .bss._ZN1GL6TYDistE
                0x03808ad0        0x4 build/src/main.o
 .bss._ZN1GL7FlagSumE
                0x03808ad4        0x4 build/src/main.o
 .bss._ZN1GL2T3E
                0x03808ad8        0x4 build/src/main.o
 .bss.__dso_handle
                0x03808adc        0x4 C:\Program Files (x86)\VEX Robotics\VEXcode\sdk/vexv5\libv5rt.a(v5_startup.c.obj)
                0x03808adc                __dso_handle
 .bss.lastTime.8075
                0x03808ae0        0x4 C:\Program Files (x86)\VEX Robotics\VEXcode\sdk/vexv5\libv5rt.a(v5_apijump.c.obj)
 .bss._ZStL8__ioinit
                0x03808ae4        0x1 C:\Program Files (x86)\VEX Robotics\VEXcode\sdk/vexv5\libv5rt.a(vex_motor.cpp.obj)
 *fill*         0x03808ae5        0x3 
 .bss._ZN3vex4task8_labelIdE
                0x03808ae8        0x4 C:\Program Files (x86)\VEX Robotics\VEXcode\sdk/vexv5\libv5rt.a(vex_task.cpp.obj)
                0x03808ae8                vex::task::_labelId
 .bss._ZN3vex11competition22bStopTasksBetweenModesE
                0x03808aec        0x1 C:\Program Files (x86)\VEX Robotics\VEXcode\sdk/vexv5\libv5rt.a(vex_competition.cpp.obj)
                0x03808aec                vex::competition::bStopTasksBetweenModes
 .bss._ZN3vex11competition25bStopAllTasksBetweenModesE
                0x03808aed        0x1 C:\Program Files (x86)\VEX Robotics\VEXcode\sdk/vexv5\libv5rt.a(vex_competition.cpp.obj)
                0x03808aed                vex::competition::bStopAllTasksBetweenModes
 .bss._ZN3vex11competition14_auton_pendingE
                0x03808aee        0x1 C:\Program Files (x86)\VEX Robotics\VEXcode\sdk/vexv5\libv5rt.a(vex_competition.cpp.obj)
                0x03808aee                vex::competition::_auton_pending
 *fill*         0x03808aef        0x1 
 .bss._ZN3vex11competition20_autonomous_callbackE
                0x03808af0        0x4 C:\Program Files (x86)\VEX Robotics\VEXcode\sdk/vexv5\libv5rt.a(vex_competition.cpp.obj)
                0x03808af0                vex::competition::_autonomous_callback
 .bss._ZN3vex11competition23_drivercontrol_callbackE
                0x03808af4        0x4 C:\Program Files (x86)\VEX Robotics\VEXcode\sdk/vexv5\libv5rt.a(vex_competition.cpp.obj)
                0x03808af4                vex::competition::_drivercontrol_callback
 .bss._ZN3vex11competition15_driver_pendingE
                0x03808af8        0x1 C:\Program Files (x86)\VEX Robotics\VEXcode\sdk/vexv5\libv5rt.a(vex_competition.cpp.obj)
                0x03808af8                vex::competition::_driver_pending
 .bss._ZStL8__ioinit
                0x03808af9        0x1 C:\Program Files (x86)\VEX Robotics\VEXcode\sdk/vexv5\libv5rt.a(vex_triport.cpp.obj)
 *fill*         0x03808afa        0x2 
 .bss._ZN3vex5color6orangeE
                0x03808afc        0x8 C:\Program Files (x86)\VEX Robotics\VEXcode\sdk/vexv5\libv5rt.a(vex_color.cpp.obj)
                0x03808afc                vex::color::orange
 .bss._ZN3vex5color5blackE
                0x03808b04        0x8 C:\Program Files (x86)\VEX Robotics\VEXcode\sdk/vexv5\libv5rt.a(vex_color.cpp.obj)
                0x03808b04                vex::color::black
 .bss._ZN3vex5color6yellowE
                0x03808b0c        0x8 C:\Program Files (x86)\VEX Robotics\VEXcode\sdk/vexv5\libv5rt.a(vex_color.cpp.obj)
                0x03808b0c                vex::color::yellow
 .bss._ZN3vex5color5greenE
                0x03808b14        0x8 C:\Program Files (x86)\VEX Robotics\VEXcode\sdk/vexv5\libv5rt.a(vex_color.cpp.obj)
                0x03808b14                vex::color::green
 .bss._ZN3vex5color6purpleE
                0x03808b1c        0x8 C:\Program Files (x86)\VEX Robotics\VEXcode\sdk/vexv5\libv5rt.a(vex_color.cpp.obj)
                0x03808b1c                vex::color::purple
 .bss._ZN3vex5color4cyanE
                0x03808b24        0x8 C:\Program Files (x86)\VEX Robotics\VEXcode\sdk/vexv5\libv5rt.a(vex_color.cpp.obj)
                0x03808b24                vex::color::cyan
 .bss._ZN3vex5color4blueE
                0x03808b2c        0x8 C:\Program Files (x86)\VEX Robotics\VEXcode\sdk/vexv5\libv5rt.a(vex_color.cpp.obj)
                0x03808b2c                vex::color::blue
 .bss._ZN3vex5color3redE
                0x03808b34        0x8 C:\Program Files (x86)\VEX Robotics\VEXcode\sdk/vexv5\libv5rt.a(vex_color.cpp.obj)
                0x03808b34                vex::color::red
 .bss._ZN3vex5color11transparentE
                0x03808b3c        0x8 C:\Program Files (x86)\VEX Robotics\VEXcode\sdk/vexv5\libv5rt.a(vex_color.cpp.obj)
                0x03808b3c                vex::color::transparent
 .bss._ZN3vex5color5whiteE
                0x03808b44        0x8 C:\Program Files (x86)\VEX Robotics\VEXcode\sdk/vexv5\libv5rt.a(vex_color.cpp.obj)
                0x03808b44                vex::color::white
 *(.gnu.linkonce.b.*)
 *(COMMON)
 COMMON         0x03808b4c       0x18 C:\Program Files (x86)\VEX Robotics\VEXcode\sdk/vexv5\libv5rt.a(v5_startup.c.obj)
                0x03808b50                __vex_critical_section
                0x03808b64                __bss_end = .
                0x03807a6c                _SDA_BASE_ = (__sdata_start + ((__sbss_end - __sdata_start) / 0x2))
                0x03807604                _SDA2_BASE_ = (__sdata2_start + ((__sbss2_end - __sdata2_start) / 0x2))

.heap           0x03808b64   0x10000c
                0x03808b70                . = ALIGN (0x10)
 *fill*         0x03808b64        0xc 
                0x03808b70                _heap = .
                0x03808b70                HeapBase = .
                0x03808b70                _heap_start = .
                0x03908b70                . = (. + _HEAP_SIZE)
 *fill*         0x03808b70   0x100000 
                0x03908b70                _heap_end = .
                0x03908b70                HeapLimit = .

.stack          0x03908b70     0x3800
                0x03908b70                . = ALIGN (0x10)
                0x03908b70                _stack_end = .
                0x0390ab70                . = (. + _STACK_SIZE)
 *fill*         0x03908b70     0x2000 
                0x0390ab70                . = ALIGN (0x10)
                0x0390ab70                _stack = .
                0x0390ab70                __stack = _stack
                0x0390ab70                . = ALIGN (0x10)
                0x0390ab70                _irq_stack_end = .
                0x0390af70                . = (. + _IRQ_STACK_SIZE)
 *fill*         0x0390ab70      0x400 
                0x0390af70                . = ALIGN (0x10)
                0x0390af70                __irq_stack = .
                0x0390af70                _supervisor_stack_end = .
                0x0390b770                . = (. + _SUPERVISOR_STACK_SIZE)
 *fill*         0x0390af70      0x800 
                0x0390b770                . = ALIGN (0x10)
                0x0390b770                __supervisor_stack = .
                0x0390b770                _abort_stack_end = .
                0x0390bb70                . = (. + _ABORT_STACK_SIZE)
 *fill*         0x0390b770      0x400 
                0x0390bb70                . = ALIGN (0x10)
                0x0390bb70                __abort_stack = .
                0x0390bb70                _fiq_stack_end = .
                0x0390bf70                . = (. + _FIQ_STACK_SIZE)
 *fill*         0x0390bb70      0x400 
                0x0390bf70                . = ALIGN (0x10)
                0x0390bf70                __fiq_stack = .
                0x0390bf70                _undef_stack_end = .
                0x0390c370                . = (. + _UNDEF_STACK_SIZE)
 *fill*         0x0390bf70      0x400 
                0x0390c370                . = ALIGN (0x10)
                0x0390c370                __undef_stack = .
                0x0390c370                _end = .
LOAD C:\Program Files (x86)\VEX Robotics\VEXcode\sdk/vexv5/stdlib_0.lib
LOAD build/src/main.o
START GROUP
LOAD C:\Program Files (x86)\VEX Robotics\VEXcode\sdk/vexv5\libv5rt.a
LOAD C:\Program Files (x86)\VEX Robotics\VEXcode\sdk/vexv5/gcc/libs\libstdc++.a
LOAD C:\Program Files (x86)\VEX Robotics\VEXcode\sdk/vexv5/gcc/libs\libc.a
LOAD C:\Program Files (x86)\VEX Robotics\VEXcode\sdk/vexv5/gcc/libs\libm.a
LOAD C:\Program Files (x86)\VEX Robotics\VEXcode\sdk/vexv5/gcc/libs\libgcc.a
END GROUP
OUTPUT(build/V52Comp.elf elf32-littlearm)

.comment        0x00000000       0x9d
 .comment       0x00000000       0x2d build/src/main.o
                                 0x2e (size before relaxing)
 .comment       0x0000002d       0x70 C:\Program Files (x86)\VEX Robotics\VEXcode\sdk/vexv5\libv5rt.a(v5_startup.c.obj)
                                 0x71 (size before relaxing)
 .comment       0x00000000       0x71 C:\Program Files (x86)\VEX Robotics\VEXcode\sdk/vexv5\libv5rt.a(v5_util.c.obj)
 .comment       0x00000000       0x71 C:\Program Files (x86)\VEX Robotics\VEXcode\sdk/vexv5\libv5rt.a(v5_apijump.c.obj)
 .comment       0x00000000       0x71 C:\Program Files (x86)\VEX Robotics\VEXcode\sdk/vexv5\libv5rt.a(v5_apiversions.c.obj)
 .comment       0x00000000       0x71 C:\Program Files (x86)\VEX Robotics\VEXcode\sdk/vexv5\libv5rt.a(vex_global.cpp.obj)
 .comment       0x00000000       0x71 C:\Program Files (x86)\VEX Robotics\VEXcode\sdk/vexv5\libv5rt.a(vex_motor.cpp.obj)
 .comment       0x00000000       0x71 C:\Program Files (x86)\VEX Robotics\VEXcode\sdk/vexv5\libv5rt.a(vex_vision.cpp.obj)