Archive member included because of file (symbol)

C:\Program Files (x86)\VEX Robotics\VEXcode\sdk/vexv5\libv5rt.a(v5_startup.c.obj)
                              (vexStartup)
C:\Program Files (x86)\VEX Robotics\VEXcode\sdk/vexv5\libv5rt.a(v5_util.c.obj)
                              C:\Program Files (x86)\VEX Robotics\VEXcode\sdk/vexv5\libv5rt.a(v5_startup.c.obj) (vexStdlibVersionLinked)
C:\Program Files (x86)\VEX Robotics\VEXcode\sdk/vexv5\libv5rt.a(v5_apijump.c.obj)
                              C:\Program Files (x86)\VEX Robotics\VEXcode\sdk/vexv5\libv5rt.a(v5_startup.c.obj) (vexPrivateApiEnable)
C:\Program Files (x86)\VEX Robotics\VEXcode\sdk/vexv5\libv5rt.a(v5_apiversions.c.obj)
                              C:\Program Files (x86)\VEX Robotics\VEXcode\sdk/vexv5\libv5rt.a(v5_apijump.c.obj) (vexSystemVersion)
C:\Program Files (x86)\VEX Robotics\VEXcode\sdk/vexv5\libv5rt.a(vex_global.cpp.obj)
                              build/src/main.o (vex::PORT20)
C:\Program Files (x86)\VEX Robotics\VEXcode\sdk/vexv5\libv5rt.a(vex_motor.cpp.obj)
                              build/src/main.o (vex::motor::~motor())
C:\Program Files (x86)\VEX Robotics\VEXcode\sdk/vexv5\libv5rt.a(vex_vision.cpp.obj)
                              build/src/main.o (vex::vision::~vision())
C:\Program Files (x86)\VEX Robotics\VEXcode\sdk/vexv5\libv5rt.a(vex_controller.cpp.obj)
                              build/src/main.o (vex::controller::~controller())
C:\Program Files (x86)\VEX Robotics\VEXcode\sdk/vexv5\libv5rt.a(vex_task.cpp.obj)
                              build/src/main.o (vex::task::task(int (*)()))
C:\Program Files (x86)\VEX Robotics\VEXcode\sdk/vexv5\libv5rt.a(vex_event.cpp.obj)
                              C:\Program Files (x86)\VEX Robotics\VEXcode\sdk/vexv5\libv5rt.a(vex_controller.cpp.obj) (vex::event::init(unsigned long, unsigned long, void (*)()))
C:\Program Files (x86)\VEX Robotics\VEXcode\sdk/vexv5\libv5rt.a(vex_mevent.cpp.obj)
                              C:\Program Files (x86)\VEX Robotics\VEXcode\sdk/vexv5\libv5rt.a(vex_controller.cpp.obj) (vex::mevent::mevent(unsigned long, unsigned long))
C:\Program Files (x86)\VEX Robotics\VEXcode\sdk/vexv5\libv5rt.a(vex_brain.cpp.obj)
                              build/src/main.o (vex::brain::~brain())
C:\Program Files (x86)\VEX Robotics\VEXcode\sdk/vexv5\libv5rt.a(vex_competition.cpp.obj)
                              build/src/main.o (vex::competition::competition())
C:\Program Files (x86)\VEX Robotics\VEXcode\sdk/vexv5\libv5rt.a(vex_triport.cpp.obj)
                              C:\Program Files (x86)\VEX Robotics\VEXcode\sdk/vexv5\libv5rt.a(vex_brain.cpp.obj) (vex::triport::~triport())
C:\Program Files (x86)\VEX Robotics\VEXcode\sdk/vexv5\libv5rt.a(vex_color.cpp.obj)
                              C:\Program Files (x86)\VEX Robotics\VEXcode\sdk/vexv5\libv5rt.a(vex_brain.cpp.obj) (vex::color::operator unsigned long() const)
C:\Program Files (x86)\VEX Robotics\VEXcode\sdk/vexv5\libv5rt.a(vex_timer.cpp.obj)
                              C:\Program Files (x86)\VEX Robotics\VEXcode\sdk/vexv5\libv5rt.a(vex_brain.cpp.obj) (vex::timer::~timer())
C:\Program Files (x86)\VEX Robotics\VEXcode\sdk/vexv5\libv5rt.a(v5_apiuser.c.obj)
                              C:\Program Files (x86)\VEX Robotics\VEXcode\sdk/vexv5\libv5rt.a(vex_triport.cpp.obj) (vexAdiPortConfigSet)
C:\Program Files (x86)\VEX Robotics\VEXcode\sdk/vexv5\libv5rt.a(vex_device.cpp.obj)
                              C:\Program Files (x86)\VEX Robotics\VEXcode\sdk/vexv5\libv5rt.a(vex_triport.cpp.obj) (vex::device::value())
C:\Program Files (x86)\VEX Robotics\VEXcode\sdk/vexv5/gcc/libs\libc.a(lib_a-aeabi_memcpy.o)
                              build/src/main.o (__aeabi_memcpy4)
C:\Program Files (x86)\VEX Robotics\VEXcode\sdk/vexv5/gcc/libs\libc.a(lib_a-fini.o)
                              C:\Program Files (x86)\VEX Robotics\VEXcode\sdk/vexv5\libv5rt.a(v5_startup.c.obj) (__libc_fini_array)
C:\Program Files (x86)\VEX Robotics\VEXcode\sdk/vexv5/gcc/libs\libc.a(lib_a-impure.o)
                              C:\Program Files (x86)\VEX Robotics\VEXcode\sdk/vexv5\libv5rt.a(v5_startup.c.obj) (_impure_ptr)
C:\Program Files (x86)\VEX Robotics\VEXcode\sdk/vexv5/gcc/libs\libc.a(lib_a-init.o)
                              C:\Program Files (x86)\VEX Robotics\VEXcode\sdk/vexv5\libv5rt.a(v5_startup.c.obj) (__libc_init_array)
C:\Program Files (x86)\VEX Robotics\VEXcode\sdk/vexv5/gcc/libs\libc.a(lib_a-memcpy.o)
                              C:\Program Files (x86)\VEX Robotics\VEXcode\sdk/vexv5/gcc/libs\libc.a(lib_a-aeabi_memcpy.o) (memcpy)
C:\Program Files (x86)\VEX Robotics\VEXcode\sdk/vexv5/gcc/libs\libc.a(lib_a-tolower.o)
                              C:\Program Files (x86)\VEX Robotics\VEXcode\sdk/vexv5\libv5rt.a(vex_brain.cpp.obj) (tolower)
C:\Program Files (x86)\VEX Robotics\VEXcode\sdk/vexv5/gcc/libs\libc.a(lib_a-ctype_.o)
[...]
Memory Configuration

Name             Origin             Length             Attributes
ps7_ddr_0_S_AXI_BASEADDR 0x03800000         0x04800000
*default*        0x00000000         0xffffffff

Linker script and memory map

                0x00002000                _STACK_SIZE = DEFINED (_STACK_SIZE)?_STACK_SIZE:0x2000
                0x00100000                _HEAP_SIZE = DEFINED (_HEAP_SIZE)?_HEAP_SIZE:0x100000
                0x00000400                _ABORT_STACK_SIZE = DEFINED (_ABORT_STACK_SIZE)?_ABORT_STACK_SIZE:0x400
                0x00000800                _SUPERVISOR_STACK_SIZE = DEFINED (_SUPERVISOR_STACK_SIZE)?_SUPERVISOR_STACK_SIZE:0x800
                0x00000400                _IRQ_STACK_SIZE = DEFINED (_IRQ_STACK_SIZE)?_IRQ_STACK_SIZE:0x400
                0x00000400                _FIQ_STACK_SIZE = DEFINED (_FIQ_STACK_SIZE)?_FIQ_STACK_SIZE:0x400
                0x00000400                _UNDEF_STACK_SIZE = DEFINED (_UNDEF_STACK_SIZE)?_UNDEF_STACK_SIZE:0x400

.text           0x03800000     0xe0b0
 *(.vectors)
 *(.boot_data)
 .boot_data     0x03800000       0x20 C:\Program Files (x86)\VEX Robotics\VEXcode\sdk/vexv5\libv5rt.a(v5_startup.c.obj)
                0x03800000                vexCodeSig
                0x00000020                . = 0x20
 *(.boot)
 .boot          0x03800020       0xb4 C:\Program Files (x86)\VEX Robotics\VEXcode\sdk/vexv5\libv5rt.a(v5_startup.c.obj)
                0x03800020                vexStartup
                0x03800100                . = ALIGN (0x40)
 *fill*         0x038000d4       0x2c 
 *(.freertos_vectors)
 *(.text)
 *(.text.*)
 .text._ZN3vex6visionC2IJNS0_9signatureES2_S2_S2_S2_S2_S2_EEElhDpT_
                0x03800100       0xec build/src/main.o
                0x03800100                vex::vision::vision<vex::vision::signature, vex::vision::signature, vex::vision::signature, vex::vision::signature, vex::vision::signature, vex::vision::signature, vex::vision::signature>(long, unsigned char, vex::vision::signature, vex::vision::signature, vex::vision::signature, vex::vision::signature, vex::vision::signature, vex::vision::signature, vex::vision::signature)
 .text._Z12ENDAUTOTIMERv
                0x038001ec       0x28 build/src/main.o
                0x038001ec                ENDAUTOTIMER()
 .text._Z9GyroTrackv
                0x03800214       0x70 build/src/main.o
                0x03800214                GyroTrack()
 .text._Z3runN3vex5motorEd
                0x03800284       0x3c build/src/main.o
                0x03800284                run(vex::motor, double)
 .text._Z11PrintScreenv
                0x038002c0      0x3c4 build/src/main.o
                0x038002c0                PrintScreen()
 *fill*         0x03800684        0x4 
 .text._Z7RPMCalcv
                0x03800688      0x100 build/src/main.o
                0x03800688                RPMCalc()
 .text._Z9ShootBallv
                0x03800788      0xa14 build/src/main.o
                0x03800788                ShootBall()
 *fill*         0x0380119c        0x4 
 .text._Z10TurnToFlagv
                0x038011a0      0x960 build/src/main.o
                0x038011a0                TurnToFlag()
 .text._Z6TIMER2v
                0x03801b00       0x28 build/src/main.o
                0x03801b00                TIMER2()
 .text._Z9StopDriveN3vex9brakeTypeE
                0x03801b28       0x6c build/src/main.o
                0x03801b28                StopDrive(vex::brakeType)
 .text._Z10rightDrivei
                0x03801b94      0x11c build/src/main.o
                0x03801b94                rightDrive(int)
 .text._Z9leftDrivei
                0x03801cb0      0x11c build/src/main.o
                0x03801cb0                leftDrive(int)
 *fill*         0x03801dcc        0x4 
 .text._Z6Driverv
                0x03801dd0      0x860 build/src/main.o
                0x03801dd0                Driver()
 .text._Z7pidTurnffffi
                0x03802630      0x508 build/src/main.o
                0x03802630                pidTurn(float, float, float, float, int)
 .text._Z4MoveffbN3vex9brakeTypeE
                0x03802b38      0x710 build/src/main.o
                0x03802b38                Move(float, float, bool, vex::brakeType)
 .text._Z6ToWalld
                0x03803248      0x320 build/src/main.o
                0x03803248                ToWall(double)
 .text._Z14SetDriveTorqued
                0x03803568       0xb0 build/src/main.o
                0x03803568                SetDriveTorque(double)
 .text._Z4TiledibN3vex9brakeTypeE
                0x03803618      0x238 build/src/main.o
                0x03803618                Tile(double, int, bool, vex::brakeType)
 .text._Z9pre_autonv
                0x03803850      0x7f8 build/src/main.o
                0x03803850                pre_auton()
 .text._Z5autonv
                0x03804048     0x51d0 build/src/main.o
                0x03804048                auton()
 .text._Z11usercontrolv
                0x03809218      0xdec build/src/main.o
                0x03809218                usercontrol()
 .text.main     0x0380a004       0x80 build/src/main.o
                0x0380a004                main
 .text._ZN3vex6vision7_setsigINS0_9signatureEJS2_S2_S2_S2_S2_S2_EEEvRT_DpT0_
                0x0380a084       0xc8 build/src/main.o
                0x0380a084                void vex::vision::_setsig<vex::vision::signature, vex::vision::signature, vex::vision::signature, vex::vision::signature, vex::vision::signature, vex::vision::signature, vex::vision::signature>(vex::vision::signature&, vex::vision::signature, vex::vision::signature, vex::vision::signature, vex::vision::signature, vex::vision::signature, vex::vision::signature)
 .text._ZN3vex6vision7_setsigINS0_9signatureEJS2_S2_S2_S2_S2_EEEvRT_DpT0_
                0x0380a14c       0xac build/src/main.o
                0x0380a14c                void vex::vision::_setsig<vex::vision::signature, vex::vision::signature, vex::vision::signature, vex::vision::signature, vex::vision::signature, vex::vision::signature>(vex::vision::signature&, vex::vision::signature, vex::vision::signature, vex::vision::signature, vex::vision::signature, vex::vision::signature)
 .text._ZN3vex6vision7_setsigINS0_9signatureEJS2_S2_S2_S2_EEEvRT_DpT0_
                0x0380a1f8       0x90 build/src/main.o
                0x0380a1f8                void vex::vision::_setsig<vex::vision::signature, vex::vision::signature, vex::vision::signature, vex::vision::signature, vex::vision::signature>(vex::vision::signature&, vex::vision::signature, vex::vision::signature, vex::vision::signature, vex::vision::signature)
 .text._ZN3vex6vision7_setsigINS0_9signatureEJS2_S2_S2_EEEvRT_DpT0_
                0x0380a288       0x70 build/src/main.o
                0x0380a288                void vex::vision::_setsig<vex::vision::signature, vex::vision::signature, vex::vision::signature, vex::vision::signature>(vex::vision::signature&, vex::vision::signature, vex::vision::signature, vex::vision::signature)
 .text._ZN3vex6vision7_setsigINS0_9signatureEJS2_S2_EEEvRT_DpT0_
                0x0380a2f8       0x58 build/src/main.o
                0x0380a2f8                void vex::vision::_setsig<vex::vision::signature, vex::vision::signature, vex::vision::signature>(vex::vision::signature&, vex::vision::signature, vex::vision::signature)
 .text._GLOBAL__sub_I_main.cpp
                0x0380a350      0x7c8 build/src/main.o
 .text.vexMain  0x0380ab18       0xb0 C:\Program Files (x86)\VEX Robotics\VEXcode\sdk/vexv5\libv5rt.a(v5_startup.c.obj)
                0x0380ab18                vexMain
 .text.__vex_function_prolog
                0x0380abc8       0x18 C:\Program Files (x86)\VEX Robotics\VEXcode\sdk/vexv5\libv5rt.a(v5_startup.c.obj)
                0x0380abc8                __vex_function_prolog
 .text._init    0x0380abe0        0x4 C:\Program Files (x86)\VEX Robotics\VEXcode\sdk/vexv5\libv5rt.a(v5_startup.c.obj)
                0x0380abe0                _init
 .text._fini    0x0380abe4        0x4 C:\Program Files (x86)\VEX Robotics\VEXcode\sdk/vexv5\libv5rt.a(v5_startup.c.obj)
                0x0380abe4                _fini
 .text.vexStdlibVersionLinked
                0x0380abe8        0xc C:\Program Files (x86)\VEX Robotics\VEXcode\sdk/vexv5\libv5rt.a(v5_util.c.obj)
                0x0380abe8                vexStdlibVersionLinked
 .text.vexStdlibVersionVerify
                0x0380abf4       0x30 C:\Program Files (x86)\VEX Robotics\VEXcode\sdk/vexv5\libv5rt.a(v5_util.c.obj)
                0x0380abf4                vexStdlibVersionVerify
 .text.vexPrivateApiEnable
                0x0380ac24       0x10 C:\Program Files (x86)\VEX Robotics\VEXcode\sdk/vexv5\libv5rt.a(v5_apijump.c.obj)
                0x0380ac24                vexPrivateApiEnable
 .text.vexStdlibMismatchError
                0x0380ac34       0x3c C:\Program Files (x86)\VEX Robotics\VEXcode\sdk/vexv5\libv5rt.a(v5_apijump.c.obj)
                0x0380ac34                vexStdlibMismatchError
 .text.vexTaskAdd
                0x0380ac70       0x10 C:\Program Files (x86)\VEX Robotics\VEXcode\sdk/vexv5\libv5rt.a(v5_apijump.c.obj)
                0x0380ac70                vexTaskAdd
 .text.vexTaskStop
                0x0380ac80       0x10 C:\Program Files (x86)\VEX Robotics\VEXcode\sdk/vexv5\libv5rt.a(v5_apijump.c.obj)
                0x0380ac80                vexTaskStop
 .text.vexTasksRun
                0x0380ac90       0x10 C:\Program Files (x86)\VEX Robotics\VEXcode\sdk/vexv5\libv5rt.a(v5_apijump.c.obj)
                0x0380ac90                vexTasksRun
 .text.vexTaskYield
                0x0380aca0       0x10 C:\Program Files (x86)\VEX Robotics\VEXcode\sdk/vexv5\libv5rt.a(v5_apijump.c.obj)
                0x0380aca0                vexTaskYield
 .text.vexTaskCheckTimeslice
                0x0380acb0       0x10 C:\Program Files (x86)\VEX Robotics\VEXcode\sdk/vexv5\libv5rt.a(v5_apijump.c.obj)
                0x0380acb0                vexTaskCheckTimeslice
 .text.vexTaskSleep
                0x0380acc0       0x10 C:\Program Files (x86)\VEX Robotics\VEXcode\sdk/vexv5\libv5rt.a(v5_apijump.c.obj)
                0x0380acc0                vexTaskSleep
 .text.vexTasksDump
                0x0380acd0       0x1c C:\Program Files (x86)\VEX Robotics\VEXcode\sdk/vexv5\libv5rt.a(v5_apijump.c.obj)
                0x0380acd0                vexTasksDump
 .text.vexTaskGetTaskIndex
                0x0380acec       0x10 C:\Program Files (x86)\VEX Robotics\VEXcode\sdk/vexv5\libv5rt.a(v5_apijump.c.obj)
                0x0380acec                vexTaskGetTaskIndex
 .text.vexTaskStopAll
                0x0380acfc       0x10 C:\Program Files (x86)\VEX Robotics\VEXcode\sdk/vexv5\libv5rt.a(v5_apijump.c.obj)
                0x0380acfc                vexTaskStopAll
 .text.vexTaskRemoveAllUser
                0x0380ad0c       0x34 C:\Program Files (x86)\VEX Robotics\VEXcode\sdk/vexv5\libv5rt.a(v5_apijump.c.obj)
                0x0380ad0c                vexTaskRemoveAllUser
 .text.vexTaskCompletionIdSet
                0x0380ad40       0x10 C:\Program Files (x86)\VEX Robotics\VEXcode\sdk/vexv5\libv5rt.a(v5_apijump.c.obj)
                0x0380ad40                vexTaskCompletionIdSet
 .text.vexCriticalSection
                0x0380ad50       0x2c C:\Program Files (x86)\VEX Robotics\VEXcode\sdk/vexv5\libv5rt.a(v5_apijump.c.obj)
                0x0380ad50                vexCriticalSection
 .text.vexEventAdd
                0x0380ad7c       0x34 C:\Program Files (x86)\VEX Robotics\VEXcode\sdk/vexv5\libv5rt.a(v5_apijump.c.obj)
                0x0380ad7c                vexEventAdd
 .text.vexEventUserIndexGet
                0x0380adb0       0x1c C:\Program Files (x86)\VEX Robotics\VEXcode\sdk/vexv5\libv5rt.a(v5_apijump.c.obj)
                0x0380adb0                vexEventUserIndexGet
 .text.vexEventAddWithArg
                0x0380adcc       0x3c C:\Program Files (x86)\VEX Robotics\VEXcode\sdk/vexv5\libv5rt.a(v5_apijump.c.obj)
                0x0380adcc                vexEventAddWithArg
 .text.vexEventsCleanup
                0x0380ae08       0x2c C:\Program Files (x86)\VEX Robotics\VEXcode\sdk/vexv5\libv5rt.a(v5_apijump.c.obj)
                0x0380ae08                vexEventsCleanup
 .text.vexDebug
                0x0380ae34       0x38 C:\Program Files (x86)\VEX Robotics\VEXcode\sdk/vexv5\libv5rt.a(v5_apijump.c.obj)
                0x0380ae34                vexDebug
 .text.vex_sprintf
                0x0380ae6c       0x40 C:\Program Files (x86)\VEX Robotics\VEXcode\sdk/vexv5\libv5rt.a(v5_apijump.c.obj)
                0x0380ae6c                vex_sprintf
 .text.vex_vsnprintf
                0x0380aeac       0x3c C:\Program Files (x86)\VEX Robotics\VEXcode\sdk/vexv5\libv5rt.a(v5_apijump.c.obj)
                0x0380aeac                vex_vsnprintf
 .text.vexSystemTimeGet
                0x0380aee8       0x1c C:\Program Files (x86)\VEX Robotics\VEXcode\sdk/vexv5\libv5rt.a(v5_apijump.c.obj)
                0x0380aee8                vexSystemTimeGet
 .text.vexSystemExitRequest
                0x0380af04       0x1c C:\Program Files (x86)\VEX Robotics\VEXcode\sdk/vexv5\libv5rt.a(v5_apijump.c.obj)
                0x0380af04                vexSystemExitRequest
 .text.vexDeviceGetByIndex
                0x0380af20       0x24 C:\Program Files (x86)\VEX Robotics\VEXcode\sdk/vexv5\libv5rt.a(v5_apijump.c.obj)
                0x0380af20                vexDeviceGetByIndex
 .text.vexControllerGet
                0x0380af44       0x2c C:\Program Files (x86)\VEX Robotics\VEXcode\sdk/vexv5\libv5rt.a(v5_apijump.c.obj)
                0x0380af44                vexControllerGet
 .text.vexControllerTextSet
                0x0380af70       0x74 C:\Program Files (x86)\VEX Robotics\VEXcode\sdk/vexv5\libv5rt.a(v5_apijump.c.obj)
                0x0380af70                vexControllerTextSet
 .text.vexDeviceAdiPortConfigSet
                0x0380afe4       0x34 C:\Program Files (x86)\VEX Robotics\VEXcode\sdk/vexv5\libv5rt.a(v5_apijump.c.obj)
                0x0380afe4                vexDeviceAdiPortConfigSet
 .text.vexDeviceAdiPortConfigGet
                0x0380b018       0x2c C:\Program Files (x86)\VEX Robotics\VEXcode\sdk/vexv5\libv5rt.a(v5_apijump.c.obj)
                0x0380b018                vexDeviceAdiPortConfigGet
 .text.vexDeviceAdiValueSet
                0x0380b044       0x34 C:\Program Files (x86)\VEX Robotics\VEXcode\sdk/vexv5\libv5rt.a(v5_apijump.c.obj)
                0x0380b044                vexDeviceAdiValueSet
 .text.vexDeviceAdiValueGet
                0x0380b078       0x2c C:\Program Files (x86)\VEX Robotics\VEXcode\sdk/vexv5\libv5rt.a(v5_apijump.c.obj)
                0x0380b078                vexDeviceAdiValueGet
 .text.vexDeviceMotorVelocitySet
                0x0380b0a4       0x2c C:\Program Files (x86)\VEX Robotics\VEXcode\sdk/vexv5\libv5rt.a(v5_apijump.c.obj)
                0x0380b0a4                vexDeviceMotorVelocitySet
 .text.vexDeviceMotorActualVelocityGet
                0x0380b0d0       0x24 C:\Program Files (x86)\VEX Robotics\VEXcode\sdk/vexv5\libv5rt.a(v5_apijump.c.obj)
                0x0380b0d0                vexDeviceMotorActualVelocityGet
 .text.vexDeviceMotorCurrentLimitSet
                0x0380b0f4       0x2c C:\Program Files (x86)\VEX Robotics\VEXcode\sdk/vexv5\libv5rt.a(v5_apijump.c.obj)
                0x0380b0f4                vexDeviceMotorCurrentLimitSet
 .text.vexDeviceMotorZeroPositionFlagGet
                0x0380b120       0x24 C:\Program Files (x86)\VEX Robotics\VEXcode\sdk/vexv5\libv5rt.a(v5_apijump.c.obj)
                0x0380b120                vexDeviceMotorZeroPositionFlagGet
 .text.vexDeviceMotorReverseFlagSet
                0x0380b144       0x2c C:\Program Files (x86)\VEX Robotics\VEXcode\sdk/vexv5\libv5rt.a(v5_apijump.c.obj)
                0x0380b144                vexDeviceMotorReverseFlagSet
 .text.vexDeviceMotorEncoderUnitsSet
                0x0380b170       0x2c C:\Program Files (x86)\VEX Robotics\VEXcode\sdk/vexv5\libv5rt.a(v5_apijump.c.obj)
                0x0380b170                vexDeviceMotorEncoderUnitsSet
 .text.vexDeviceMotorBrakeModeSet
                0x0380b19c       0x2c C:\Program Files (x86)\VEX Robotics\VEXcode\sdk/vexv5\libv5rt.a(v5_apijump.c.obj)
                0x0380b19c                vexDeviceMotorBrakeModeSet
 .text.vexDeviceMotorPositionSet
                0x0380b1c8       0x34 C:\Program Files (x86)\VEX Robotics\VEXcode\sdk/vexv5\libv5rt.a(v5_apijump.c.obj)
                0x0380b1c8                vexDeviceMotorPositionSet
 .text.vexDeviceMotorPositionGet
                0x0380b1fc       0x24 C:\Program Files (x86)\VEX Robotics\VEXcode\sdk/vexv5\libv5rt.a(v5_apijump.c.obj)
                0x0380b1fc                vexDeviceMotorPositionGet
 .text.vexDeviceMotorAbsoluteTargetSet
                0x0380b220       0x3c C:\Program Files (x86)\VEX Robotics\VEXcode\sdk/vexv5\libv5rt.a(v5_apijump.c.obj)
                0x0380b220                vexDeviceMotorAbsoluteTargetSet
 .text.vexDeviceMotorGearingSet
                0x0380b25c       0x2c C:\Program Files (x86)\VEX Robotics\VEXcode\sdk/vexv5\libv5rt.a(v5_apijump.c.obj)
                0x0380b25c                vexDeviceMotorGearingSet
 .text.vexDeviceMotorGearingGet
                0x0380b288       0x24 C:\Program Files (x86)\VEX Robotics\VEXcode\sdk/vexv5\libv5rt.a(v5_apijump.c.obj)
                0x0380b288                vexDeviceMotorGearingGet
 .text.vexDeviceVisionModeSet
                0x0380b2ac       0x2c C:\Program Files (x86)\VEX Robotics\VEXcode\sdk/vexv5\libv5rt.a(v5_apijump.c.obj)
                0x0380b2ac                vexDeviceVisionModeSet
 .text.vexDeviceVisionObjectCountGet
                0x0380b2d8       0x24 C:\Program Files (x86)\VEX Robotics\VEXcode\sdk/vexv5\libv5rt.a(v5_apijump.c.obj)
                0x0380b2d8                vexDeviceVisionObjectCountGet
 .text.vexDeviceVisionObjectGet
                0x0380b2fc       0x34 C:\Program Files (x86)\VEX Robotics\VEXcode\sdk/vexv5\libv5rt.a(v5_apijump.c.obj)
                0x0380b2fc                vexDeviceVisionObjectGet
 .text.vexDeviceVisionSignatureSet
                0x0380b330       0x2c C:\Program Files (x86)\VEX Robotics\VEXcode\sdk/vexv5\libv5rt.a(v5_apijump.c.obj)
                0x0380b330                vexDeviceVisionSignatureSet
 .text.vexDeviceVisionBrightnessSet
                0x0380b35c       0x2c C:\Program Files (x86)\VEX Robotics\VEXcode\sdk/vexv5\libv5rt.a(v5_apijump.c.obj)
                0x0380b35c                vexDeviceVisionBrightnessSet
 .text.vexDeviceVisionLedModeSet
                0x0380b388       0x2c C:\Program Files (x86)\VEX Robotics\VEXcode\sdk/vexv5\libv5rt.a(v5_apijump.c.obj)
                0x0380b388                vexDeviceVisionLedModeSet
 .text.vexDeviceVisionLedColorSet
                0x0380b3b4       0x30 C:\Program Files (x86)\VEX Robotics\VEXcode\sdk/vexv5\libv5rt.a(v5_apijump.c.obj)
                0x0380b3b4                vexDeviceVisionLedColorSet
 .text.vexDisplayForegroundColor
                0x0380b3e4       0x24 C:\Program Files (x86)\VEX Robotics\VEXcode\sdk/vexv5\libv5rt.a(v5_apijump.c.obj)
                0x0380b3e4                vexDisplayForegroundColor
 .text.vexDisplayBackgroundColor
                0x0380b408       0x24 C:\Program Files (x86)\VEX Robotics\VEXcode\sdk/vexv5\libv5rt.a(v5_apijump.c.obj)
                0x0380b408                vexDisplayBackgroundColor
 .text.vexDisplayBackgroundColorGet
                0x0380b42c       0x1c C:\Program Files (x86)\VEX Robotics\VEXcode\sdk/vexv5\libv5rt.a(v5_apijump.c.obj)
                0x0380b42c                vexDisplayBackgroundColorGet
 .text.vexDisplayRectDraw
                0x0380b448       0x4c C:\Program Files (x86)\VEX Robotics\VEXcode\sdk/vexv5\libv5rt.a(v5_apijump.c.obj)
                0x0380b448                vexDisplayRectDraw
 .text.vexDisplayRectClear
                0x0380b494       0x4c C:\Program Files (x86)\VEX Robotics\VEXcode\sdk/vexv5\libv5rt.a(v5_apijump.c.obj)
                0x0380b494                vexDisplayRectClear
 .text.vexDisplayCircleDraw
                0x0380b4e0       0x40 C:\Program Files (x86)\VEX Robotics\VEXcode\sdk/vexv5\libv5rt.a(v5_apijump.c.obj)
                0x0380b4e0                vexDisplayCircleDraw
 .text.vexDisplayCircleClear
                0x0380b520       0x40 C:\Program Files (x86)\VEX Robotics\VEXcode\sdk/vexv5\libv5rt.a(v5_apijump.c.obj)
                0x0380b520                vexDisplayCircleClear
 .text.vexDisplayPrintf
                0x0380b560       0x68 C:\Program Files (x86)\VEX Robotics\VEXcode\sdk/vexv5\libv5rt.a(v5_apijump.c.obj)
                0x0380b560                vexDisplayPrintf
 .text.vexDisplayTextReference
                0x0380b5c8       0x24 C:\Program Files (x86)\VEX Robotics\VEXcode\sdk/vexv5\libv5rt.a(v5_apijump.c.obj)
                0x0380b5c8                vexDisplayTextReference
 .text.vexDisplayTextSize
                0x0380b5ec       0x2c C:\Program Files (x86)\VEX Robotics\VEXcode\sdk/vexv5\libv5rt.a(v5_apijump.c.obj)
                0x0380b5ec                vexDisplayTextSize
 .text.vexDisplayFontNamedSet
                0x0380b618       0x24 C:\Program Files (x86)\VEX Robotics\VEXcode\sdk/vexv5\libv5rt.a(v5_apijump.c.obj)
                0x0380b618                vexDisplayFontNamedSet
 .text.vexDisplayPenSizeSet
                0x0380b63c       0x24 C:\Program Files (x86)\VEX Robotics\VEXcode\sdk/vexv5\libv5rt.a(v5_apijump.c.obj)
                0x0380b63c                vexDisplayPenSizeSet
 .text.vexDisplayPenSizeGet
                0x0380b660       0x1c C:\Program Files (x86)\VEX Robotics\VEXcode\sdk/vexv5\libv5rt.a(v5_apijump.c.obj)
                0x0380b660                vexDisplayPenSizeGet
 .text.vexSystemStdlibImpureDataAddr
                0x0380b67c       0x28 C:\Program Files (x86)\VEX Robotics\VEXcode\sdk/vexv5\libv5rt.a(v5_apijump.c.obj)
                0x0380b67c                vexSystemStdlibImpureDataAddr
 .text.vexSystemStdlibImpureDataSize
                0x0380b6a4       0x28 C:\Program Files (x86)\VEX Robotics\VEXcode\sdk/vexv5\libv5rt.a(v5_apijump.c.obj)
                0x0380b6a4                vexSystemStdlibImpureDataSize
 .text.vexTouchDataGet
                0x0380b6cc       0x10 C:\Program Files (x86)\VEX Robotics\VEXcode\sdk/vexv5\libv5rt.a(v5_apijump.c.obj)
                0x0380b6cc                vexTouchDataGet
 .text.vexDisplayThemeIdGet
                0x0380b6dc       0x38 C:\Program Files (x86)\VEX Robotics\VEXcode\sdk/vexv5\libv5rt.a(v5_apijump.c.obj)
                0x0380b6dc                vexDisplayThemeIdGet
 .text.vexDeviceEventMaskSet
                0x0380b714       0x48 C:\Program Files (x86)\VEX Robotics\VEXcode\sdk/vexv5\libv5rt.a(v5_apijump.c.obj)
                0x0380b714                vexDeviceEventMaskSet
 .text.vexDeviceEventMaskGet
                0x0380b75c       0x3c C:\Program Files (x86)\VEX Robotics\VEXcode\sdk/vexv5\libv5rt.a(v5_apijump.c.obj)
                0x0380b75c                vexDeviceEventMaskGet
 .text.vexSystemVersion
                0x0380b798       0x10 C:\Program Files (x86)\VEX Robotics\VEXcode\sdk/vexv5\libv5rt.a(v5_apiversions.c.obj)
                0x0380b798                vexSystemVersion
 .text.vexStdlibVersion
                0x0380b7a8       0x10 C:\Program Files (x86)\VEX Robotics\VEXcode\sdk/vexv5\libv5rt.a(v5_apiversions.c.obj)
                0x0380b7a8                vexStdlibVersion
 .text._ZN3vex5motor9installedEv
                0x0380b7b8       0x18 C:\Program Files (x86)\VEX Robotics\VEXcode\sdk/vexv5\libv5rt.a(vex_motor.cpp.obj)
                0x0380b7b8                vex::motor::installed()
 .text._ZN3vex5motorD2Ev
                0x0380b7d0       0x20 C:\Program Files (x86)\VEX Robotics\VEXcode\sdk/vexv5\libv5rt.a(vex_motor.cpp.obj)
                0x0380b7d0                vex::motor::~motor()
                0x0380b7d0                vex::motor::~motor()
 .text._ZN3vex5motor15defaultStoppingENS_9brakeTypeE
                0x0380b7f0       0x30 C:\Program Files (x86)\VEX Robotics\VEXcode\sdk/vexv5\libv5rt.a(vex_motor.cpp.obj)
                0x0380b7f0                vex::motor::defaultStopping(vex::brakeType)
 .text._ZN3vex5motor11setStoppingENS_9brakeTypeE
                0x0380b820        0x4 C:\Program Files (x86)\VEX Robotics\VEXcode\sdk/vexv5\libv5rt.a(vex_motor.cpp.obj)
                0x0380b820                vex::motor::setStopping(vex::brakeType)
 .text._ZN3vex5motorC2El
                0x0380b824       0x70 C:\Program Files (x86)\VEX Robotics\VEXcode\sdk/vexv5\libv5rt.a(vex_motor.cpp.obj)
                0x0380b824                vex::motor::motor(long)
                0x0380b824                vex::motor::motor(long)
 .text._ZN3vex5motorC2ElNS_11gearSettingEb
                0x0380b894       0x34 C:\Program Files (x86)\VEX Robotics\VEXcode\sdk/vexv5\libv5rt.a(vex_motor.cpp.obj)
                0x0380b894                vex::motor::motor(long, vex::gearSetting, bool)
                0x0380b894                vex::motor::motor(long, vex::gearSetting, bool)
 .text._ZN3vex5motor10setTimeoutElNS_9timeUnitsE
                0x0380b8c8       0x4c C:\Program Files (x86)\VEX Robotics\VEXcode\sdk/vexv5\libv5rt.a(vex_motor.cpp.obj)
                0x0380b8c8                vex::motor::setTimeout(long, vex::timeUnits)
 .text._ZN3vex5motor4stopENS_9brakeTypeE
                0x0380b914       0x30 C:\Program Files (x86)\VEX Robotics\VEXcode\sdk/vexv5\libv5rt.a(vex_motor.cpp.obj)
                0x0380b914                vex::motor::stop(vex::brakeType)
 .text._ZN3vex5motor4stopEv
                0x0380b944        0x8 C:\Program Files (x86)\VEX Robotics\VEXcode\sdk/vexv5\libv5rt.a(vex_motor.cpp.obj)
                0x0380b944                vex::motor::stop()
 *fill*         0x0380b94c        0x4 
 .text._ZN3vex5motor12setMaxTorqueEdNS_12percentUnitsE
                0x0380b950       0x88 C:\Program Files (x86)\VEX Robotics\VEXcode\sdk/vexv5\libv5rt.a(vex_motor.cpp.obj)
                0x0380b950                vex::motor::setMaxTorque(double, vex::percentUnits)
 .text._ZN3vex5motor16velocityToScaledEdNS_13velocityUnitsE
                0x0380b9d8       0x5c C:\Program Files (x86)\VEX Robotics\VEXcode\sdk/vexv5\libv5rt.a(vex_motor.cpp.obj)
                0x0380b9d8                vex::motor::velocityToScaled(double, vex::velocityUnits)
 .text._ZN3vex5motor8velocityENS_13velocityUnitsE
                0x0380ba34       0x30 C:\Program Files (x86)\VEX Robotics\VEXcode\sdk/vexv5\libv5rt.a(vex_motor.cpp.obj)
                0x0380ba34                vex::motor::velocity(vex::velocityUnits)
 .text._ZN3vex5motor5valueEv
                0x0380ba64       0x1c C:\Program Files (x86)\VEX Robotics\VEXcode\sdk/vexv5\libv5rt.a(vex_motor.cpp.obj)
                0x0380ba64                vex::motor::value()
 .text._ZN3vex5motor16scaledToVelocityEdNS_13velocityUnitsE
                0x0380ba80       0xa4 C:\Program Files (x86)\VEX Robotics\VEXcode\sdk/vexv5\libv5rt.a(vex_motor.cpp.obj)
                0x0380ba80                vex::motor::scaledToVelocity(double, vex::velocityUnits)
 .text._ZN3vex5motor4spinENS_13directionTypeEdNS_13velocityUnitsE
                0x0380bb24       0x5c C:\Program Files (x86)\VEX Robotics\VEXcode\sdk/vexv5\libv5rt.a(vex_motor.cpp.obj)
                0x0380bb24                vex::motor::spin(vex::directionType, double, vex::velocityUnits)
 .text._ZN3vex5motor16setRotationUnitsENS_13rotationUnitsE
                0x0380bb80       0x1c C:\Program Files (x86)\VEX Robotics\VEXcode\sdk/vexv5\libv5rt.a(vex_motor.cpp.obj)
                0x0380bb80                vex::motor::setRotationUnits(vex::rotationUnits)
 .text._ZN3vex5motor11setRotationEdNS_13rotationUnitsE
                0x0380bb9c       0x44 C:\Program Files (x86)\VEX Robotics\VEXcode\sdk/vexv5\libv5rt.a(vex_motor.cpp.obj)
                0x0380bb9c                vex::motor::setRotation(double, vex::rotationUnits)
 .text._ZN3vex5motor13resetRotationEv
                0x0380bbe0       0x20 C:\Program Files (x86)\VEX Robotics\VEXcode\sdk/vexv5\libv5rt.a(vex_motor.cpp.obj)
                0x0380bbe0                vex::motor::resetRotation()
 .text._ZN3vex5motor8rotateToEdNS_13rotationUnitsEdNS_13velocityUnitsEb
                0x0380bc00       0xc4 C:\Program Files (x86)\VEX Robotics\VEXcode\sdk/vexv5\libv5rt.a(vex_motor.cpp.obj)
                0x0380bc00                vex::motor::rotateTo(double, vex::rotationUnits, double, vex::velocityUnits, bool)
 .text._ZN3vex5motor13startRotateToEdNS_13rotationUnitsEdNS_13velocityUnitsE
                0x0380bcc4       0x34 C:\Program Files (x86)\VEX Robotics\VEXcode\sdk/vexv5\libv5rt.a(vex_motor.cpp.obj)
                0x0380bcc4                vex::motor::startRotateTo(double, vex::rotationUnits, double, vex::velocityUnits)
 .text._ZN3vex5motor8rotationENS_13rotationUnitsE
                0x0380bcf8       0x44 C:\Program Files (x86)\VEX Robotics\VEXcode\sdk/vexv5\libv5rt.a(vex_motor.cpp.obj)
                0x0380bcf8                vex::motor::rotation(vex::rotationUnits)
 .text.startup._GLOBAL__sub_I__ZN3vex5motorC2El
                0x0380bd3c       0x30 C:\Program Files (x86)\VEX Robotics\VEXcode\sdk/vexv5\libv5rt.a(vex_motor.cpp.obj)
 .text._ZN3vex6vision9installedEv
                0x0380bd6c       0x18 C:\Program Files (x86)\VEX Robotics\VEXcode\sdk/vexv5\libv5rt.a(vex_vision.cpp.obj)
                0x0380bd6c                vex::vision::installed()
 .text._ZN3vex6visionD2Ev
                0x0380bd84       0x38 C:\Program Files (x86)\VEX Robotics\VEXcode\sdk/vexv5\libv5rt.a(vex_vision.cpp.obj)
                0x0380bd84                vex::vision::~vision()
                0x0380bd84                vex::vision::~vision()
 .text._ZN3vex6vision12setSignatureERNS0_9signatureE
                0x0380bdbc       0x70 C:\Program Files (x86)\VEX Robotics\VEXcode\sdk/vexv5\libv5rt.a(vex_vision.cpp.obj)
                0x0380bdbc                vex::vision::setSignature(vex::vision::signature&)
 .text._ZN3vex6vision7setModeENS0_13detectionModeE
                0x0380be2c       0x18 C:\Program Files (x86)\VEX Robotics\VEXcode\sdk/vexv5\libv5rt.a(vex_vision.cpp.obj)
                0x0380be2c                vex::vision::setMode(vex::vision::detectionMode)
 .text._ZN3vex6vision13setBrightnessEh
                0x0380be44       0x30 C:\Program Files (x86)\VEX Robotics\VEXcode\sdk/vexv5\libv5rt.a(vex_vision.cpp.obj)
                0x0380be44                vex::vision::setBrightness(unsigned char)
 .text._ZN3vex6vision10setLedModeENS0_7ledModeE
                0x0380be74       0x18 C:\Program Files (x86)\VEX Robotics\VEXcode\sdk/vexv5\libv5rt.a(vex_vision.cpp.obj)
                0x0380be74                vex::vision::setLedMode(vex::vision::ledMode)
 .text._ZN3vex6vision11setLedColorEhhh
                0x0380be8c       0x30 C:\Program Files (x86)\VEX Robotics\VEXcode\sdk/vexv5\libv5rt.a(vex_vision.cpp.obj)
                0x0380be8c                vex::vision::setLedColor(unsigned char, unsigned char, unsigned char)
 .text._ZN3vex6vision9signatureD2Ev
                0x0380bebc        0x4 C:\Program Files (x86)\VEX Robotics\VEXcode\sdk/vexv5\libv5rt.a(vex_vision.cpp.obj)
                0x0380bebc                vex::vision::signature::~signature()
                0x0380bebc                vex::vision::signature::~signature()
 .text._ZN3vex6vision9signature5clearEv
                0x0380bec0       0x38 C:\Program Files (x86)\VEX Robotics\VEXcode\sdk/vexv5\libv5rt.a(vex_vision.cpp.obj)
                0x0380bec0                vex::vision::signature::clear()
 .text._ZN3vex6vision9signatureC2Ev
                0x0380bef8       0x60 C:\Program Files (x86)\VEX Robotics\VEXcode\sdk/vexv5\libv5rt.a(vex_vision.cpp.obj)
                0x0380bef8                vex::vision::signature::signature()
                0x0380bef8                vex::vision::signature::signature()
 .text._ZN3vex6vision9signatureC2Elllllllfl
                0x0380bf58       0x5c C:\Program Files (x86)\VEX Robotics\VEXcode\sdk/vexv5\libv5rt.a(vex_vision.cpp.obj)
                0x0380bf58                vex::vision::signature::signature(long, long, long, long, long, long, long, float, long)
                0x0380bf58                vex::vision::signature::signature(long, long, long, long, long, long, long, float, long)
 *fill*         0x0380bfb4        0x4 
 .text._ZN3vex6vision6object3setE22_V5_DeviceVisionObject
                0x0380bfb8       0x78 C:\Program Files (x86)\VEX Robotics\VEXcode\sdk/vexv5\libv5rt.a(vex_vision.cpp.obj)
                0x0380bfb8                vex::vision::object::set(_V5_DeviceVisionObject)
 .text._ZN3vex6vision6object5clearEv
                0x0380c030       0x38 C:\Program Files (x86)\VEX Robotics\VEXcode\sdk/vexv5\libv5rt.a(vex_vision.cpp.obj)
                0x0380c030                vex::vision::object::clear()
 .text._ZN3vex6vision6objectC2Ev
                0x0380c068       0x58 C:\Program Files (x86)\VEX Robotics\VEXcode\sdk/vexv5\libv5rt.a(vex_vision.cpp.obj)
                0x0380c068                vex::vision::object::object()
                0x0380c068                vex::vision::object::object()
 .text._ZN3vex6vision13_clearObjectsEv
                0x0380c0c0       0x40 C:\Program Files (x86)\VEX Robotics\VEXcode\sdk/vexv5\libv5rt.a(vex_vision.cpp.obj)
                0x0380c0c0                vex::vision::_clearObjects()
 .text._ZN3vex6vision6objectaSERKS1_
                0x0380c100       0x74 C:\Program Files (x86)\VEX Robotics\VEXcode\sdk/vexv5\libv5rt.a(vex_vision.cpp.obj)
                0x0380c100                vex::vision::object::operator=(vex::vision::object const&)
 .text._ZN3vex6vision12takeSnapshotEmm
                0x0380c174       0xf4 C:\Program Files (x86)\VEX Robotics\VEXcode\sdk/vexv5\libv5rt.a(vex_vision.cpp.obj)
                0x0380c174                vex::vision::takeSnapshot(unsigned long, unsigned long)
 .text._ZN3vex6vision12takeSnapshotEm
                0x0380c268        0x8 C:\Program Files (x86)\VEX Robotics\VEXcode\sdk/vexv5\libv5rt.a(vex_vision.cpp.obj)
                0x0380c268                vex::vision::takeSnapshot(unsigned long)
 .text._ZN3vex6vision5valueEv
                0x0380c270        0x8 C:\Program Files (x86)\VEX Robotics\VEXcode\sdk/vexv5\libv5rt.a(vex_vision.cpp.obj)
                0x0380c270                vex::vision::value()
 .text._ZN3vex6vision12takeSnapshotERNS0_9signatureEm
                0x0380c278        0xc C:\Program Files (x86)\VEX Robotics\VEXcode\sdk/vexv5\libv5rt.a(vex_vision.cpp.obj)
                0x0380c278                vex::vision::takeSnapshot(vex::vision::signature&, unsigned long)
 .text._ZN3vex6vision6objectaSEl
                0x0380c284       0x38 C:\Program Files (x86)\VEX Robotics\VEXcode\sdk/vexv5\libv5rt.a(vex_vision.cpp.obj)
                0x0380c284                vex::vision::object::operator=(long)
 .text._ZN3vex6visionC2El
                0x0380c2bc       0xa4 C:\Program Files (x86)\VEX Robotics\VEXcode\sdk/vexv5\libv5rt.a(vex_vision.cpp.obj)
                0x0380c2bc                vex::vision::vision(long)
                0x0380c2bc                vex::vision::vision(long)
 .text._ZN3vex10controllerD2Ev
                0x0380c360        0x4 C:\Program Files (x86)\VEX Robotics\VEXcode\sdk/vexv5\libv5rt.a(vex_controller.cpp.obj)
                0x0380c360                vex::controller::~controller()
                0x0380c360                vex::controller::~controller()
 .text._ZN3vex10controller5valueE19_V5_ControllerIndex
                0x0380c364        0x8 C:\Program Files (x86)\VEX Robotics\VEXcode\sdk/vexv5\libv5rt.a(vex_controller.cpp.obj)
                0x0380c364                vex::controller::value(_V5_ControllerIndex)
 .text._ZN3vex10controller6rumbleEPKc
                0x0380c36c       0x4c C:\Program Files (x86)\VEX Robotics\VEXcode\sdk/vexv5\libv5rt.a(vex_controller.cpp.obj)
                0x0380c36c                vex::controller::rumble(char const*)
 .text._ZN3vex10controller6button8pressingEv
                0x0380c3b8       0xc8 C:\Program Files (x86)\VEX Robotics\VEXcode\sdk/vexv5\libv5rt.a(vex_controller.cpp.obj)
                0x0380c3b8                vex::controller::button::pressing()
 .text._ZN3vex10controller6button21_buttonToPressedEventEv
                0x0380c480       0x20 C:\Program Files (x86)\VEX Robotics\VEXcode\sdk/vexv5\libv5rt.a(vex_controller.cpp.obj)
                0x0380c480                vex::controller::button::_buttonToPressedEvent()
 .text._ZN3vex10controller6button22_buttonToReleasedEventEv
                0x0380c4a0       0x20 C:\Program Files (x86)\VEX Robotics\VEXcode\sdk/vexv5\libv5rt.a(vex_controller.cpp.obj)
                0x0380c4a0                vex::controller::button::_buttonToReleasedEvent()
 .text._ZN3vex10controller6buttonC2ENS0_11tButtonTypeEPS0_
                0x0380c4c0       0x48 C:\Program Files (x86)\VEX Robotics\VEXcode\sdk/vexv5\libv5rt.a(vex_controller.cpp.obj)
                0x0380c4c0                vex::controller::button::button(vex::controller::tButtonType, vex::controller*)
                0x0380c4c0                vex::controller::button::button(vex::controller::tButtonType, vex::controller*)
 .text._ZN3vex10controller4axis5valueEv
                0x0380c508       0x58 C:\Program Files (x86)\VEX Robotics\VEXcode\sdk/vexv5\libv5rt.a(vex_controller.cpp.obj)
                0x0380c508                vex::controller::axis::value()
 .text._ZN3vex10controller4axis23_joystickToChangedEventEv
                0x0380c560       0x20 C:\Program Files (x86)\VEX Robotics\VEXcode\sdk/vexv5\libv5rt.a(vex_controller.cpp.obj)
                0x0380c560                vex::controller::axis::_joystickToChangedEvent()
 .text._ZN3vex10controller4axisC2ENS0_9tAxisTypeEPS0_
                0x0380c580       0x2c C:\Program Files (x86)\VEX Robotics\VEXcode\sdk/vexv5\libv5rt.a(vex_controller.cpp.obj)
                0x0380c580                vex::controller::axis::axis(vex::controller::tAxisType, vex::controller*)
                0x0380c580                vex::controller::axis::axis(vex::controller::tAxisType, vex::controller*)
 .text._ZN3vex10controllerC2ENS_14controllerTypeE
                0x0380c5ac      0x204 C:\Program Files (x86)\VEX Robotics\VEXcode\sdk/vexv5\libv5rt.a(vex_controller.cpp.obj)
                0x0380c5ac                vex::controller::controller(vex::controllerType)
                0x0380c5ac                vex::controller::controller(vex::controllerType)
 .text._ZN3vex10controller3lcd15getControllerIdEv
                0x0380c7b0       0x10 C:\Program Files (x86)\VEX Robotics\VEXcode\sdk/vexv5\libv5rt.a(vex_controller.cpp.obj)
                0x0380c7b0                vex::controller::lcd::getControllerId()
 .text._ZN3vex10controller3lcd5printEPKcz
                0x0380c7c0       0x54 C:\Program Files (x86)\VEX Robotics\VEXcode\sdk/vexv5\libv5rt.a(vex_controller.cpp.obj)
                0x0380c7c0                vex::controller::lcd::print(char const*, ...)
 .text._ZN3vex10controller3lcd9clearLineEi
                0x0380c814       0x44 C:\Program Files (x86)\VEX Robotics\VEXcode\sdk/vexv5\libv5rt.a(vex_controller.cpp.obj)
                0x0380c814                vex::controller::lcd::clearLine(int)
 .text._ZN3vex4taskC2EPFivE
                0x0380c858       0x54 C:\Program Files (x86)\VEX Robotics\VEXcode\sdk/vexv5\libv5rt.a(vex_task.cpp.obj)
                0x0380c858                vex::task::task(int (*)())
                0x0380c858                vex::task::task(int (*)())
 .text._ZN3vex4taskD2Ev
                0x0380c8ac        0x4 C:\Program Files (x86)\VEX Robotics\VEXcode\sdk/vexv5\libv5rt.a(vex_task.cpp.obj)
                0x0380c8ac                vex::task::~task()
                0x0380c8ac                vex::task::~task()
 .text._ZN3vex4task4stopEPFivE
                0x0380c8b0        0xc C:\Program Files (x86)\VEX Robotics\VEXcode\sdk/vexv5\libv5rt.a(vex_task.cpp.obj)
                0x0380c8b0                vex::task::stop(int (*)())
 .text._ZN3vex4task5sleepEm
                0x0380c8bc        0x4 C:\Program Files (x86)\VEX Robotics\VEXcode\sdk/vexv5\libv5rt.a(vex_task.cpp.obj)
                0x0380c8bc                vex::task::sleep(unsigned long)
 .text._ZN3vex4task6_indexEPFivE
                0x0380c8c0       0x14 C:\Program Files (x86)\VEX Robotics\VEXcode\sdk/vexv5\libv5rt.a(vex_task.cpp.obj)
                0x0380c8c0                vex::task::_index(int (*)())
 .text._ZN3vex4task8_stopAllEv
                0x0380c8d4       0x3c C:\Program Files (x86)\VEX Robotics\VEXcode\sdk/vexv5\libv5rt.a(vex_task.cpp.obj)
                0x0380c8d4                vex::task::_stopAll()
 .text._ZN3vex5event4initEmmPFvvE
                0x0380c910        0x4 C:\Program Files (x86)\VEX Robotics\VEXcode\sdk/vexv5\libv5rt.a(vex_event.cpp.obj)
                0x0380c910                vex::event::init(unsigned long, unsigned long, void (*)())
 .text._ZN3vex5event4initEmmPFvPvES1_
                0x0380c914        0x4 C:\Program Files (x86)\VEX Robotics\VEXcode\sdk/vexv5\libv5rt.a(vex_event.cpp.obj)
                0x0380c914                vex::event::init(unsigned long, unsigned long, void (*)(void*), void*)
 .text._ZN3vex5event9userindexEv
                0x0380c918        0x4 C:\Program Files (x86)\VEX Robotics\VEXcode\sdk/vexv5\libv5rt.a(vex_event.cpp.obj)
                0x0380c918                vex::event::userindex()
 .text._ZZN3vex6meventC4EmmENUlvE_4_FUNEv
                0x0380c91c        0x4 C:\Program Files (x86)\VEX Robotics\VEXcode\sdk/vexv5\libv5rt.a(vex_mevent.cpp.obj)
 .text._ZN3vex6meventC2Emm
                0x0380c920       0x70 C:\Program Files (x86)\VEX Robotics\VEXcode\sdk/vexv5\libv5rt.a(vex_mevent.cpp.obj)
                0x0380c920                vex::mevent::mevent(unsigned long, unsigned long)
                0x0380c920                vex::mevent::mevent(unsigned long, unsigned long)
 .text._ZN3vex5brainD2Ev
                0x0380c990       0x20 C:\Program Files (x86)\VEX Robotics\VEXcode\sdk/vexv5\libv5rt.a(vex_brain.cpp.obj)
                0x0380c990                vex::brain::~brain()
                0x0380c990                vex::brain::~brain()
 .text._ZN3vex5brain9_getIndexEv
                0x0380c9b0       0x10 C:\Program Files (x86)\VEX Robotics\VEXcode\sdk/vexv5\libv5rt.a(vex_brain.cpp.obj)
                0x0380c9b0                vex::brain::_getIndex()
 .text._ZN3vex5brain5timerENS_9timeUnitsE
                0x0380c9c0        0x4 C:\Program Files (x86)\VEX Robotics\VEXcode\sdk/vexv5\libv5rt.a(vex_brain.cpp.obj)
                0x0380c9c0                vex::brain::timer(vex::timeUnits)
 .text._ZN3vex5brain10resetTimerEv
                0x0380c9c4        0x4 C:\Program Files (x86)\VEX Robotics\VEXcode\sdk/vexv5\libv5rt.a(vex_brain.cpp.obj)
                0x0380c9c4                vex::brain::resetTimer()
 .text._ZN3vex5brain3lcd9setCursorEll
                0x0380c9c8       0x44 C:\Program Files (x86)\VEX Robotics\VEXcode\sdk/vexv5\libv5rt.a(vex_brain.cpp.obj)
                0x0380c9c8                vex::brain::lcd::setCursor(long, long)
 .text._ZN3vex5brain3lcd7setFontENS_8fontTypeE
                0x0380ca0c      0x228 C:\Program Files (x86)\VEX Robotics\VEXcode\sdk/vexv5\libv5rt.a(vex_brain.cpp.obj)
                0x0380ca0c                vex::brain::lcd::setFont(vex::fontType)
 .text._ZN3vex5brain3lcdC2Ev
                0x0380cc34       0x94 C:\Program Files (x86)\VEX Robotics\VEXcode\sdk/vexv5\libv5rt.a(vex_brain.cpp.obj)
                0x0380cc34                vex::brain::lcd::lcd()
                0x0380cc34                vex::brain::lcd::lcd()
 .text._ZN3vex5brainC2Ev
                0x0380ccc8       0x40 C:\Program Files (x86)\VEX Robotics\VEXcode\sdk/vexv5\libv5rt.a(vex_brain.cpp.obj)
                0x0380ccc8                vex::brain::brain()
                0x0380ccc8                vex::brain::brain()
 .text._ZN3vex5brain3lcd11setPenWidthEm
                0x0380cd08       0x24 C:\Program Files (x86)\VEX Robotics\VEXcode\sdk/vexv5\libv5rt.a(vex_brain.cpp.obj)
                0x0380cd08                vex::brain::lcd::setPenWidth(unsigned long)
 .text._ZN3vex5brain3lcd11setPenColorERKNS_5colorE
                0x0380cd2c       0x14 C:\Program Files (x86)\VEX Robotics\VEXcode\sdk/vexv5\libv5rt.a(vex_brain.cpp.obj)
                0x0380cd2c                vex::brain::lcd::setPenColor(vex::color const&)
 .text._ZN3vex5brain3lcd7printAtEllPKcz
                0x0380cd40       0x6c C:\Program Files (x86)\VEX Robotics\VEXcode\sdk/vexv5\libv5rt.a(vex_brain.cpp.obj)
                0x0380cd40                vex::brain::lcd::printAt(long, long, char const*, ...)
 .text._ZN3vex5brain3lcd7printAtEllbPKcz
                0x0380cdac       0x64 C:\Program Files (x86)\VEX Robotics\VEXcode\sdk/vexv5\libv5rt.a(vex_brain.cpp.obj)
                0x0380cdac                vex::brain::lcd::printAt(long, long, bool, char const*, ...)
 .text._ZN3vex5brain3lcd12_clearScreenEm
                0x0380ce10       0x38 C:\Program Files (x86)\VEX Robotics\VEXcode\sdk/vexv5\libv5rt.a(vex_brain.cpp.obj)
                0x0380ce10                vex::brain::lcd::_clearScreen(unsigned long)
 .text._ZN3vex5brain3lcd11clearScreenERKNS_5colorE
                0x0380ce48       0x20 C:\Program Files (x86)\VEX Robotics\VEXcode\sdk/vexv5\libv5rt.a(vex_brain.cpp.obj)
                0x0380ce48                vex::brain::lcd::clearScreen(vex::color const&)
 .text._ZN3vex5brain3lcd13drawRectangleEiiii
                0x0380ce68       0xdc C:\Program Files (x86)\VEX Robotics\VEXcode\sdk/vexv5\libv5rt.a(vex_brain.cpp.obj)
                0x0380ce68                vex::brain::lcd::drawRectangle(int, int, int, int)
 .text._ZN3vex5brain3lcd14_drawRectangleEiiiim
                0x0380cf44       0x74 C:\Program Files (x86)\VEX Robotics\VEXcode\sdk/vexv5\libv5rt.a(vex_brain.cpp.obj)
                0x0380cf44                vex::brain::lcd::_drawRectangle(int, int, int, int, unsigned long)
 .text._ZN3vex5brain3lcd13drawRectangleEiiiiRKNS_5colorE
                0x0380cfb8       0x68 C:\Program Files (x86)\VEX Robotics\VEXcode\sdk/vexv5\libv5rt.a(vex_brain.cpp.obj)
                0x0380cfb8                vex::brain::lcd::drawRectangle(int, int, int, int, vex::color const&)
 .text._ZN3vex5brain3lcd10drawCircleEiii
                0x0380d020       0xa4 C:\Program Files (x86)\VEX Robotics\VEXcode\sdk/vexv5\libv5rt.a(vex_brain.cpp.obj)
                0x0380d020                vex::brain::lcd::drawCircle(int, int, int)
 .text._ZN3vex5brain3lcd11_drawCircleEiiim
                0x0380d0c4       0x60 C:\Program Files (x86)\VEX Robotics\VEXcode\sdk/vexv5\libv5rt.a(vex_brain.cpp.obj)
                0x0380d0c4                vex::brain::lcd::_drawCircle(int, int, int, unsigned long)
 .text._ZN3vex5brain3lcd10drawCircleEiiiRKNS_5colorE
                0x0380d124       0x60 C:\Program Files (x86)\VEX Robotics\VEXcode\sdk/vexv5\libv5rt.a(vex_brain.cpp.obj)
                0x0380d124                vex::brain::lcd::drawCircle(int, int, int, vex::color const&)
 .text._ZN3vex5brain3lcd9xPositionEv
                0x0380d184       0x24 C:\Program Files (x86)\VEX Robotics\VEXcode\sdk/vexv5\libv5rt.a(vex_brain.cpp.obj)
                0x0380d184                vex::brain::lcd::xPosition()
 .text._ZN3vex5brain3lcd9yPositionEv
                0x0380d1a8       0x24 C:\Program Files (x86)\VEX Robotics\VEXcode\sdk/vexv5\libv5rt.a(vex_brain.cpp.obj)
                0x0380d1a8                vex::brain::lcd::yPosition()
 .text._ZN3vex5brain3lcd8pressingEv
                0x0380d1cc       0x20 C:\Program Files (x86)\VEX Robotics\VEXcode\sdk/vexv5\libv5rt.a(vex_brain.cpp.obj)
                0x0380d1cc                vex::brain::lcd::pressing()
 .text._ZN3vex11competition8_disableEPv
                0x0380d1ec       0x9c C:\Program Files (x86)\VEX Robotics\VEXcode\sdk/vexv5\libv5rt.a(vex_competition.cpp.obj)
                0x0380d1ec                vex::competition::_disable(void*)
 .text._ZN3vex11competition11_autonomousEv
                0x0380d288       0x7c C:\Program Files (x86)\VEX Robotics\VEXcode\sdk/vexv5\libv5rt.a(vex_competition.cpp.obj)
                0x0380d288                vex::competition::_autonomous()
 .text._ZN3vex11competition14_drivercontrolEv
                0x0380d304       0x7c C:\Program Files (x86)\VEX Robotics\VEXcode\sdk/vexv5\libv5rt.a(vex_competition.cpp.obj)
                0x0380d304                vex::competition::_drivercontrol()
 .text._ZN3vex11competitionC2Ev
                0x0380d380      0x13c C:\Program Files (x86)\VEX Robotics\VEXcode\sdk/vexv5\libv5rt.a(vex_competition.cpp.obj)
                0x0380d380                vex::competition::competition()
                0x0380d380                vex::competition::competition()
 .text._ZN3vex11competitionD2Ev
                0x0380d4bc        0x4 C:\Program Files (x86)\VEX Robotics\VEXcode\sdk/vexv5\libv5rt.a(vex_competition.cpp.obj)
                0x0380d4bc                vex::competition::~competition()
                0x0380d4bc                vex::competition::~competition()
 .text._ZN3vex11competition10autonomousEPFvvE
                0x0380d4c0       0x44 C:\Program Files (x86)\VEX Robotics\VEXcode\sdk/vexv5\libv5rt.a(vex_competition.cpp.obj)
                0x0380d4c0                vex::competition::autonomous(void (*)())
 .text._ZN3vex11competition13drivercontrolEPFvvE
                0x0380d504       0x44 C:\Program Files (x86)\VEX Robotics\VEXcode\sdk/vexv5\libv5rt.a(vex_competition.cpp.obj)
                0x0380d504                vex::competition::drivercontrol(void (*)())
 .text._ZN3vex7triport9installedEv
                0x0380d548       0x18 C:\Program Files (x86)\VEX Robotics\VEXcode\sdk/vexv5\libv5rt.a(vex_triport.cpp.obj)
                0x0380d548                vex::triport::installed()
 .text._ZN3vex7triportD2Ev
                0x0380d560       0x38 C:\Program Files (x86)\VEX Robotics\VEXcode\sdk/vexv5\libv5rt.a(vex_triport.cpp.obj)
                0x0380d560                vex::triport::~triport()
                0x0380d560                vex::triport::~triport()
 .text._ZN3vex7triport4portC2ElPS0_
                0x0380d598       0x90 C:\Program Files (x86)\VEX Robotics\VEXcode\sdk/vexv5\libv5rt.a(vex_triport.cpp.obj)
                0x0380d598                vex::triport::port::port(long, vex::triport*)
                0x0380d598                vex::triport::port::port(long, vex::triport*)
 .text._ZN3vex7triportC2El
                0x0380d628       0xf0 C:\Program Files (x86)\VEX Robotics\VEXcode\sdk/vexv5\libv5rt.a(vex_triport.cpp.obj)
                0x0380d628                vex::triport::triport(long)
                0x0380d628                vex::triport::triport(long)
 .text._ZN3vex7triport4port4typeENS_11triportTypeE
                0x0380d718       0x34 C:\Program Files (x86)\VEX Robotics\VEXcode\sdk/vexv5\libv5rt.a(vex_triport.cpp.obj)
                0x0380d718                vex::triport::port::type(vex::triportType)
 .text._ZN3vex7triport4port4typeEv
                0x0380d74c       0x38 C:\Program Files (x86)\VEX Robotics\VEXcode\sdk/vexv5\libv5rt.a(vex_triport.cpp.obj)
                0x0380d74c                vex::triport::port::type()
 .text._ZN3vex7triport4port5valueEv
                0x0380d784       0x14 C:\Program Files (x86)\VEX Robotics\VEXcode\sdk/vexv5\libv5rt.a(vex_triport.cpp.obj)
                0x0380d784                vex::triport::port::value()
 .text._ZN3vex7triport4port5valueEl
                0x0380d798       0x18 C:\Program Files (x86)\VEX Robotics\VEXcode\sdk/vexv5\libv5rt.a(vex_triport.cpp.obj)
                0x0380d798                vex::triport::port::value(long)
 .text._ZN3vex7triport4port14_convertAnalogENS_11analogUnitsE
                0x0380d7b0       0x58 C:\Program Files (x86)\VEX Robotics\VEXcode\sdk/vexv5\libv5rt.a(vex_triport.cpp.obj)
                0x0380d7b0                vex::triport::port::_convertAnalog(vex::analogUnits)
 .text._ZN3vex11__trideviceC2ERNS_7triport4portENS_11triportTypeE
                0x0380d808       0x5c C:\Program Files (x86)\VEX Robotics\VEXcode\sdk/vexv5\libv5rt.a(vex_triport.cpp.obj)
                0x0380d808                vex::__tridevice::__tridevice(vex::triport::port&, vex::triportType)
                0x0380d808                vex::__tridevice::__tridevice(vex::triport::port&, vex::triportType)
 .text._ZN3vex11__tridevice14_convertAnalogENS_11analogUnitsE
                0x0380d864        0x8 C:\Program Files (x86)\VEX Robotics\VEXcode\sdk/vexv5\libv5rt.a(vex_triport.cpp.obj)
                0x0380d864                vex::__tridevice::_convertAnalog(vex::analogUnits)
 .text._ZN3vex10digital_inC2ERNS_7triport4portE
                0x0380d86c       0x28 C:\Program Files (x86)\VEX Robotics\VEXcode\sdk/vexv5\libv5rt.a(vex_triport.cpp.obj)
                0x0380d86c                vex::digital_in::digital_in(vex::triport::port&)
                0x0380d86c                vex::digital_in::digital_in(vex::triport::port&)
 .text._ZN3vex10digital_inD2Ev
                0x0380d894        0x4 C:\Program Files (x86)\VEX Robotics\VEXcode\sdk/vexv5\libv5rt.a(vex_triport.cpp.obj)
                0x0380d894                vex::digital_in::~digital_in()
                0x0380d894                vex::digital_in::~digital_in()
 .text._ZN3vex10digital_in5valueEv
                0x0380d898       0x18 C:\Program Files (x86)\VEX Robotics\VEXcode\sdk/vexv5\libv5rt.a(vex_triport.cpp.obj)
                0x0380d898                vex::digital_in::value()
 .text._ZN3vex11digital_outC2ERNS_7triport4portE
                0x0380d8b0       0x18 C:\Program Files (x86)\VEX Robotics\VEXcode\sdk/vexv5\libv5rt.a(vex_triport.cpp.obj)
                0x0380d8b0                vex::digital_out::digital_out(vex::triport::port&)
                0x0380d8b0                vex::digital_out::digital_out(vex::triport::port&)
 .text._ZN3vex11digital_outD2Ev
                0x0380d8c8        0x4 C:\Program Files (x86)\VEX Robotics\VEXcode\sdk/vexv5\libv5rt.a(vex_triport.cpp.obj)
                0x0380d8c8                vex::digital_out::~digital_out()
                0x0380d8c8                vex::digital_out::~digital_out()
 .text._ZN3vex11digital_out3setEb
                0x0380d8cc        0x8 C:\Program Files (x86)\VEX Robotics\VEXcode\sdk/vexv5\libv5rt.a(vex_triport.cpp.obj)
                0x0380d8cc                vex::digital_out::set(bool)
 .text._ZN3vex4lineC2ERNS_7triport4portE
                0x0380d8d4       0x20 C:\Program Files (x86)\VEX Robotics\VEXcode\sdk/vexv5\libv5rt.a(vex_triport.cpp.obj)
                0x0380d8d4                vex::line::line(vex::triport::port&)
                0x0380d8d4                vex::line::line(vex::triport::port&)
 .text._ZN3vex4lineD2Ev
                0x0380d8f4        0x4 C:\Program Files (x86)\VEX Robotics\VEXcode\sdk/vexv5\libv5rt.a(vex_triport.cpp.obj)
                0x0380d8f4                vex::line::~line()
                0x0380d8f4                vex::line::~line()
 .text._ZN3vex4line5valueENS_11analogUnitsE
                0x0380d8f8        0x4 C:\Program Files (x86)\VEX Robotics\VEXcode\sdk/vexv5\libv5rt.a(vex_triport.cpp.obj)
                0x0380d8f8                vex::line::value(vex::analogUnits)
 .text._ZN3vex4gyroC2ERNS_7triport4portE
                0x0380d8fc       0x20 C:\Program Files (x86)\VEX Robotics\VEXcode\sdk/vexv5\libv5rt.a(vex_triport.cpp.obj)
                0x0380d8fc                vex::gyro::gyro(vex::triport::port&)
                0x0380d8fc                vex::gyro::gyro(vex::triport::port&)
 .text._ZN3vex4gyroD2Ev
                0x0380d91c        0x4 C:\Program Files (x86)\VEX Robotics\VEXcode\sdk/vexv5\libv5rt.a(vex_triport.cpp.obj)
                0x0380d91c                vex::gyro::~gyro()
                0x0380d91c                vex::gyro::~gyro()
 .text._ZN3vex4gyro5valueENS_13rotationUnitsE
                0x0380d920       0x50 C:\Program Files (x86)\VEX Robotics\VEXcode\sdk/vexv5\libv5rt.a(vex_triport.cpp.obj)
                0x0380d920                vex::gyro::value(vex::rotationUnits)
 .text._ZN3vex4gyro16startCalibrationEl
                0x0380d970        0x8 C:\Program Files (x86)\VEX Robotics\VEXcode\sdk/vexv5\libv5rt.a(vex_triport.cpp.obj)
                0x0380d970                vex::gyro::startCalibration(long)
 .text.startup._GLOBAL__sub_I__ZN3vex7triportC2El
                0x0380d978       0x30 C:\Program Files (x86)\VEX Robotics\VEXcode\sdk/vexv5\libv5rt.a(vex_triport.cpp.obj)
 .text._ZN3vex5colorD2Ev
                0x0380d9a8        0x4 C:\Program Files (x86)\VEX Robotics\VEXcode\sdk/vexv5\libv5rt.a(vex_color.cpp.obj)
                0x0380d9a8                vex::color::~color()
                0x0380d9a8                vex::color::~color()
 .text._ZNK3vex5colorcvmEv
                0x0380d9ac        0x8 C:\Program Files (x86)\VEX Robotics\VEXcode\sdk/vexv5\libv5rt.a(vex_color.cpp.obj)
                0x0380d9ac                vex::color::operator unsigned long() const
 .text._ZNK3vex5color13isTransparentEv
                0x0380d9b4        0x8 C:\Program Files (x86)\VEX Robotics\VEXcode\sdk/vexv5\libv5rt.a(vex_color.cpp.obj)
                0x0380d9b4                vex::color::isTransparent() const
 .text.startup._GLOBAL__sub_I__ZN3vex5color5blackE
                0x0380d9bc      0x164 C:\Program Files (x86)\VEX Robotics\VEXcode\sdk/vexv5\libv5rt.a(vex_color.cpp.obj)
 .text._ZN3vex5timerD2Ev
                0x0380db20        0x4 C:\Program Files (x86)\VEX Robotics\VEXcode\sdk/vexv5\libv5rt.a(vex_timer.cpp.obj)
                0x0380db20                vex::timer::~timer()
                0x0380db20                vex::timer::~timer()
 .text._ZN3vex5timer5clearEv
                0x0380db24       0x1c C:\Program Files (x86)\VEX Robotics\VEXcode\sdk/vexv5\libv5rt.a(vex_timer.cpp.obj)
                0x0380db24                vex::timer::clear()
 .text._ZN3vex5timerC2Ev
                0x0380db40       0x14 C:\Program Files (x86)\VEX Robotics\VEXcode\sdk/vexv5\libv5rt.a(vex_timer.cpp.obj)
                0x0380db40                vex::timer::timer()
                0x0380db40                vex::timer::timer()
 *fill*         0x0380db54        0x4 
 .text._ZNK3vex5timer4timeENS_9timeUnitsE
                0x0380db58       0x40 C:\Program Files (x86)\VEX Robotics\VEXcode\sdk/vexv5\libv5rt.a(vex_timer.cpp.obj)
                0x0380db58                vex::timer::time(vex::timeUnits) const
 .text.vexAdiPortConfigSet
                0x0380db98       0x28 C:\Program Files (x86)\VEX Robotics\VEXcode\sdk/vexv5\libv5rt.a(v5_apiuser.c.obj)
                0x0380db98                vexAdiPortConfigSet
 .text.vexAdiPortConfigGet
                0x0380dbc0       0x28 C:\Program Files (x86)\VEX Robotics\VEXcode\sdk/vexv5\libv5rt.a(v5_apiuser.c.obj)
                0x0380dbc0                vexAdiPortConfigGet
 .text.vexAdiValueSet
                0x0380dbe8       0x28 C:\Program Files (x86)\VEX Robotics\VEXcode\sdk/vexv5\libv5rt.a(v5_apiuser.c.obj)
                0x0380dbe8                vexAdiValueSet
 .text.vexAdiValueGet
                0x0380dc10       0x20 C:\Program Files (x86)\VEX Robotics\VEXcode\sdk/vexv5\libv5rt.a(v5_apiuser.c.obj)
                0x0380dc10                vexAdiValueGet
 .text.vexMotorVelocitySet
                0x0380dc30       0x20 C:\Program Files (x86)\VEX Robotics\VEXcode\sdk/vexv5\libv5rt.a(v5_apiuser.c.obj)
                0x0380dc30                vexMotorVelocitySet
 .text.vexMotorActualVelocityGet
                0x0380dc50       0x24 C:\Program Files (x86)\VEX Robotics\VEXcode\sdk/vexv5\libv5rt.a(v5_apiuser.c.obj)
                0x0380dc50                vexMotorActualVelocityGet
 .text.vexMotorCurrentLimitSet
                0x0380dc74       0x20 C:\Program Files (x86)\VEX Robotics\VEXcode\sdk/vexv5\libv5rt.a(v5_apiuser.c.obj)
                0x0380dc74                vexMotorCurrentLimitSet
 .text.vexMotorZeroPositionFlagGet
                0x0380dc94       0x18 C:\Program Files (x86)\VEX Robotics\VEXcode\sdk/vexv5\libv5rt.a(v5_apiuser.c.obj)
                0x0380dc94                vexMotorZeroPositionFlagGet
 .text.vexMotorReverseFlagSet
                0x0380dcac       0x20 C:\Program Files (x86)\VEX Robotics\VEXcode\sdk/vexv5\libv5rt.a(v5_apiuser.c.obj)
                0x0380dcac                vexMotorReverseFlagSet
 .text.vexMotorEncoderUnitsSet
                0x0380dccc       0x20 C:\Program Files (x86)\VEX Robotics\VEXcode\sdk/vexv5\libv5rt.a(v5_apiuser.c.obj)
                0x0380dccc                vexMotorEncoderUnitsSet
 .text.vexMotorBrakeModeSet
                0x0380dcec       0x20 C:\Program Files (x86)\VEX Robotics\VEXcode\sdk/vexv5\libv5rt.a(v5_apiuser.c.obj)
                0x0380dcec                vexMotorBrakeModeSet
 .text.vexMotorPositionSet
                0x0380dd0c       0x28 C:\Program Files (x86)\VEX Robotics\VEXcode\sdk/vexv5\libv5rt.a(v5_apiuser.c.obj)
                0x0380dd0c                vexMotorPositionSet
 .text.vexMotorPositionGet
                0x0380dd34       0x24 C:\Program Files (x86)\VEX Robotics\VEXcode\sdk/vexv5\libv5rt.a(v5_apiuser.c.obj)
                0x0380dd34                vexMotorPositionGet
 .text.vexMotorAbsoluteTargetSet
                0x0380dd58       0x30 C:\Program Files (x86)\VEX Robotics\VEXcode\sdk/vexv5\libv5rt.a(v5_apiuser.c.obj)
                0x0380dd58                vexMotorAbsoluteTargetSet
 .text.vexMotorGearingSet
                0x0380dd88       0x20 C:\Program Files (x86)\VEX Robotics\VEXcode\sdk/vexv5\libv5rt.a(v5_apiuser.c.obj)
                0x0380dd88                vexMotorGearingSet
 .text.vexMotorGearingGet
                0x0380dda8       0x18 C:\Program Files (x86)\VEX Robotics\VEXcode\sdk/vexv5\libv5rt.a(v5_apiuser.c.obj)
                0x0380dda8                vexMotorGearingGet
 .text.vexVisionModeSet
                0x0380ddc0       0x20 C:\Program Files (x86)\VEX Robotics\VEXcode\sdk/vexv5\libv5rt.a(v5_apiuser.c.obj)
                0x0380ddc0                vexVisionModeSet
 .text.vexVisionObjectCountGet
                0x0380dde0       0x18 C:\Program Files (x86)\VEX Robotics\VEXcode\sdk/vexv5\libv5rt.a(v5_apiuser.c.obj)
                0x0380dde0                vexVisionObjectCountGet
 .text.vexVisionObjectGet
                0x0380ddf8       0x28 C:\Program Files (x86)\VEX Robotics\VEXcode\sdk/vexv5\libv5rt.a(v5_apiuser.c.obj)
                0x0380ddf8                vexVisionObjectGet
 .text.vexVisionSignatureSet
                0x0380de20       0x20 C:\Program Files (x86)\VEX Robotics\VEXcode\sdk/vexv5\libv5rt.a(v5_apiuser.c.obj)
                0x0380de20                vexVisionSignatureSet
 .text.vexVisionBrightnessSet
                0x0380de40       0x20 C:\Program Files (x86)\VEX Robotics\VEXcode\sdk/vexv5\libv5rt.a(v5_apiuser.c.obj)
                0x0380de40                vexVisionBrightnessSet
 .text.vexVisionLedModeSet
                0x0380de60       0x20 C:\Program Files (x86)\VEX Robotics\VEXcode\sdk/vexv5\libv5rt.a(v5_apiuser.c.obj)
                0x0380de60                vexVisionLedModeSet
 .text.vexVisionLedColorSet
                0x0380de80       0x2c C:\Program Files (x86)\VEX Robotics\VEXcode\sdk/vexv5\libv5rt.a(v5_apiuser.c.obj)
                0x0380de80                vexVisionLedColorSet
 .text.vexEventMaskSet
                0x0380deac       0x28 C:\Program Files (x86)\VEX Robotics\VEXcode\sdk/vexv5\libv5rt.a(v5_apiuser.c.obj)
                0x0380deac                vexEventMaskSet
 .text.vexEventMaskGet
                0x0380ded4       0x18 C:\Program Files (x86)\VEX Robotics\VEXcode\sdk/vexv5\libv5rt.a(v5_apiuser.c.obj)
                0x0380ded4                vexEventMaskGet
 .text._ZN3vex6device5valueEv
                0x0380deec        0x8 C:\Program Files (x86)\VEX Robotics\VEXcode\sdk/vexv5\libv5rt.a(vex_device.cpp.obj)
                0x0380deec                vex::device::value()
 .text._ZN3vex6deviceD2Ev
                0x0380def4        0x4 C:\Program Files (x86)\VEX Robotics\VEXcode\sdk/vexv5\libv5rt.a(vex_device.cpp.obj)
                0x0380def4                vex::device::~device()
                0x0380def4                vex::device::~device()
 .text._ZN3vex6device4initEl
                0x0380def8       0x30 C:\Program Files (x86)\VEX Robotics\VEXcode\sdk/vexv5\libv5rt.a(vex_device.cpp.obj)
                0x0380def8                vex::device::init(long)
 .text._ZN3vex6deviceC2El
                0x0380df28       0x20 C:\Program Files (x86)\VEX Robotics\VEXcode\sdk/vexv5\libv5rt.a(vex_device.cpp.obj)
                0x0380df28                vex::device::device(long)
                0x0380df28                vex::device::device(long)
 .text._ZN3vex6device4typeEv
                0x0380df48       0x10 C:\Program Files (x86)\VEX Robotics\VEXcode\sdk/vexv5\libv5rt.a(vex_device.cpp.obj)
                0x0380df48                vex::device::type()
 .text._ZN3vex6device9installedEv
                0x0380df58       0x14 C:\Program Files (x86)\VEX Robotics\VEXcode\sdk/vexv5\libv5rt.a(vex_device.cpp.obj)
                0x0380df58                vex::device::installed()
 .text.__aeabi_memcpy
                0x0380df6c        0x4 C:\Program Files (x86)\VEX Robotics\VEXcode\sdk/vexv5/gcc/libs\libc.a(lib_a-aeabi_memcpy.o)
                0x0380df6c                __aeabi_memcpy
                0x0380df6c                __aeabi_memcpy8
                0x0380df6c                __aeabi_memcpy4
 .text.__libc_fini_array
                0x0380df70       0x30 C:\Program Files (x86)\VEX Robotics\VEXcode\sdk/vexv5/gcc/libs\libc.a(lib_a-fini.o)
                0x0380df70                __libc_fini_array
 .text.__libc_init_array
                0x0380dfa0       0x58 C:\Program Files (x86)\VEX Robotics\VEXcode\sdk/vexv5/gcc/libs\libc.a(lib_a-init.o)
                0x0380dfa0                __libc_init_array
 .text.memcpy   0x0380dff8       0xa8 C:\Program Files (x86)\VEX Robotics\VEXcode\sdk/vexv5/gcc/libs\libc.a(lib_a-memcpy.o)
                0x0380dff8                memcpy
 .text.memcpy.__stub
                0x0380e0a0       0x10 linker stubs
 *(.gnu.linkonce.t.*)
 *(.plt)
 *(.gnu_warning)
 *(.gcc_except_table)
 *(.glue_7)
 .glue_7        0x00000000        0x0 linker stubs
 *(.glue_7t)
 .glue_7t       0x00000000        0x0 linker stubs
 *(.vfp11_veneer)
 .vfp11_veneer  0x00000000        0x0 linker stubs
 *(.ARM.extab)
 *(.gnu.linkonce.armextab.*)

.v4_bx          0x0380e0b0        0x0
 .v4_bx         0x00000000        0x0 linker stubs

.iplt           0x0380e0b0        0x0
 .iplt          0x00000000        0x0 build/src/main.o

.init
 *(.init)

.fini
 *(.fini)

.rodata         0x0380e0b0      0x1c4
                0x0380e0b0                __rodata_start = .
 *(.rodata)
 *(.rodata.*)
 .rodata.str1.1
                0x0380e0b0       0x9f build/src/main.o
                                 0xa9 (size before relaxing)
 .rodata.str1.1
                0x0380e14f       0x2e C:\Program Files (x86)\VEX Robotics\VEXcode\sdk/vexv5\libv5rt.a(v5_startup.c.obj)
 *fill*         0x0380e17d        0x3 
 .rodata._ZN3vex6PORT22E
                0x0380e180        0x4 C:\Program Files (x86)\VEX Robotics\VEXcode\sdk/vexv5\libv5rt.a(vex_global.cpp.obj)
                0x0380e180                vex::PORT22
 .rodata._ZN3vex5PORT2E
                0x0380e184        0x4 C:\Program Files (x86)\VEX Robotics\VEXcode\sdk/vexv5\libv5rt.a(vex_global.cpp.obj)
                0x0380e184                vex::PORT2
 .rodata._ZN3vex6PORT12E
                0x0380e188        0x4 C:\Program Files (x86)\VEX Robotics\VEXcode\sdk/vexv5\libv5rt.a(vex_global.cpp.obj)
                0x0380e188                vex::PORT12
 .rodata._ZN3vex6PORT15E
                0x0380e18c        0x4 C:\Program Files (x86)\VEX Robotics\VEXcode\sdk/vexv5\libv5rt.a(vex_global.cpp.obj)
                0x0380e18c                vex::PORT15
 .rodata._ZN3vex6PORT17E
                0x0380e190        0x4 C:\Program Files (x86)\VEX Robotics\VEXcode\sdk/vexv5\libv5rt.a(vex_global.cpp.obj)
                0x0380e190                vex::PORT17
 .rodata._ZN3vex6PORT13E
                0x0380e194        0x4 C:\Program Files (x86)\VEX Robotics\VEXcode\sdk/vexv5\libv5rt.a(vex_global.cpp.obj)
                0x0380e194                vex::PORT13
 .rodata._ZN3vex5PORT6E
                0x0380e198        0x4 C:\Program Files (x86)\VEX Robotics\VEXcode\sdk/vexv5\libv5rt.a(vex_global.cpp.obj)
                0x0380e198                vex::PORT6
 .rodata._ZN3vex5PORT7E
                0x0380e19c        0x4 C:\Program Files (x86)\VEX Robotics\VEXcode\sdk/vexv5\libv5rt.a(vex_global.cpp.obj)
                0x0380e19c                vex::PORT7
 .rodata._ZN3vex5PORT1E
                0x0380e1a0        0x4 C:\Program Files (x86)\VEX Robotics\VEXcode\sdk/vexv5\libv5rt.a(vex_global.cpp.obj)
                0x0380e1a0                vex::PORT1
 .rodata._ZN3vex6PORT19E
                0x0380e1a4        0x4 C:\Program Files (x86)\VEX Robotics\VEXcode\sdk/vexv5\libv5rt.a(vex_global.cpp.obj)
                0x0380e1a4                vex::PORT19
 .rodata._ZN3vex6PORT14E
                0x0380e1a8        0x4 C:\Program Files (x86)\VEX Robotics\VEXcode\sdk/vexv5\libv5rt.a(vex_global.cpp.obj)
                0x0380e1a8                vex::PORT14
 .rodata._ZN3vex6PORT16E
                0x0380e1ac        0x4 C:\Program Files (x86)\VEX Robotics\VEXcode\sdk/vexv5\libv5rt.a(vex_global.cpp.obj)
                0x0380e1ac                vex::PORT16
 .rodata._ZN3vex6PORT18E
                0x0380e1b0        0x4 C:\Program Files (x86)\VEX Robotics\VEXcode\sdk/vexv5\libv5rt.a(vex_global.cpp.obj)
                0x0380e1b0                vex::PORT18
 .rodata._ZN3vex6PORT20E
                0x0380e1b4        0x4 C:\Program Files (x86)\VEX Robotics\VEXcode\sdk/vexv5\libv5rt.a(vex_global.cpp.obj)
                0x0380e1b4                vex::PORT20
 .rodata._ZTVN3vex5motorE
                0x0380e1b8       0x10 C:\Program Files (x86)\VEX Robotics\VEXcode\sdk/vexv5\libv5rt.a(vex_motor.cpp.obj)
                0x0380e1b8                vtable for vex::motor
 .rodata._ZTVN3vex6visionE
                0x0380e1c8       0x10 C:\Program Files (x86)\VEX Robotics\VEXcode\sdk/vexv5\libv5rt.a(vex_vision.cpp.obj)
                0x0380e1c8                vtable for vex::vision
 .rodata.str1.1
                0x0380e1d8       0x15 C:\Program Files (x86)\VEX Robotics\VEXcode\sdk/vexv5\libv5rt.a(vex_controller.cpp.obj)
                                 0x16 (size before relaxing)
 .rodata.CSWTCH.15
                0x0380e1ed        0xb C:\Program Files (x86)\VEX Robotics\VEXcode\sdk/vexv5\libv5rt.a(vex_controller.cpp.obj)
 .rodata.CSWTCH.17
                0x0380e1f8        0xb C:\Program Files (x86)\VEX Robotics\VEXcode\sdk/vexv5\libv5rt.a(vex_controller.cpp.obj)
 .rodata.CSWTCH.23
                0x0380e203        0x3 C:\Program Files (x86)\VEX Robotics\VEXcode\sdk/vexv5\libv5rt.a(vex_controller.cpp.obj)
 .rodata.str1.1
                0x0380e206        0xa C:\Program Files (x86)\VEX Robotics\VEXcode\sdk/vexv5\libv5rt.a(vex_task.cpp.obj)
 .rodata.str1.1
                0x0380e210       0x1a C:\Program Files (x86)\VEX Robotics\VEXcode\sdk/vexv5\libv5rt.a(vex_brain.cpp.obj)
 *fill*         0x0380e22a        0x6 
 .rodata._ZTVN3vex7triportE
                0x0380e230       0x10 C:\Program Files (x86)\VEX Robotics\VEXcode\sdk/vexv5\libv5rt.a(vex_triport.cpp.obj)
                0x0380e230                vtable for vex::triport
 .rodata.CSWTCH.30
                0x0380e240       0x10 C:\Program Files (x86)\VEX Robotics\VEXcode\sdk/vexv5\libv5rt.a(vex_triport.cpp.obj)
 .rodata.CSWTCH.25
                0x0380e250        0xe C:\Program Files (x86)\VEX Robotics\VEXcode\sdk/vexv5\libv5rt.a(vex_triport.cpp.obj)
 *fill*         0x0380e25e        0x2 
 .rodata._ZTVN3vex6deviceE
                0x0380e260       0x10 C:\Program Files (x86)\VEX Robotics\VEXcode\sdk/vexv5\libv5rt.a(vex_device.cpp.obj)
                0x0380e260                vtable for vex::device
 .rodata.str1.4
                0x0380e270        0x4 C:\Program Files (x86)\VEX Robotics\VEXcode\sdk/vexv5/gcc/libs\libc.a(lib_a-impure.o)
                                  0x2 (size before relaxing)
 *(.gnu.linkonce.r.*)
                0x0380e274                __rodata_end = .

.rodata1        0x0380e274        0x0
                0x0380e274                __rodata1_start = .
 *(.rodata1)
 *(.rodata1.*)
                0x0380e274                __rodata1_end = .

.sdata2         0x0380e274        0x0
                0x0380e274                __sdata2_start = .
 *(.sdata2)
 *(.sdata2.*)
 *(.gnu.linkonce.s2.*)
                0x0380e274                __sdata2_end = .

.sbss2          0x0380e274        0x0
                0x0380e274                __sbss2_start = .
 *(.sbss2)
 *(.sbss2.*)
 *(.gnu.linkonce.sb2.*)
                0x0380e274                __sbss2_end = .

.data           0x0380e278      0x45c
                0x0380e278                __data_start = .
 *(.data)
 *(.data.*)
 .data.fly      0x0380e278        0x1 build/src/main.o
                0x0380e278                fly
 .data.roll     0x0380e279        0x1 build/src/main.o
                0x0380e279                roll
 .data.hood     0x0380e27a        0x1 build/src/main.o
                0x0380e27a                hood
 .data.ballfeed
                0x0380e27b        0x1 build/src/main.o
                0x0380e27b                ballfeed
 .data.lift     0x0380e27c        0x1 build/src/main.o
                0x0380e27c                lift
 .data.SnapToFlag
                0x0380e27d        0x1 build/src/main.o
                0x0380e27d                SnapToFlag
 .data.Color    0x0380e27e        0x1 build/src/main.o
                0x0380e27e                Color
 *fill*         0x0380e27f        0x1 
 .data._ZN1GL11FinalObjectE
                0x0380e280        0x4 build/src/main.o
 .data._ZN1GL8rpmErrorE
                0x0380e284        0x4 build/src/main.o
 .data._ZN1GL7TurnDirE
                0x0380e288        0x4 build/src/main.o
 .data.PID_MOTOR_SCALE
                0x0380e28c        0x4 build/src/main.o
                0x0380e28c                PID_MOTOR_SCALE
 .data.PID_MOTOR_MAX
                0x0380e290        0x4 build/src/main.o
                0x0380e290                PID_MOTOR_MAX
 .data.PID_MOTOR_MIN
                0x0380e294        0x4 build/src/main.o
                0x0380e294                PID_MOTOR_MIN
 .data.PID_INTEGRAL_LIMIT
                0x0380e298        0x4 build/src/main.o
                0x0380e298                PID_INTEGRAL_LIMIT
 .data.appRunning
                0x0380e29c        0x4 C:\Program Files (x86)\VEX Robotics\VEXcode\sdk/vexv5\libv5rt.a(v5_startup.c.obj)
                0x0380e29c                appRunning
 .data.__yoff   0x0380e2a0        0x4 C:\Program Files (x86)\VEX Robotics\VEXcode\sdk/vexv5\libv5rt.a(v5_apijump.c.obj)
 *fill*         0x0380e2a4        0x4 
 .data.impure_data
                0x0380e2a8      0x428 C:\Program Files (x86)\VEX Robotics\VEXcode\sdk/vexv5/gcc/libs\libc.a(lib_a-impure.o)
 .data._impure_ptr
                0x0380e6d0        0x4 C:\Program Files (x86)\VEX Robotics\VEXcode\sdk/vexv5/gcc/libs\libc.a(lib_a-impure.o)
                0x0380e6d0                _impure_ptr
 *(.gnu.linkonce.d.*)
 *(.jcr)
 *(.got)
 *(.got.plt)
                0x0380e6d4                __data_end = .

.igot.plt       0x0380e6d4        0x0
 .igot.plt      0x00000000        0x0 build/src/main.o

.data1          0x0380e6d4        0x0
                0x0380e6d4                __data1_start = .
 *(.data1)
 *(.data1.*)
                0x0380e6d4                __data1_end = .

.got
 *(.got)

.ctors          0x0380e6d4        0x0
                0x0380e6d4                __CTOR_LIST__ = .
                0x0380e6d4                ___CTORS_LIST___ = .
 *crtbegin.o(.ctors)
 *(EXCLUDE_FILE(*crtend.o) .ctors)
 *(SORT(.ctors.*))
 *(.ctors)
                0x0380e6d4                __CTOR_END__ = .
                0x0380e6d4                ___CTORS_END___ = .

.dtors          0x0380e6d4        0x0
                0x0380e6d4                __DTOR_LIST__ = .
                0x0380e6d4                ___DTORS_LIST___ = .
 *crtbegin.o(.dtors)
 *(EXCLUDE_FILE(*crtend.o) .dtors)
 *(SORT(.dtors.*))
 *(.dtors)
                0x0380e6d4                __DTOR_END__ = .
                0x0380e6d4                ___DTORS_END___ = .

.fixup          0x0380e6d4        0x0
                0x0380e6d4                __fixup_start = .
 *(.fixup)
                0x0380e6d4                __fixup_end = .

.eh_frame
 *(.eh_frame)

.eh_framehdr    0x0380e6d4        0x0
                0x0380e6d4                __eh_framehdr_start = .
 *(.eh_framehdr)
                0x0380e6d4                __eh_framehdr_end = .

.gcc_except_table
 *(.gcc_except_table)

.mmu_tbl        0x03810000        0x0
                0x03810000                __mmu_tbl_start = .
 *(.mmu_tbl)
                0x03810000                __mmu_tbl_end = .

.ARM.exidx      0x0380e6d4        0x8
                0x0380e6d4                __exidx_start = .
 *(.ARM.exidx*)
 .ARM.exidx.text._ZN3vex6visionC2IJNS0_9signatureES2_S2_S2_S2_S2_S2_EEElhDpT_
                0x0380e6d4        0x8 build/src/main.o
 .ARM.exidx.text._Z12ENDAUTOTIMERv
                0x0380e6dc        0x0 build/src/main.o
                                  0x8 (size before relaxing)
 .ARM.exidx.text._Z9GyroTrackv
                0x0380e6dc        0x0 build/src/main.o
                                  0x8 (size before relaxing)
 .ARM.exidx.text._Z3runN3vex5motorEd
                0x0380e6dc        0x0 build/src/main.o
                                  0x8 (size before relaxing)
 .ARM.exidx.text._Z11PrintScreenv
                0x0380e6dc        0x0 build/src/main.o
                                  0x8 (size before relaxing)
 .ARM.exidx.text._Z7RPMCalcv
                0x0380e6dc        0x0 build/src/main.o
                                  0x8 (size before relaxing)
 .ARM.exidx.text._Z9ShootBallv
                0x0380e6dc        0x0 build/src/main.o
                                  0x8 (size before relaxing)
 .ARM.exidx.text._Z10TurnToFlagv
                0x0380e6dc        0x0 build/src/main.o
                                  0x8 (size before relaxing)
 .ARM.exidx.text._Z6TIMER2v
                0x0380e6dc        0x0 build/src/main.o
                                  0x8 (size before relaxing)
 .ARM.exidx.text._Z9StopDriveN3vex9brakeTypeE
                0x0380e6dc        0x0 build/src/main.o
                                  0x8 (size before relaxing)
 .ARM.exidx.text._Z10rightDrivei
                0x0380e6dc        0x0 build/src/main.o
                                  0x8 (size before relaxing)
 .ARM.exidx.text._Z9leftDrivei
                0x0380e6dc        0x0 build/src/main.o
                                  0x8 (size before relaxing)
 .ARM.exidx.text._Z6Driverv
                0x0380e6dc        0x0 build/src/main.o
                                  0x8 (size before relaxing)
 .ARM.exidx.text._Z7pidTurnffffi
                0x0380e6dc        0x0 build/src/main.o
                                  0x8 (size before relaxing)
 .ARM.exidx.text._Z4MoveffbN3vex9brakeTypeE
                0x0380e6dc        0x0 build/src/main.o
                                  0x8 (size before relaxing)
 .ARM.exidx.text._Z6ToWalld
                0x0380e6dc        0x0 build/src/main.o
                                  0x8 (size before relaxing)
 .ARM.exidx.text._Z14SetDriveTorqued
                0x0380e6dc        0x0 build/src/main.o
                                  0x8 (size before relaxing)
 .ARM.exidx.text._Z4TiledibN3vex9brakeTypeE
                0x0380e6dc        0x0 build/src/main.o
                                  0x8 (size before relaxing)
 .ARM.exidx.text._Z9pre_autonv
                0x0380e6dc        0x0 build/src/main.o
                                  0x8 (size before relaxing)
 .ARM.exidx.text._Z5autonv
                0x0380e6dc        0x0 build/src/main.o
                                  0x8 (size before relaxing)
 .ARM.exidx.text._Z11usercontrolv
                0x0380e6dc        0x0 build/src/main.o
                                  0x8 (size before relaxing)
 .ARM.exidx.text.main
                0x0380e6dc        0x0 build/src/main.o
                                  0x8 (size before relaxing)
 .ARM.exidx.text._ZN3vex6vision7_setsigINS0_9signatureEJS2_S2_S2_S2_S2_S2_EEEvRT_DpT0_
                0x0380e6dc        0x0 build/src/main.o
                                  0x8 (size before relaxing)
 .ARM.exidx.text._ZN3vex6vision7_setsigINS0_9signatureEJS2_S2_S2_S2_S2_EEEvRT_DpT0_
                0x0380e6dc        0x0 build/src/main.o
                                  0x8 (size before relaxing)
 .ARM.exidx.text._ZN3vex6vision7_setsigINS0_9signatureEJS2_S2_S2_S2_EEEvRT_DpT0_
                0x0380e6dc        0x0 build/src/main.o
                                  0x8 (size before relaxing)
 .ARM.exidx.text._ZN3vex6vision7_setsigINS0_9signatureEJS2_S2_S2_EEEvRT_DpT0_
                0x0380e6dc        0x0 build/src/main.o
                                  0x8 (size before relaxing)
 .ARM.exidx.text._ZN3vex6vision7_setsigINS0_9signatureEJS2_S2_EEEvRT_DpT0_
                0x0380e6dc        0x0 build/src/main.o
                                  0x8 (size before relaxing)
 .ARM.exidx.text._GLOBAL__sub_I_main.cpp
                0x0380e6dc        0x0 build/src/main.o
                                  0x8 (size before relaxing)
 *(.gnu.linkonce.armexidix.*.*)
                0x0380e6dc                __exidx_end = .

.rel.dyn        0x0380e6dc        0x0
 .rel.iplt      0x00000000        0x0 build/src/main.o

.preinit_array  0x0380e6dc        0x0
                0x0380e6dc                __preinit_array_start = .
 *(SORT(.preinit_array.*))
 *(.preinit_array)
                0x0380e6dc                __preinit_array_end = .

.init_array     0x0380e6dc       0x10
                0x0380e6dc                __init_array_start = .
 *(SORT(.init_array.*))
 *(.init_array)
 .init_array    0x0380e6dc        0x4 build/src/main.o
 .init_array    0x0380e6e0        0x4 C:\Program Files (x86)\VEX Robotics\VEXcode\sdk/vexv5\libv5rt.a(vex_motor.cpp.obj)
 .init_array    0x0380e6e4        0x4 C:\Program Files (x86)\VEX Robotics\VEXcode\sdk/vexv5\libv5rt.a(vex_triport.cpp.obj)
 .init_array    0x0380e6e8        0x4 C:\Program Files (x86)\VEX Robotics\VEXcode\sdk/vexv5\libv5rt.a(vex_color.cpp.obj)
                0x0380e6ec                __init_array_end = .

.fini_array     0x0380e6ec        0x0
                0x0380e6ec                __fini_array_start = .
 *(SORT(.fini_array.*))
 *(.fini_array)
                0x0380e6ec                __fini_array_end = .

.ARM.attributes
                0x0380e6ec       0x3c
                0x0380e6ec                __ARM.attributes_start = .
 *(.ARM.attributes)
 .ARM.attributes
                0x0380e6ec       0x3a build/src/main.o
 .ARM.attributes
                0x0380e726       0x35 C:\Program Files (x86)\VEX Robotics\VEXcode\sdk/vexv5\libv5rt.a(v5_startup.c.obj)
 .ARM.attributes
                0x0380e75b       0x35 C:\Program Files (x86)\VEX Robotics\VEXcode\sdk/vexv5\libv5rt.a(v5_util.c.obj)
 .ARM.attributes
                0x0380e790       0x35 C:\Program Files (x86)\VEX Robotics\VEXcode\sdk/vexv5\libv5rt.a(v5_apijump.c.obj)
 .ARM.attributes
                0x0380e7c5       0x35 C:\Program Files (x86)\VEX Robotics\VEXcode\sdk/vexv5\libv5rt.a(v5_apiversions.c.obj)
 .ARM.attributes
                0x0380e7fa       0x35 C:\Program Files (x86)\VEX Robotics\VEXcode\sdk/vexv5\libv5rt.a(vex_global.cpp.obj)
 .ARM.attributes
                0x0380e82f       0x35 C:\Program Files (x86)\VEX Robotics\VEXcode\sdk/vexv5\libv5rt.a(vex_motor.cpp.obj)
 .ARM.attributes
                0x0380e864       0x35 C:\Program Files (x86)\VEX Robotics\VEXcode\sdk/vexv5\libv5rt.a(vex_vision.cpp.obj)
 .ARM.attributes
                0x0380e899       0x35 C:\Program Files (x86)\VEX Robotics\VEXcode\sdk/vexv5\libv5rt.a(vex_controller.cpp.obj)
 .ARM.attributes
                0x0380e8ce       0x35 C:\Program Files (x86)\VEX Robotics\VEXcode\sdk/vexv5\libv5rt.a(vex_task.cpp.obj)
 .ARM.attributes
                0x0380e903       0x35 C:\Program Files (x86)\VEX Robotics\VEXcode\sdk/vexv5\libv5rt.a(vex_event.cpp.obj)
 .ARM.attributes
                0x0380e938       0x35 C:\Program Files (x86)\VEX Robotics\VEXcode\sdk/vexv5\libv5rt.a(vex_mevent.cpp.obj)
 .ARM.attributes
                0x0380e96d       0x35 C:\Program Files (x86)\VEX Robotics\VEXcode\sdk/vexv5\libv5rt.a(vex_brain.cpp.obj)
 .ARM.attributes
                0x0380e9a2       0x35 C:\Program Files (x86)\VEX Robotics\VEXcode\sdk/vexv5\libv5rt.a(vex_competition.cpp.obj)
 .ARM.attributes
                0x0380e9d7       0x35 C:\Program Files (x86)\VEX Robotics\VEXcode\sdk/vexv5\libv5rt.a(vex_triport.cpp.obj)
 .ARM.attributes
                0x0380ea0c       0x35 C:\Program Files (x86)\VEX Robotics\VEXcode\sdk/vexv5\libv5rt.a(vex_color.cpp.obj)
 .ARM.attributes
                0x0380ea41       0x35 C:\Program Files (x86)\VEX Robotics\VEXcode\sdk/vexv5\libv5rt.a(vex_timer.cpp.obj)
 .ARM.attributes
                0x0380ea76       0x35 C:\Program Files (x86)\VEX Robotics\VEXcode\sdk/vexv5\libv5rt.a(v5_apiuser.c.obj)
 .ARM.attributes
                0x0380eaab       0x35 C:\Program Files (x86)\VEX Robotics\VEXcode\sdk/vexv5\libv5rt.a(vex_device.cpp.obj)
 .ARM.attributes
                0x0380eae0       0x2b C:\Program Files (x86)\VEX Robotics\VEXcode\sdk/vexv5/gcc/libs\libc.a(lib_a-aeabi_memcpy.o)
 .ARM.attributes
                0x0380eb0b       0x2b C:\Program Files (x86)\VEX Robotics\VEXcode\sdk/vexv5/gcc/libs\libc.a(lib_a-fini.o)
 .ARM.attributes
                0x0380eb36       0x2b C:\Program Files (x86)\VEX Robotics\VEXcode\sdk/vexv5/gcc/libs\libc.a(lib_a-impure.o)
 .ARM.attributes
                0x0380eb61       0x2b C:\Program Files (x86)\VEX Robotics\VEXcode\sdk/vexv5/gcc/libs\libc.a(lib_a-init.o)
 .ARM.attributes
                0x0380eb8c       0x2b C:\Program Files (x86)\VEX Robotics\VEXcode\sdk/vexv5/gcc/libs\libc.a(lib_a-memcpy.o)
                0x0380ebb7                __ARM.attributes_end = .

.sdata          0x0380e6ec        0x0
                0x0380e6ec                __sdata_start = .
 *(.sdata)
 *(.sdata.*)
 *(.gnu.linkonce.s.*)
                0x0380e6ec                __sdata_end = .

.sbss           0x0380e6ec        0x0
                0x0380e6ec                __sbss_start = .
 *(.sbss)
 *(.sbss.*)
 *(.gnu.linkonce.sb.*)
                0x0380e6ec                __sbss_end = .

.tdata          0x0380e6ec        0x0
                0x0380e6ec                __tdata_start = .
 *(.tdata)
 *(.tdata.*)
 *(.gnu.linkonce.td.*)
                0x0380e6ec                __tdata_end = .

.tbss           0x0380e6ec        0x0
                0x0380e6ec                __tbss_start = .
 *(.tbss)
 *(.tbss.*)
 *(.gnu.linkonce.tb.*)
                0x0380e6ec                __tbss_end = .

.bss            0x0380e6f0     0x1414
                0x0380e6f0                __bss_start = .
 *(.bss)
 *(.bss.*)
 .bss.Shoot     0x0380e6f0        0x1 build/src/main.o
                0x0380e6f0                Shoot
 .bss.PLATFORM  0x0380e6f1        0x1 build/src/main.o
                0x0380e6f1                PLATFORM
 *fill*         0x0380e6f2        0x6 
 .bss._ZN1G11GreenMarkerE
                0x0380e6f8      0x108 build/src/main.o
                0x0380e6f8                G::GreenMarker
 .bss._ZN1G7flyprevE
                0x0380e800        0x1 build/src/main.o
                0x0380e800                G::flyprev
 .bss._ZN1G8rollprevE
                0x0380e801        0x1 build/src/main.o
                0x0380e801                G::rollprev
 .bss._ZN1G8liftprevE
                0x0380e802        0x1 build/src/main.o
                0x0380e802                G::liftprev
 *fill*         0x0380e803        0x1 
 .bss._ZN1G10MATCHTIMERE
                0x0380e804        0x4 build/src/main.o
                0x0380e804                G::MATCHTIMER
 .bss._ZN1G9frontballE
                0x0380e808        0x4 build/src/main.o
                0x0380e808                G::frontball
 .bss._ZN1G10ManualHoodE
                0x0380e80c        0x4 build/src/main.o
                0x0380e80c                G::ManualHood
 .bss._ZN1G9HIGHCountE
                0x0380e810        0x4 build/src/main.o
                0x0380e810                G::HIGHCount
 .bss._ZN1G8MIDCountE
                0x0380e814        0x4 build/src/main.o
                0x0380e814                G::MIDCount
 .bss._ZN1G8preautoLE
                0x0380e818        0x1 build/src/main.o
                0x0380e818                G::preautoL
 *fill*         0x0380e819        0x3 
 .bss.Brain     0x0380e81c      0x2e0 build/src/main.o
                0x0380e81c                Brain
 .bss.Controller
                0x0380eafc      0x1e0 build/src/main.o
                0x0380eafc                Controller
 .bss.Partner   0x0380ecdc      0x1e0 build/src/main.o
                0x0380ecdc                Partner
 .bss.RLine     0x0380eebc       0x1c build/src/main.o
                0x0380eebc                RLine
 .bss.Lift      0x0380eed8       0x18 build/src/main.o
                0x0380eed8                Lift
 .bss.IR        0x0380eef0       0x20 build/src/main.o
                0x0380eef0                IR
 .bss.BallBottom
                0x0380ef10       0x1c build/src/main.o
                0x0380ef10                BallBottom
 .bss.BallTop   0x0380ef2c       0x1c build/src/main.o
                0x0380ef2c                BallTop
 .bss.LLine     0x0380ef48       0x1c build/src/main.o
                0x0380ef48                LLine
 .bss.Gyro      0x0380ef64       0x1c build/src/main.o
                0x0380ef64                Gyro
 .bss.Intake    0x0380ef80       0x18 build/src/main.o
                0x0380ef80                Intake
 .bss.Hood      0x0380ef98       0x28 build/src/main.o
                0x0380ef98                Hood
 .bss.FlyL      0x0380efc0       0x28 build/src/main.o
                0x0380efc0                FlyL
 .bss.FlyR      0x0380efe8       0x28 build/src/main.o
                0x0380efe8                FlyR
 .bss.Turret    0x0380f010       0x28 build/src/main.o
                0x0380f010                Turret
 .bss.BallFeed  0x0380f038       0x28 build/src/main.o
                0x0380f038                BallFeed
 .bss.LF        0x0380f060       0x28 build/src/main.o
                0x0380f060                LF
 .bss.LB        0x0380f088       0x28 build/src/main.o
                0x0380f088                LB
 .bss.LM        0x0380f0b0       0x28 build/src/main.o
                0x0380f0b0                LM
 .bss.RB        0x0380f0d8       0x28 build/src/main.o
                0x0380f0d8                RB
 .bss.RM        0x0380f100       0x28 build/src/main.o
                0x0380f100                RM
 .bss.RF        0x0380f128       0x28 build/src/main.o
                0x0380f128                RF
 .bss.Roll      0x0380f150       0x28 build/src/main.o
                0x0380f150                Roll
 .bss.REDCOLOR  0x0380f178       0x50 build/src/main.o
                0x0380f178                REDCOLOR
 .bss.BLUECOLOR
                0x0380f1c8       0x50 build/src/main.o
                0x0380f1c8                BLUECOLOR
 .bss.GREENFLAG
                0x0380f218       0x50 build/src/main.o
                0x0380f218                GREENFLAG
 .bss.SIG_4     0x0380f268       0x50 build/src/main.o
                0x0380f268                SIG_4
 .bss.SIG_5     0x0380f2b8       0x50 build/src/main.o
                0x0380f2b8                SIG_5
 .bss.SIG_6     0x0380f308       0x50 build/src/main.o
                0x0380f308                SIG_6
 .bss.SIG_7     0x0380f358       0x50 build/src/main.o
                0x0380f358                SIG_7
 .bss.Vision    0x0380f3a8      0x690 build/src/main.o
                0x0380f3a8                Vision
 .bss.Competition
                0x0380fa38       0x28 build/src/main.o
                0x0380fa38                Competition
 .bss._ZN1GL10GlobalGyroE
                0x0380fa60        0x4 build/src/main.o
 .bss._ZN1GL5ballsE
                0x0380fa64        0x4 build/src/main.o
 .bss._ZN1GL7FlagSumE
                0x0380fa68        0x4 build/src/main.o
 .bss._ZN1GL2T3E
                0x0380fa6c        0x4 build/src/main.o
 .bss._ZN1GL8avgSpeedE
                0x0380fa70        0x4 build/src/main.o
 .bss._ZN1GL8avgErrorE
                0x0380fa74        0x4 build/src/main.o
 .bss._ZN1GL9selectionE
                0x0380fa78        0x4 build/src/main.o
 .bss.__dso_handle
                0x0380fa7c        0x4 C:\Program Files (x86)\VEX Robotics\VEXcode\sdk/vexv5\libv5rt.a(v5_startup.c.obj)
                0x0380fa7c                __dso_handle
 .bss.lastTime.8075
                0x0380fa80        0x4 C:\Program Files (x86)\VEX Robotics\VEXcode\sdk/vexv5\libv5rt.a(v5_apijump.c.obj)
 .bss._ZStL8__ioinit
                0x0380fa84        0x1 C:\Program Files (x86)\VEX Robotics\VEXcode\sdk/vexv5\libv5rt.a(vex_motor.cpp.obj)
 *fill*         0x0380fa85        0x3 
 .bss._ZN3vex4task8_labelIdE
                0x0380fa88        0x4 C:\Program Files (x86)\VEX Robotics\VEXcode\sdk/vexv5\libv5rt.a(vex_task.cpp.obj)
                0x0380fa88                vex::task::_labelId
 .bss._ZN3vex11competition22bStopTasksBetweenModesE
                0x0380fa8c        0x1 C:\Program Files (x86)\VEX Robotics\VEXcode\sdk/vexv5\libv5rt.a(vex_competition.cpp.obj)
                0x0380fa8c                vex::competition::bStopTasksBetweenModes
 .bss._ZN3vex11competition25bStopAllTasksBetweenModesE
                0x0380fa8d        0x1 C:\Program Files (x86)\VEX Robotics\VEXcode\sdk/vexv5\libv5rt.a(vex_competition.cpp.obj)
                0x0380fa8d                vex::competition::bStopAllTasksBetweenModes
 .bss._ZN3vex11competition14_auton_pendingE
                0x0380fa8e        0x1 C:\Program Files (x86)\VEX Robotics\VEXcode\sdk/vexv5\libv5rt.a(vex_competition.cpp.obj)
                0x0380fa8e                vex::competition::_auton_pending
 *fill*         0x0380fa8f        0x1 
 .bss._ZN3vex11competition20_autonomous_callbackE
                0x0380fa90        0x4 C:\Program Files (x86)\VEX Robotics\VEXcode\sdk/vexv5\libv5rt.a(vex_competition.cpp.obj)
                0x0380fa90                vex::competition::_autonomous_callback
 .bss._ZN3vex11competition23_drivercontrol_callbackE
                0x0380fa94        0x4 C:\Program Files (x86)\VEX Robotics\VEXcode\sdk/vexv5\libv5rt.a(vex_competition.cpp.obj)
                0x0380fa94                vex::competition::_drivercontrol_callback
 .bss._ZN3vex11competition15_driver_pendingE